--------- beginning of crash
01-06 17:25:18.602   837   837 F libc    : failed to wait for crash_dump helper: No child processes
01-06 17:25:18.704   838   838 F libc    : failed to wait for crash_dump helper: No child processes
01-06 17:25:20.299   668   668 F libc    : crash_dump helper failed to exec, or was killed
01-06 17:25:21.641   620   620 F libc    : crash_dump helper failed to exec, or was killed
01-06 17:43:21.835   837   837 F libc    : failed to wait for crash_dump helper: No child processes
01-06 17:43:21.928   838   838 F libc    : failed to wait for crash_dump helper: No child processes
01-06 17:43:23.157   668   668 F libc    : crash_dump helper failed to exec, or was killed
01-06 17:43:23.846   620   620 F libc    : crash_dump helper failed to exec, or was killed
01-06 17:44:21.105   837   837 F libc    : failed to wait for crash_dump helper: No child processes
01-06 17:44:21.219   838   838 F libc    : failed to wait for crash_dump helper: No child processes
01-06 17:44:22.464   668   668 F libc    : crash_dump helper failed to exec, or was killed
01-06 17:44:23.298   620   620 F libc    : crash_dump helper failed to exec, or was killed
01-06 17:46:38.661   837   837 F libc    : failed to wait for crash_dump helper: No child processes
01-06 17:46:38.780   838   838 F libc    : failed to wait for crash_dump helper: No child processes
01-06 17:46:40.092   668   668 F libc    : crash_dump helper failed to exec, or was killed
01-06 17:46:41.188   620   620 F libc    : crash_dump helper failed to exec, or was killed
01-06 17:47:23.383   837   837 F libc    : failed to wait for crash_dump helper: No child processes
01-06 17:47:23.495   838   838 F libc    : failed to wait for crash_dump helper: No child processes
01-06 17:47:24.784   668   668 F libc    : crash_dump helper failed to exec, or was killed
01-06 17:47:25.775   620   620 F libc    : crash_dump helper failed to exec, or was killed
01-06 17:53:05.749   837   837 F libc    : failed to wait for crash_dump helper: No child processes
01-06 17:53:05.853   838   838 F libc    : failed to wait for crash_dump helper: No child processes
01-06 17:53:07.155   668   668 F libc    : crash_dump helper failed to exec, or was killed
01-06 17:53:08.070   620   620 F libc    : crash_dump helper failed to exec, or was killed
01-06 18:47:09.874   837   837 F libc    : failed to wait for crash_dump helper: No child processes
01-06 18:47:09.934   838   838 F libc    : failed to wait for crash_dump helper: No child processes
01-06 18:47:10.962   668   668 F libc    : crash_dump helper failed to exec, or was killed
01-06 18:47:11.768   620   620 F libc    : crash_dump helper failed to exec, or was killed
01-06 18:51:41.915   837   837 F libc    : failed to wait for crash_dump helper: No child processes
01-06 18:51:43.287   668   668 F libc    : crash_dump helper failed to exec, or was killed
01-06 18:51:44.291   620   620 F libc    : crash_dump helper failed to exec, or was killed
01-06 18:52:24.300   837   837 F libc    : failed to wait for crash_dump helper: No child processes
01-06 18:52:24.402   838   838 F libc    : failed to wait for crash_dump helper: No child processes
01-06 18:52:25.675   668   668 F libc    : crash_dump helper failed to exec, or was killed
01-06 18:52:26.626   620   620 F libc    : crash_dump helper failed to exec, or was killed
01-22 11:24:46.454   837   837 F libc    : failed to wait for crash_dump helper: No child processes
01-22 11:24:46.572   838   838 F libc    : failed to wait for crash_dump helper: No child processes
01-22 11:24:47.839   668   668 F libc    : crash_dump helper failed to exec, or was killed
01-22 11:24:48.642   620   620 F libc    : crash_dump helper failed to exec, or was killed
01-22 11:49:01.297 14671 14671 E AndroidRuntime: FATAL EXCEPTION: main
01-22 11:49:01.297 14671 14671 E AndroidRuntime: Process: com.huaxiaozhu.rider, PID: 14671
01-22 11:49:01.297 14671 14671 E AndroidRuntime: java.lang.IllegalStateException: View android.widget.RelativeLayout{4e22ff0 V.E...... ......ID 0,0-428,150 #7f0909e6 app:id/layoutRoot viewInfo = } has already been added to the window manager.
01-22 11:49:01.297 14671 14671 E AndroidRuntime: 	at android.view.WindowManagerGlobal.addView(WindowManagerGlobal.java:360)
01-22 11:49:01.297 14671 14671 E AndroidRuntime: 	at android.view.WindowManagerImpl.addView(WindowManagerImpl.java:148)
01-22 11:49:01.297 14671 14671 E AndroidRuntime: 	at android.widget.ToastPresenter.addToastView(ToastPresenter.java:314)
01-22 11:49:01.297 14671 14671 E AndroidRuntime: 	at android.widget.ToastPresenter.show(ToastPresenter.java:239)
01-22 11:49:01.297 14671 14671 E AndroidRuntime: 	at android.widget.ToastPresenter.show(ToastPresenter.java:222)
01-22 11:49:01.297 14671 14671 E AndroidRuntime: 	at android.widget.Toast$TN.handleShow(Toast.java:702)
01-22 11:49:01.297 14671 14671 E AndroidRuntime: 	at android.widget.Toast$TN$1.handleMessage(Toast.java:634)
01-22 11:49:01.297 14671 14671 E AndroidRuntime: 	at android.os.Handler.dispatchMessage(Handler.java:106)
01-22 11:49:01.297 14671 14671 E AndroidRuntime: 	at android.os.Looper.loopOnce(Looper.java:240)
01-22 11:49:01.297 14671 14671 E AndroidRuntime: 	at android.os.Looper.loop(Looper.java:351)
01-22 11:49:01.297 14671 14671 E AndroidRuntime: 	at android.app.ActivityThread.main(ActivityThread.java:8435)
01-22 11:49:01.297 14671 14671 E AndroidRuntime: 	at java.lang.reflect.Method.invoke(Native Method)
01-22 11:49:01.297 14671 14671 E AndroidRuntime: 	at com.android.internal.os.RuntimeInit$MethodAndArgsCaller.run(RuntimeInit.java:568)
01-22 11:49:01.297 14671 14671 E AndroidRuntime: 	at com.android.internal.os.ZygoteInit.main(ZygoteInit.java:1013)
01-25 03:46:51.875  1898  1898 E AndroidRuntime: FATAL EXCEPTION: main
01-25 03:46:51.875  1898  1898 E AndroidRuntime: Process: com.oplus.cosa, PID: 1898
01-25 03:46:51.875  1898  1898 E AndroidRuntime: ab.b: An operation is not implemented: Not yet implemented
01-25 03:46:51.875  1898  1898 E AndroidRuntime: 	at b6.a.onDestroy(YsKeepAliveFeature.kt:1)
01-25 03:46:51.875  1898  1898 E AndroidRuntime: 	at com.oplus.cosa.service.COSAService.onDestroy(COSAService.kt:9)
01-25 03:46:51.875  1898  1898 E AndroidRuntime: 	at android.app.ActivityThread.handleStopService(ActivityThread.java:4973)
01-25 03:46:51.875  1898  1898 E AndroidRuntime: 	at android.app.ActivityThread.-$$Nest$mhandleStopService(Unknown Source:0)
01-25 03:46:51.875  1898  1898 E AndroidRuntime: 	at android.app.ActivityThread$H.handleMessage(ActivityThread.java:2359)
01-25 03:46:51.875  1898  1898 E AndroidRuntime: 	at android.os.Handler.dispatchMessage(Handler.java:106)
01-25 03:46:51.875  1898  1898 E AndroidRuntime: 	at android.os.Looper.loopOnce(Looper.java:240)
01-25 03:46:51.875  1898  1898 E AndroidRuntime: 	at android.os.Looper.loop(Looper.java:351)
01-25 03:46:51.875  1898  1898 E AndroidRuntime: 	at android.app.ActivityThread.main(ActivityThread.java:8435)
01-25 03:46:51.875  1898  1898 E AndroidRuntime: 	at java.lang.reflect.Method.invoke(Native Method)
01-25 03:46:51.875  1898  1898 E AndroidRuntime: 	at com.android.internal.os.RuntimeInit$MethodAndArgsCaller.run(RuntimeInit.java:568)
01-25 03:46:51.875  1898  1898 E AndroidRuntime: 	at com.android.internal.os.ZygoteInit.main(ZygoteInit.java:1013)
02-14 08:11:07.921  1642  2105 E AndroidRuntime: *** FATAL EXCEPTION IN SYSTEM PROCESS: WifiHandlerThread
02-14 08:11:07.921  1642  2105 E AndroidRuntime: java.util.ConcurrentModificationException
02-14 08:11:07.921  1642  2105 E AndroidRuntime: 	at java.util.ArrayList.removeIf(ArrayList.java:1427)
02-14 08:11:07.921  1642  2105 E AndroidRuntime: 	at com.android.server.wifi.PmkCacheManager.updatePmkCacheExpiration(PmkCacheManager.java:184)
02-14 08:11:07.921  1642  2105 E AndroidRuntime: 	at com.android.server.wifi.PmkCacheManager.lambda$updatePmkCacheExpiration$4(PmkCacheManager.java:208)
02-14 08:11:07.921  1642  2105 E AndroidRuntime: 	at com.android.server.wifi.PmkCacheManager.$r8$lambda$v2KZBuJ0WetVpCNB0V4exC1A_ys(Unknown Source:0)
02-14 08:11:07.921  1642  2105 E AndroidRuntime: 	at com.android.server.wifi.PmkCacheManager$$ExternalSyntheticLambda4.run(Unknown Source:2)
02-14 08:11:07.921  1642  2105 E AndroidRuntime: 	at android.os.Handler.handleCallback(Handler.java:942)
02-14 08:11:07.921  1642  2105 E AndroidRuntime: 	at android.os.Handler.dispatchMessage(Handler.java:99)
02-14 08:11:07.921  1642  2105 E AndroidRuntime: 	at android.os.Looper.loopOnce(Looper.java:240)
02-14 08:11:07.921  1642  2105 E AndroidRuntime: 	at android.os.Looper.loop(Looper.java:351)
02-14 08:11:07.921  1642  2105 E AndroidRuntime: 	at android.os.HandlerThread.run(HandlerThread.java:67)
02-14 08:12:01.435 19142 19903 E AndroidRuntime: FATAL EXCEPTION: EventMonitor_update_task
02-14 08:12:01.435 19142 19903 E AndroidRuntime: Process: com.oplus.deepthinker, PID: 19142
02-14 08:12:01.435 19142 19903 E AndroidRuntime: java.lang.NullPointerException: getUserProfileLabel(...) must not be null
02-14 08:12:01.435 19142 19903 E AndroidRuntime: 	at com.oplus.deepthinker.internal.api.oplus.IOplusDeepThinkerManager.getUserProfileLabel(IOplusDeepThinkerManager.kt:17)
02-14 08:12:01.435 19142 19903 E AndroidRuntime: 	at s7.a.j(ODinPredictor.kt:18)
02-14 08:12:01.435 19142 19903 E AndroidRuntime: 	at s7.a.<init>(ODinPredictor.kt:22)
02-14 08:12:01.435 19142 19903 E AndroidRuntime: 	at com.oplus.deepthinker.ability.ai.eventassociation.predictor.EventAssociationPredictorManager.e(EventAssociationPredictorManager.kt:81)
02-14 08:12:01.435 19142 19903 E AndroidRuntime: 	at com.oplus.deepthinker.ability.ai.eventassociation.predictor.EventAssociationPredictorManager.h(EventAssociationPredictorManager.kt:78)
02-14 08:12:01.435 19142 19903 E AndroidRuntime: 	at p7.c.V(EventMonitor.java:44)
02-14 08:12:01.435 19142 19903 E AndroidRuntime: 	at p7.c.o0(EventMonitor.java:73)
02-14 08:12:01.435 19142 19903 E AndroidRuntime: 	at p7.c.m(EventMonitor.java:1)
02-14 08:12:01.435 19142 19903 E AndroidRuntime: 	at p7.c$e.handleMessage(EventMonitor.java:13)
02-14 08:12:01.435 19142 19903 E AndroidRuntime: 	at android.os.Handler.dispatchMessage(Handler.java:106)
02-14 08:12:01.435 19142 19903 E AndroidRuntime: 	at android.os.Looper.loopOnce(Looper.java:240)
02-14 08:12:01.435 19142 19903 E AndroidRuntime: 	at android.os.Looper.loop(Looper.java:351)
02-14 08:12:01.435 19142 19903 E AndroidRuntime: 	at android.os.HandlerThread.run(HandlerThread.java:67)
02-14 08:32:01.287 25165 25844 E AndroidRuntime: FATAL EXCEPTION: GoogleApiHandler
02-14 08:32:01.287 25165 25844 E AndroidRuntime: Process: com.google.android.configupdater, PID: 25165
02-14 08:32:01.287 25165 25844 E AndroidRuntime: java.lang.IllegalArgumentException: com.google.android.configupdater: Targeting S+ (version 31 and above) requires that one of FLAG_IMMUTABLE or FLAG_MUTABLE be specified when creating a PendingIntent.
02-14 08:32:01.287 25165 25844 E AndroidRuntime: Strongly consider using FLAG_IMMUTABLE, only use FLAG_MUTABLE if some functionality depends on the PendingIntent being mutable, e.g. if it needs to be used with inline replies or bubbles.
02-14 08:32:01.287 25165 25844 E AndroidRuntime: 	at android.app.PendingIntent.checkFlags(PendingIntent.java:402)
02-14 08:32:01.287 25165 25844 E AndroidRuntime: 	at android.app.PendingIntent.getActivityAsUser(PendingIntent.java:485)
02-14 08:32:01.287 25165 25844 E AndroidRuntime: 	at android.app.PendingIntent.getActivity(PendingIntent.java:471)
02-14 08:32:01.287 25165 25844 E AndroidRuntime: 	at android.app.PendingIntent.getActivity(PendingIntent.java:435)
02-14 08:32:01.287 25165 25844 E AndroidRuntime: 	at com.google.android.gms.common.GoogleApiAvailabilityLight.getErrorResolutionPendingIntent(GoogleApiAvailabilityLight.java:23)
02-14 08:32:01.287 25165 25844 E AndroidRuntime: 	at com.google.android.gms.common.GoogleApiAvailability.getErrorResolutionPendingIntent(GoogleApiAvailability.java:87)
02-14 08:32:01.287 25165 25844 E AndroidRuntime: 	at com.google.android.gms.common.GoogleApiAvailabilityLight.getErrorResolutionPendingIntent(GoogleApiAvailabilityLight.java:19)
02-14 08:32:01.287 25165 25844 E AndroidRuntime: 	at com.google.android.gms.common.GoogleApiAvailability.getErrorResolutionPendingIntent(GoogleApiAvailability.java:83)
02-14 08:32:01.287 25165 25844 E AndroidRuntime: 	at com.google.android.gms.common.GoogleApiAvailability.getErrorResolutionPendingIntent(GoogleApiAvailability.java:86)
02-14 08:32:01.287 25165 25844 E AndroidRuntime: 	at com.google.android.gms.common.GoogleApiAvailability.zza(GoogleApiAvailability.java:39)
02-14 08:32:01.287 25165 25844 E AndroidRuntime: 	at com.google.android.gms.common.api.internal.zzbp.zzc(GoogleApiManager.java:201)
02-14 08:32:01.287 25165 25844 E AndroidRuntime: 	at com.google.android.gms.common.api.internal.zzbr.onConnectionFailed(GoogleApiManager.java:80)
02-14 08:32:01.287 25165 25844 E AndroidRuntime: 	at com.google.android.gms.common.api.internal.zzbr.connect(GoogleApiManager.java:174)
02-14 08:32:01.287 25165 25844 E AndroidRuntime: 	at com.google.android.gms.common.api.internal.zzbr.zza(GoogleApiManager.java:99)
02-14 08:32:01.287 25165 25844 E AndroidRuntime: 	at com.google.android.gms.common.api.internal.zzbp.handleMessage(GoogleApiManager.java:152)
02-14 08:32:01.287 25165 25844 E AndroidRuntime: 	at android.os.Handler.dispatchMessage(Handler.java:102)
02-14 08:32:01.287 25165 25844 E AndroidRuntime: 	at android.os.Looper.loopOnce(Looper.java:240)
02-14 08:32:01.287 25165 25844 E AndroidRuntime: 	at android.os.Looper.loop(Looper.java:351)
02-14 08:32:01.287 25165 25844 E AndroidRuntime: 	at android.os.HandlerThread.run(HandlerThread.java:67)
--------- beginning of system
02-21 09:17:33.939 16268 17143 E OplusCustomizeRestrictionManagerService: isBiometricDisabled start
02-21 09:17:33.968 16268 16310 W ActivityManager: Slow operation: 52ms so far, now at startProcess: returned from zygote!
02-21 09:17:33.968 16268 16310 W ActivityManager: Slow operation: 52ms so far, now at startProcess: done updating battery stats
02-21 09:17:33.969 16268 16310 W ActivityManager: Slow operation: 53ms so far, now at startProcess: building log message
02-21 09:17:33.969 16268 16310 I ActivityManager: Start proc 14856:com.heytap.themestore/u0a245 for service {com.heytap.themestore/com.nearme.themespace.polling.PollingService}
02-21 09:17:33.969 16268 16310 W ActivityManager: Slow operation: 53ms so far, now at startProcess: starting to update pids map
02-21 09:17:33.969 16268 16310 W ActivityManager: Slow operation: 53ms so far, now at startProcess: done updating pids map
02-21 09:17:34.008 16268 17143 D CompatibilityChangeReporter: Compat change id reported: 168419799; UID 10245; state: DISABLED
02-21 09:17:34.324 16268 18226 D CompatibilityChangeReporter: Compat change id reported: 161145287; UID 10245; state: DISABLED
02-21 09:17:34.363 16268 18358 I OplusAppSwitchManagerService: appswitch registerAppSwitchObserver pName = com@@heytap@@themestore observer = com.oplus.app.IOplusAppSwitchObserver$Stub$Proxy@30ceacb config = OplusAppSwitchConfig = {  mConfigs = {1=[], 2=[TOM@@oppo@@launcher, TOM@@android@@launcher]} observerFingerPrint = 109890158}
02-21 09:17:34.364 16268 18358 I OplusAppSwitchStateDispatcher: registerAppSwitchObserver addDynamicListener OK, info = OplusAppSwitchRuleInfo = {  observer = com.oplus.app.IOplusAppSwitchObserver$Stub$Proxy@30ceacb observerFingerPrint = 109890158} rule size =0
02-21 09:17:34.367 16268 18358 D StdIDManager: stdid call:com.heytap.themestore,10245,OUID,10081
02-21 09:17:34.370  7308  7355 E ActivityThread: Failed to find provider info for com.platform.usercenter.vip
02-21 09:17:34.453 16268 18358 D StdIDManager: stdid call:com.heytap.themestore,10245,OUID,10081
02-21 09:17:34.465  7308  7355 E ActivityThread: Failed to find provider info for com.platform.usercenter.vip
02-21 09:17:34.478 16268 16282 D StdIDManager: stdid call:com.heytap.themestore,10245,OUID,10081
02-21 09:17:34.483 16268 18358 D StdIDManager: stdid call:com.heytap.themestore,10245,OUID,10081
02-21 09:17:34.490 16268 17150 D StdIDManager: stdid call:com.heytap.themestore,10245,OUID,10081
02-21 09:17:34.556 16268 16635 D CompatibilityChangeReporter: Compat change id reported: 171306433; UID 10245; state: ENABLED
02-21 09:17:34.556 16268 16635 D CompatibilityChangeReporter: Compat change id reported: 218533173; UID 10245; state: DISABLED
02-21 09:17:34.556 16268 16635 D CompatibilityChangeReporter: Compat change id reported: 226439802; UID 10245; state: DISABLED
02-21 09:17:34.581 14856 14937 E ActivityThread: Failed to find provider info for com.heytap.health.watchface.device.provider
02-21 09:17:34.659  7308  9018 E ActivityThread: Failed to find provider info for com.platform.usercenter.vip
02-21 09:17:34.687  7308  9018 E ActivityThread: Failed to find provider info for com.platform.usercenter.vip
02-21 09:17:34.701  7308  9018 E ActivityThread: Failed to find provider info for com.platform.usercenter.vip
02-21 09:17:34.744  7308  9018 E ActivityThread: Failed to find provider info for com.platform.usercenter.vip
02-21 09:17:34.809 16268 16282 D CompatibilityChangeReporter: Compat change id reported: 135634846; UID 10085; state: DISABLED
02-21 09:17:34.809 16268 16282 D CompatibilityChangeReporter: Compat change id reported: 177438394; UID 10085; state: DISABLED
02-21 09:17:34.809 16268 16282 D CompatibilityChangeReporter: Compat change id reported: 135772972; UID 10085; state: DISABLED
02-21 09:17:34.810 16268 16282 D CompatibilityChangeReporter: Compat change id reported: 135754954; UID 10085; state: ENABLED
02-21 09:17:34.810 16268 16310 D CompatibilityChangeReporter: Compat change id reported: 143937733; UID 10085; state: ENABLED
02-21 09:17:34.836 16268 16310 I ActivityManager: Start proc 15021:com.heytap.colorfulengine:widget/u0a85 for content provider {com.heytap.colorfulengine/com.heytap.widgetengine.home.ThemeWidgetProvider}
02-21 09:17:34.885 16268 16282 D CompatibilityChangeReporter: Compat change id reported: 168419799; UID 10085; state: DISABLED
02-21 09:17:34.910  7308  7355 E ActivityThread: Failed to find provider info for com.platform.usercenter.vip
02-21 09:17:34.926  7308  7355 E ActivityThread: Failed to find provider info for com.platform.usercenter.vip
02-21 09:17:35.040 16268 18358 D CompatibilityChangeReporter: Compat change id reported: 161145287; UID 10085; state: DISABLED
02-21 09:17:35.053  7308  7355 E ActivityThread: Failed to find provider info for com.platform.usercenter.vip
02-21 09:17:35.060  7308  7355 E ActivityThread: Failed to find provider info for com.platform.usercenter.vip
02-21 09:18:06.510 16268 16309 D ProcessCpuTrackerExtImpl: mContext is already set, return now! 
02-21 09:18:35.170 16268 16320 D OplusThermalStats: AnalizyPosition reach max limit, mAnalizyPosition=400 res=0
02-21 09:18:58.963 16268 16645 D CommSceneService: notify align tick changed state=1
02-21 09:18:58.963 16268 16645 D OSysNetControlService: handle comm scene=1006 state=1 phoneId=-1
02-21 09:18:58.971 16268 16282 E OplusCustomizeRestrictionManagerService: isBiometricDisabled start
02-21 09:18:58.972 16268 16380 E OplusCustomizeRestrictionManagerService: isBiometricDisabled start
02-21 09:18:58.989 16268 16317 D CompatibilityChangeReporter: Compat change id reported: 168419799; UID 10219; state: DISABLED
02-21 09:19:34.948 16268 18226 E OplusCustomizeRestrictionManagerService: isBiometricDisabled start
02-21 09:19:34.949 16268 18358 E OplusCustomizeRestrictionManagerService: isBiometricDisabled start
02-21 09:19:36.437   668 14788 I keystore2: keystore2::watchdog: Watchdog thread idle -> terminating. Have a great day.
02-21 09:19:37.555 16268 16869 I ActivityManager: Process com.oplus.sau (pid 9264) has died: svcb SVC 
02-21 09:19:49.088 16268 16268 W Looper  : Slow dispatch took 138ms main h=com.android.server.alarm.AlarmManagerService$AlarmHandler c=android.app.PendingIntent$FinishedDispatcher@7ec1170 m=0
02-21 09:19:49.091 16268 16335 D AlarmAlignment: findFirstElapsedTimeWakeupNonStandalone:  nowElapsed = 5769583915
02-21 09:19:49.093 16268 16335 D AlarmAlignment: reAlignAlarms
02-21 09:19:49.120  2809  2965 W ContextImpl: Calling a method in the system process without a qualified user: android.app.ContextImpl.bindService:1970 android.content.ContextWrapper.bindService:863 com.heytap.mcs.biz.statistics.agent.OBUSAgent.bindStatisticsApiService:9 com.heytap.mcs.biz.statistics.agent.OBUSAgent.upload:7 com.heytap.mcs.biz.statistics.agent.AgentManager.upload:3 
02-21 09:19:49.133 16268 17307 D CompatibilityChangeReporter: Compat change id reported: 135634846; UID 1000; state: DISABLED
02-21 09:19:49.133 16268 17307 D CompatibilityChangeReporter: Compat change id reported: 177438394; UID 1000; state: DISABLED
02-21 09:19:49.134 16268 17307 D CompatibilityChangeReporter: Compat change id reported: 135772972; UID 1000; state: DISABLED
02-21 09:19:49.134 16268 17307 D CompatibilityChangeReporter: Compat change id reported: 135754954; UID 1000; state: ENABLED
02-21 09:19:49.141  2809  2965 W ContextImpl: Calling a method in the system process without a qualified user: android.app.ContextImpl.startService:1877 android.content.ContextWrapper.startService:827 com.heytap.mcs.service.McsService.l:8 com.heytap.mcs.service.McsService.d:1 com.heytap.mcs.service.McsService$c.run:36 
02-21 09:19:49.194 16268 16310 W ActivityManager: Slow operation: 66ms so far, now at startProcess: returned from zygote!
02-21 09:19:49.194 16268 16310 W ActivityManager: Slow operation: 67ms so far, now at startProcess: done updating battery stats
02-21 09:19:49.195 16268 16310 W ActivityManager: Slow operation: 67ms so far, now at startProcess: building log message
02-21 09:19:49.195 16268 16310 I ActivityManager: Start proc 15202:com.heytap.mcs.statistics/1000 for service {com.heytap.mcs/com.heytap.mcs.biz.statistics.service.StatisticsApiService}
02-21 09:19:49.195 16268 16310 W ActivityManager: Slow operation: 67ms so far, now at startProcess: starting to update pids map
02-21 09:19:49.195 16268 16310 W ActivityManager: Slow operation: 67ms so far, now at startProcess: done updating pids map
02-21 09:19:49.241 16268 16310 W ActivityManager: Slow operation: 74ms so far, now at startProcess: returned from zygote!
02-21 09:19:49.243 16268 16310 W ActivityManager: Slow operation: 75ms so far, now at startProcess: done updating battery stats
02-21 09:19:49.243 16268 16310 W ActivityManager: Slow operation: 75ms so far, now at startProcess: building log message
02-21 09:19:49.243 16268 16310 I ActivityManager: Start proc 15221:com.heytap.mcs.appservice/1000 for service {com.heytap.mcs/com.heytap.mcs.biz.appservice.McsSdkService}
02-21 09:19:49.243 16268 16310 W ActivityManager: Slow operation: 76ms so far, now at startProcess: starting to update pids map
02-21 09:19:49.243 16268 16310 W ActivityManager: Slow operation: 76ms so far, now at startProcess: done updating pids map
02-21 09:19:49.249 16268 18899 D CompatibilityChangeReporter: Compat change id reported: 168419799; UID 1000; state: DISABLED
02-21 09:19:49.416 15202 15252 W ContextImpl: Calling a method in the system process without a qualified user: android.app.ContextImpl.bindService:1970 android.content.ContextWrapper.bindService:863 a9.c.a:9 a9.b.b:5 g7.b.i:5 
02-21 09:19:49.425 16268 18351 D StdIDManager: stdid call:com.heytap.mcs,1000,OUID,10081
02-21 09:20:01.770 15202 15202 W ContextImpl: Calling a method in the system process without a qualified user: android.app.ContextImpl.startService:1877 android.content.ContextWrapper.startService:827 com.heytap.mcs.biz.statistics.StaticProcessTrackStatusManager.exitCurrentProcess:11 com.heytap.mcs.biz.statistics.StaticProcessTrackStatusManager$1.handleMessage:3 android.os.Handler.dispatchMessage:102 
02-21 09:20:01.828 16268 21566 I ActivityManager: Process com.heytap.mcs.statistics (pid 15202) has died: fg  SVC 
02-21 09:22:00.089 16268 16282 D CompatibilityChangeReporter: Compat change id reported: 135634846; UID 1000; state: DISABLED
02-21 09:22:00.089 16268 16282 D CompatibilityChangeReporter: Compat change id reported: 177438394; UID 1000; state: DISABLED
02-21 09:22:00.090 16268 16282 D CompatibilityChangeReporter: Compat change id reported: 135772972; UID 1000; state: DISABLED
02-21 09:22:00.090 16268 16282 D CompatibilityChangeReporter: Compat change id reported: 135754954; UID 1000; state: ENABLED
02-21 09:22:00.102  2809  4956 W ContextImpl: Calling a method in the system process without a qualified user: android.app.ContextImpl.bindService:1970 android.content.ContextWrapper.bindService:863 com.heytap.mcs.biz.message.o.e:8 com.heytap.mcs.biz.message.o.y:9 com.heytap.mcs.biz.message.parser.f$a.run:68 
02-21 09:22:00.150 16268 16310 W ActivityManager: Slow operation: 65ms so far, now at startProcess: returned from zygote!
02-21 09:22:00.150 16268 16310 W ActivityManager: Slow operation: 65ms so far, now at startProcess: done updating battery stats
02-21 09:22:00.151 16268 16310 W ActivityManager: Slow operation: 66ms so far, now at startProcess: building log message
02-21 09:22:00.151 16268 16310 I ActivityManager: Start proc 15392:com.heytap.mcs.statistics/1000 for content provider {com.heytap.mcs/com.heytap.mcs.biz.statistics.provider.StatisticsContentProvider}
02-21 09:22:00.151 16268 16310 W ActivityManager: Slow operation: 66ms so far, now at startProcess: starting to update pids map
02-21 09:22:00.151 16268 16310 W ActivityManager: Slow operation: 66ms so far, now at startProcess: done updating pids map
02-21 09:22:00.198 16268 16310 W ActivityManager: Slow operation: 91ms so far, now at startProcess: returned from zygote!
02-21 09:22:00.214 16268 16310 W ActivityManager: Slow operation: 107ms so far, now at startProcess: done updating battery stats
02-21 09:22:00.214 16268 16310 W ActivityManager: Slow operation: 107ms so far, now at startProcess: building log message
02-21 09:22:00.214 16268 16310 I ActivityManager: Start proc 15412:com.heytap.mcs.biz.message/1000 for service {com.heytap.mcs/com.heytap.mcs.biz.message.MessageDealService}
02-21 09:22:00.214 16268 16310 W ActivityManager: Slow operation: 107ms so far, now at startProcess: starting to update pids map
02-21 09:22:00.215 16268 16310 W ActivityManager: Slow operation: 108ms so far, now at startProcess: done updating pids map
02-21 09:22:00.368 15392 15450 W ContextImpl: Calling a method in the system process without a qualified user: android.app.ContextImpl.bindService:1970 android.content.ContextWrapper.bindService:863 a9.c.a:9 a9.b.b:5 g7.b.i:5 
02-21 09:22:00.405 16268 16282 D StdIDManager: stdid call:com.heytap.mcs,1000,OUID,10081
02-21 09:22:00.682 16268 16268 I OplusStatusBarManagerServiceEnhance:  getTopIsFullscreen mTopIsFullscreen: false
02-21 09:22:00.706 16268 16268 W NotificationHistory: Attempted to add notif for locked/gone/disabled user 0
02-21 09:24:49.994 16745 18067 I Quality : InflateViewInfo:251651077,com.oplusos.systemui.statusbar.notification.row.OplusExpandableNotificationRow
02-21 09:24:50.001 16268 18351 E OplusCustomizeRestrictionManagerService: isBiometricDisabled start
02-21 09:24:50.006 16268 18351 E OplusCustomizeRestrictionManagerService: isBiometricDisabled start
02-21 09:24:50.127 16268 16268 W Looper  : Slow dispatch took 155ms main h=com.android.server.alarm.AlarmManagerService$AlarmHandler c=com.android.server.alarm.AlarmManagerService$3$$ExternalSyntheticLambda0@13fd2d3 m=0
02-21 09:24:50.129 16268 16645 D CommSceneService: notify align tick changed state=1
02-21 09:24:50.129 16268 16645 D OSysNetControlService: handle comm scene=1006 state=1 phoneId=-1
02-21 09:29:15.947 16268 19775 E OplusCustomizeRestrictionManagerService: isBiometricDisabled start
02-21 09:29:15.949 16268 16380 E OplusCustomizeRestrictionManagerService: isBiometricDisabled start
02-21 09:29:16.028 16268 16645 D CommSceneService: notify align tick changed state=1
02-21 09:29:16.028 16268 16645 D OSysNetControlService: handle comm scene=1006 state=1 phoneId=-1
02-21 09:29:38.561 15392 15392 W ContextImpl: Calling a method in the system process without a qualified user: android.app.ContextImpl.startService:1877 android.content.ContextWrapper.startService:827 com.heytap.mcs.biz.statistics.StaticProcessTrackStatusManager.exitCurrentProcess:11 com.heytap.mcs.biz.statistics.StaticProcessTrackStatusManager$1.handleMessage:3 android.os.Handler.dispatchMessage:102 
02-21 09:29:38.637 16268 20825 I ActivityManager: Process com.heytap.mcs.statistics (pid 15392) has died: vis IMPF
02-21 09:29:38.639 15412 15412 I ActivityThread: Removing dead content provider:android.content.ContentProviderProxy@9df038d
02-21 09:29:38.639  2809  2809 I ActivityThread: Removing dead content provider:android.content.ContentProviderProxy@5438ec4
02-21 09:29:49.955   668 15200 I keystore2: keystore2::watchdog: Watchdog thread idle -> terminating. Have a great day.
02-21 09:30:49.938 16268 16380 E OplusCustomizeRestrictionManagerService: isBiometricDisabled start
02-21 09:30:49.939 16268 18899 E OplusCustomizeRestrictionManagerService: isBiometricDisabled start
02-21 09:30:49.981 16268 16317 D CompatibilityChangeReporter: Compat change id reported: 168419799; UID 1000; state: DISABLED
02-21 09:30:49.986 16268 16321 W BatteryExternalStatsWorker: error reading Bluetooth stats: 9
02-21 09:30:50.882 16268 18823 D CompatibilityChangeReporter: Compat change id reported: 171306433; UID 1000; state: ENABLED
02-21 09:30:50.882 16268 18823 D CompatibilityChangeReporter: Compat change id reported: 218533173; UID 1000; state: ENABLED
02-21 09:34:49.965 16268 19774 E OplusCustomizeRestrictionManagerService: isBiometricDisabled start
02-21 09:34:49.966 16268 18899 E OplusCustomizeRestrictionManagerService: isBiometricDisabled start
02-21 09:34:50.037 16268 16268 W Looper  : Slow dispatch took 101ms main h=com.android.server.alarm.AlarmManagerService$AlarmHandler c=com.android.server.alarm.AlarmManagerService$3$$ExternalSyntheticLambda0@598a754 m=0
02-21 09:34:50.037 16268 16335 D AlarmAlignment: findFirstElapsedTimeWakeupNonStandalone:  nowElapsed = 5770484861
02-21 09:34:50.037 16268 16645 D CommSceneService: notify align tick changed state=1
02-21 09:34:50.038 16268 16645 D OSysNetControlService: handle comm scene=1006 state=1 phoneId=-1
02-21 09:34:50.042 16268 16335 D AlarmAlignment: reAlignAlarms
02-21 09:34:50.061  2809  3608 W ContextImpl: Calling a method in the system process without a qualified user: android.app.ContextImpl.bindService:1970 android.content.ContextWrapper.bindService:863 com.heytap.mcs.biz.statistics.agent.OBUSAgent.bindStatisticsApiService:9 com.heytap.mcs.biz.statistics.agent.OBUSAgent.upload:7 com.heytap.mcs.biz.statistics.agent.AgentManager.upload:3 
02-21 09:34:50.067 16268 16282 D CompatibilityChangeReporter: Compat change id reported: 135634846; UID 1000; state: DISABLED
02-21 09:34:50.067 16268 16282 D CompatibilityChangeReporter: Compat change id reported: 177438394; UID 1000; state: DISABLED
02-21 09:34:50.067 16268 16282 D CompatibilityChangeReporter: Compat change id reported: 135772972; UID 1000; state: DISABLED
02-21 09:34:50.068 16268 16282 D CompatibilityChangeReporter: Compat change id reported: 135754954; UID 1000; state: ENABLED
02-21 09:34:50.104 16268 16310 I ActivityManager: Start proc 15603:com.heytap.mcs.statistics/1000 for service {com.heytap.mcs/com.heytap.mcs.biz.statistics.service.StatisticsApiService}
02-21 09:34:50.104 16268 16335 D AlarmAlignment: findFirstElapsedTimeWakeupNonStandalone:  nowElapsed = 5770484928
02-21 09:34:50.105 16268 16310 W ContextImpl: Calling a method in the system process without a qualified user: android.app.ContextImpl.sendBroadcast:1193 com.android.server.am.OplusAppStartupConfig.sendAbnormalNotify:1554 com.android.server.am.OplusAppStartupConfig.notifyAbnormalInfo:1487 com.android.server.am.OplusAppStartupManager.handleStartAppInfo:5072 com.android.server.am.ProcessListExtImpl.hookHandleProcessStart:239 
02-21 09:34:50.109 16268 16335 D AlarmAlignment: reAlignAlarms
02-21 09:34:50.109 16268 16335 D AlarmAlignment: alignWithSys: is not RequestedElapsed alarm alignElapsed=Alarm{8e78b31 type 3 origWhen 5770682945 whenElapsed 5770783003 com.oplus.metis} uid 10095 whenElapsed 5770783003 windowLength 225000 maxWhenElapsed 5770783003 repeatInterval 300000 action oplus.intent.action.SORT_ALARM_ACTION component null flags 0x8, APP_STANDBY_POLICY=5770484754, DEVICE_IDLE_POLICY=5770484752, ATTERY_SAVER_POLICY=5770484754
02-21 09:34:50.109 16268 16335 D AlarmAlignment: alignWithSys: is not RequestedElapsed alarm alignElapsed=Alarm{fe56216 type 3 origWhen 5770492691 whenElapsed 5770783003 com.oplus.obrain} uid 1000 whenElapsed 5770783003 windowLength 225000 maxWhenElapsed 5770783003 repeatInterval 300000 action MIDAS FIVE MINUTE CLOCK ACTION component null flags 0x8, APP_STANDBY_POLICY=5770484749, DEVICE_IDLE_POLICY=5770484748, ATTERY_SAVER_POLICY=0
02-21 09:34:50.110 16268 16335 D AlarmAlignment: alignWithSys: is not RequestedElapsed alarm alignElapsed=Alarm{b91a797 type 2 origWhen 5770769869 whenElapsed 5770783003 com.heytap.mcs} uid 1000 whenElapsed 5770783003 windowLength 10000 maxWhenElapsed 5770783003 repeatInterval 0 action com.heytap.mcs.action component null flags 0x8, APP_STANDBY_POLICY=5770484901, DEVICE_IDLE_POLICY=5770484901, ATTERY_SAVER_POLICY=0
02-21 09:34:50.110 16268 16335 D AlarmAlignment: alignWithSys: is not RequestedElapsed alarm alignElapsed=Alarm{3de8d84 type 3 origWhen 5770784832 whenElapsed 5771083003 com.oplus.metis} uid 10095 whenElapsed 5771083003 windowLength 225000 maxWhenElapsed 5771083003 repeatInterval 0 action com.oplus.action.TIMER_ALARM_TASK component null flags 0x8, APP_STANDBY_POLICY=5770484876, DEVICE_IDLE_POLICY=5770484876, ATTERY_SAVER_POLICY=5770484876
02-21 09:34:50.110 16268 16335 D AlarmAlignment: alignWithSys: is not RequestedElapsed alarm alignElapsed=Alarm{cf8a96d type 3 origWhen 5770783987 whenElapsed 5771083003 com.oplus.nhs} uid 1001 whenElapsed 5771083003 windowLength 225000 maxWhenElapsed 5771083003 repeatInterval 300000 action oplus.intent.action.INTERNAL_LOOP_UPDATE_ACTIVITYINFO_ALARM component ComponentInfo{com.oplus.nhs/com.oplus.nhs.pwr.ModemAci.ModemAciAlarmReceiver} flags 0x8, APP_STANDBY_POLICY=5770484758, DEVICE_IDLE_POLICY=5770484758, ATTERY_SAVER_POLICY=0
02-21 09:34:50.341 15603 15631 W ContextImpl: Calling a method in the system process without a qualified user: android.app.ContextImpl.bindService:1970 android.content.ContextWrapper.bindService:863 a9.c.a:9 a9.b.b:5 g7.b.i:5 
02-21 09:34:50.348 16268 19774 D StdIDManager: stdid call:com.heytap.mcs,1000,OUID,10081
02-21 09:38:56.935 16268 18899 E OplusCustomizeRestrictionManagerService: isBiometricDisabled start
02-21 09:38:56.935 16268 16380 E OplusCustomizeRestrictionManagerService: isBiometricDisabled start
02-21 09:38:56.976 16268 16645 D CommSceneService: notify align tick changed state=1
02-21 09:38:56.976 16268 16645 D OSysNetControlService: handle comm scene=1006 state=1 phoneId=-1
02-21 09:38:57.348 15412 15466 W ContextImpl: Calling a method in the system process without a qualified user: android.app.ContextImpl.startService:1877 android.content.ContextWrapper.startService:827 com.heytap.mcs.biz.message.p.c:8 com.heytap.mcs.biz.message.p.j:6 com.heytap.mcs.biz.message.s.n:4 
02-21 09:38:57.426 16268 16887 I ActivityManager: Process com.heytap.mcs.biz.message (pid 15412) has died: fg  SVC 
02-21 09:39:39.202 15603 15603 W ContextImpl: Calling a method in the system process without a qualified user: android.app.ContextImpl.startService:1877 android.content.ContextWrapper.startService:827 com.heytap.mcs.biz.statistics.StaticProcessTrackStatusManager.exitCurrentProcess:11 com.heytap.mcs.biz.statistics.StaticProcessTrackStatusManager$1.handleMessage:3 android.os.Handler.dispatchMessage:102 
02-21 09:39:39.246 16268 16635 D PowerManagerServiceExtImpl: Acquiring suspend blocker "PowerManagerService.WakeLocks"  took 31 ms
02-21 09:39:39.254 16268 18899 W ActivityManager: Exception when unbinding service com.heytap.mcs/.biz.statistics.service.StatisticsApiService
02-21 09:39:39.254 16268 18899 W ActivityManager: android.os.DeadObjectException
02-21 09:39:39.254 16268 18899 W ActivityManager: 	at android.os.BinderProxy.transactNative(Native Method)
02-21 09:39:39.254 16268 18899 W ActivityManager: 	at android.os.BinderProxy.transact(BinderProxy.java:678)
02-21 09:39:39.254 16268 18899 W ActivityManager: 	at android.app.IApplicationThread$Stub$Proxy.scheduleUnbindService(IApplicationThread.java:1503)
02-21 09:39:39.254 16268 18899 W ActivityManager: 	at com.android.server.am.ActiveServices.removeConnectionLocked(ActiveServices.java:5258)
02-21 09:39:39.254 16268 18899 W ActivityManager: 	at com.android.server.am.ActiveServices.unbindServiceLocked(ActiveServices.java:3335)
02-21 09:39:39.254 16268 18899 W ActivityManager: 	at com.android.server.am.ActivityManagerService.unbindService(ActivityManagerService.java:13575)
02-21 09:39:39.254 16268 18899 W ActivityManager: 	at android.app.IActivityManager$Stub.onTransact(IActivityManager.java:2541)
02-21 09:39:39.254 16268 18899 W ActivityManager: 	at com.android.server.am.ActivityManagerService.onTransact(ActivityManagerService.java:2847)
02-21 09:39:39.254 16268 18899 W ActivityManager: 	at android.os.Binder.execTransactInternal(Binder.java:1326)
02-21 09:39:39.254 16268 18899 W ActivityManager: 	at android.os.Binder.execTransact(Binder.java:1268)
02-21 09:39:39.257 16268 18899 W ActivityManager: Process 15603 does not match uid 1000 ignore setting hits oom adj
02-21 09:39:39.265 16268 16869 I ActivityManager: Process com.heytap.mcs.statistics (pid 15603) has died: cch+5 CEM 
02-21 09:39:39.286 16268 21566 I ActivityManager: Process com.heytap.mcs.appservice (pid 15221) has died: vis IMPF
02-21 09:39:39.288  2809  2809 I ActivityThread: Removing dead content provider:android.content.ContentProviderProxy@2dbb1ad
02-21 09:39:48.965 16268 16282 E OplusCustomizeRestrictionManagerService: isBiometricDisabled start
02-21 09:39:48.967 16268 18899 E OplusCustomizeRestrictionManagerService: isBiometricDisabled start
02-21 09:39:48.984   668 15536 I keystore2: keystore2::watchdog: Watchdog thread idle -> terminating. Have a great day.
02-21 09:39:49.003 16268 17141 D OplusProxyWakeLock: add uid: 10290 wakelock: lock:98486111 PARTIAL_WAKE_LOCK              'Micro' (uid=10290 pid=1547)to FroceReleaseWakeLock list
02-21 09:39:49.005 16268 17141 D DisplayManagerServiceExtImpl: request size(1,1),dpc=com.android.server.display.DisplayPowerController@70ff4d5 size(0,1),flags=0X200F,id(0,0,local:0), phase=1, enable=true, ready=false,prox=true policy=OFF,dozeState=UNKNOWN,screenBrightnessOverride=-1.000000,useAuto=false,lowPower=false,lowPowerFactor=1.000000
02-21 09:39:49.010 16268 17141 D OplusProxyWakeLock: add uid: 10290 wakelock: lock:139002485 PARTIAL_WAKE_LOCK              'Platf' (uid=10290 pid=1547)to FroceReleaseWakeLock list
02-21 09:39:49.012 16268 16334 D DisplayManagerServiceExtImpl: request size(1,1),dpc=com.android.server.display.DisplayPowerController@70ff4d5 size(0,1),flags=0X200F,id(0,0,local:0), phase=1, enable=true, ready=false,prox=false policy=OFF,dozeState=UNKNOWN,screenBrightnessOverride=-1.000000,useAuto=false,lowPower=false,lowPowerFactor=1.000000
02-21 09:41:47.699 16268 19777 D OplusProxyWakeLock: drop uidPid[10290,1547]  wakelock: lock:139002485 PARTIAL_WAKE_LOCK              'Platf' (uid=10290 pid=1547) from ForceReleaseWakeLocks List.
02-21 09:41:47.702 16268 19777 D OplusProxyWakeLock: drop uidPid[10290,1547]  wakelock: lock:98486111 PARTIAL_WAKE_LOCK              'Micro' (uid=10290 pid=1547) from ForceReleaseWakeLocks List.
02-21 09:44:49.950 16268 16635 E OplusCustomizeRestrictionManagerService: isBiometricDisabled start
02-21 09:44:49.951 16268 16282 E OplusCustomizeRestrictionManagerService: isBiometricDisabled start
02-21 09:44:50.018 16268 16645 D CommSceneService: notify align tick changed state=1
02-21 09:44:50.018 16268 16645 D OSysNetControlService: handle comm scene=1006 state=1 phoneId=-1
02-21 09:44:50.023  2809  3596 W ContextImpl: Calling a method in the system process without a qualified user: android.app.ContextImpl.bindService:1970 android.content.ContextWrapper.bindService:863 com.heytap.mcs.biz.message.o.e:8 com.heytap.mcs.biz.message.o.o:5 com.heytap.mcs.biz.message.o.z:3 
02-21 09:44:50.057 16268 16635 D CompatibilityChangeReporter: Compat change id reported: 135634846; UID 1000; state: DISABLED
02-21 09:44:50.058 16268 16635 D CompatibilityChangeReporter: Compat change id reported: 177438394; UID 1000; state: DISABLED
02-21 09:44:50.058 16268 16635 D CompatibilityChangeReporter: Compat change id reported: 135772972; UID 1000; state: DISABLED
02-21 09:44:50.058 16268 16635 D CompatibilityChangeReporter: Compat change id reported: 135754954; UID 1000; state: ENABLED
02-21 09:44:50.106 16268 16310 W ActivityManager: Slow operation: 51ms so far, now at startProcess: done updating battery stats
02-21 09:44:50.106 16268 16310 W ActivityManager: Slow operation: 52ms so far, now at startProcess: building log message
02-21 09:44:50.106 16268 16310 I ActivityManager: Start proc 15738:com.heytap.mcs.biz.message/1000 for service {com.heytap.mcs/com.heytap.mcs.biz.message.MessageDealService}
02-21 09:44:50.106 16268 16310 W ActivityManager: Slow operation: 52ms so far, now at startProcess: starting to update pids map
02-21 09:44:50.106 16268 16310 W ActivityManager: Slow operation: 52ms so far, now at startProcess: done updating pids map
02-21 09:44:50.300 15738 15757 W ContextImpl: Calling a method in the system process without a qualified user: android.app.ContextImpl.startService:1877 android.content.ContextWrapper.startService:827 com.heytap.mcs.biz.message.p.c:8 com.heytap.mcs.biz.message.p.h:6 e3.a.a:8 
02-21 09:44:50.339 16268 20825 I ActivityManager: Process com.heytap.mcs.biz.message (pid 15738) has died: fg  SVC 
02-21 09:45:50.964 16268 18899 E OplusCustomizeRestrictionManagerService: isBiometricDisabled start
02-21 09:45:50.965 16268 17143 E OplusCustomizeRestrictionManagerService: isBiometricDisabled start
02-21 09:48:37.942 16268 16635 E OplusCustomizeRestrictionManagerService: isBiometricDisabled start
02-21 09:48:37.944 16268 16282 E OplusCustomizeRestrictionManagerService: isBiometricDisabled start
02-21 09:49:48.937 16268 16635 E OplusCustomizeRestrictionManagerService: isBiometricDisabled start
02-21 09:49:48.939 16268 17143 E OplusCustomizeRestrictionManagerService: isBiometricDisabled start
02-21 09:49:49.045 16268 16268 W Looper  : Slow dispatch took 123ms main h=com.android.server.alarm.AlarmManagerService$AlarmHandler c=com.android.server.alarm.AlarmManagerService$3$$ExternalSyntheticLambda0@b83bf39 m=0
02-21 09:49:49.045 16268 16335 D AlarmAlignment: findFirstElapsedTimeWakeupNonStandalone:  nowElapsed = 5771383869
02-21 09:49:49.046 16268 16645 D CommSceneService: notify align tick changed state=1
02-21 09:49:49.047 16268 16645 D OSysNetControlService: handle comm scene=1006 state=1 phoneId=-1
02-21 09:49:49.048 16268 16335 D AlarmAlignment: reAlignAlarms
02-21 09:49:49.048 16268 16335 D AlarmAlignment: alignWithSys: is not RequestedElapsed alarm alignElapsed=Alarm{1ffcedf type 3 origWhen 5749899650 whenElapsed 5771505816 com.oplus.deepthinker} uid 10169 whenElapsed 5771505816 windowLength 225000 maxWhenElapsed 5771505816 repeatInterval 300000 action com.oplus.deepthinker.action.INTENT_DECISION_PREDICT component null flags 0x0, APP_STANDBY_POLICY=5749874834, DEVICE_IDLE_POLICY=5771505816, ATTERY_SAVER_POLICY=5749874745
02-21 09:49:49.048 16268 16335 D AlarmAlignment: alignWithSys: is not RequestedElapsed alarm alignElapsed=Alarm{a6d372c type 0 origWhen 1740096142494 whenElapsed 5771505816 cn.i4.mobile} uid 10338 whenElapsed 5771505816 windowLength 3600000 maxWhenElapsed 5771505816 repeatInterval 0 action com.b.r.p component null flags 0x0, APP_STANDBY_POLICY=5722172813, DEVICE_IDLE_POLICY=5771505816, ATTERY_SAVER_POLICY=5722333583
02-21 09:49:49.048 16268 16335 D AlarmAlignment: alignWithSys: is not RequestedElapsed alarm alignElapsed=Alarm{f5815f5 type 3 origWhen 5760568249 whenElapsed 5771505816 android} uid 1000 whenElapsed 5771505816 windowLength 742181 maxWhenElapsed 5771505816 repeatInterval 0 action null component null tag *job.delay* flags 0x0, APP_STANDBY_POLICY=5759578676, DEVICE_IDLE_POLICY=5771505816, ATTERY_SAVER_POLICY=0
02-21 09:49:49.048 16268 16335 D AlarmAlignment: alignWithSys: is not RequestedElapsed alarm alignElapsed=Alarm{fb02f8a type 1 origWhen 1740082438099 whenElapsed 5771505816 com.baidu.input_oppo} uid 10118 whenElapsed 5771505816 windowLength 3600000 maxWhenElapsed 5771505816 repeatInterval 0 action com.baidu.action.SOFIRE.VIEW component ComponentInfo{com.baidu.input_oppo/com.baidu.sofire.MyService} flags 0x0, APP_STANDBY_POLICY=5722172813, DEVICE_IDLE_POLICY=5771505816, ATTERY_SAVER_POLICY=5721158066
02-21 09:49:49.048 16268 16335 D AlarmAlignment: alignWithSys: is not RequestedElapsed alarm alignElapsed=Alarm{b3c79fb type 0 origWhen 1740081292072 whenElapsed 5771505816 com.oplus.dmp} uid 10107 whenElapsed 5771505816 windowLength 64800000 maxWhenElapsed 5814886895 repeatInterval 86400000 action com.oplus.dmp.action.START_ALARM component ComponentInfo{com.oplus.dmp/com.oplus.oss.daemon.BusinessReceiver} flags 0x0, APP_STANDBY_POLICY=5722172813, DEVICE_IDLE_POLICY=5771505816, ATTERY_SAVER_POLICY=5768994553
02-21 09:49:49.049 16268 16335 D AlarmAlignment: alignWithSys: is not RequestedElapsed alarm alignElapsed=Alarm{90c9a18 type 1 origWhen 1740082807770 whenElapsed 5771505816 com.baidu.input_oppo} uid 10118 whenElapsed 5771505816 windowLength 3600000 maxWhenElapsed 5771505816 repeatInterval 0 action com.baidu.action.SOFIRE.VIEW component ComponentInfo{com.baidu.input_oppo/com.baidu.sofire.MyService} flags 0x0, APP_STANDBY_POLICY=5722172813, DEVICE_IDLE_POLICY=5771505816, ATTERY_SAVER_POLICY=5721158066
02-21 09:49:49.049 16268 16335 D AlarmAlignment: alignWithSys: is not RequestedElapsed alarm alignElapsed=Alarm{7e11c71 type 1 origWhen 1740100603469 whenElapsed 5771505816 com.oplus.games} uid 10244 whenElapsed 5771505816 windowLength 13500000 maxWhenElapsed 5782898293 repeatInterval 18000000 action oplus.intent.action.GAME_DIFF_PRE_DOWNLOAD_CHECK component null flags 0x0, APP_STANDBY_POLICY=5759657565, DEVICE_IDLE_POLICY=5771505816, ATTERY_SAVER_POLICY=5759657565
02-21 09:49:49.049 16268 16335 D AlarmAlignment: alignWithSys: is not RequestedElapsed alarm alignElapsed=Alarm{1e9ba56 type 2 origWhen 5757042926 whenElapsed 5771505816 com.oplus.eyeprotect} uid 10191 whenElapsed 5771505816 windowLength 3600000 maxWhenElapsed 5771505816 repeatInterval 0 action com.oplus.eyeprotect.report.schedule component null flags 0x0, APP_STANDBY_POLICY=5735442938, DEVICE_IDLE_POLICY=5771505816, ATTERY_SAVER_POLICY=5736573007
02-21 09:49:49.063  2809  3608 W ContextImpl: Calling a method in the system process without a qualified user: android.app.ContextImpl.bindService:1970 android.content.ContextWrapper.bindService:863 com.heytap.mcs.biz.statistics.agent.OBUSAgent.bindStatisticsApiService:9 com.heytap.mcs.biz.statistics.agent.OBUSAgent.upload:7 com.heytap.mcs.biz.statistics.agent.AgentManager.upload:3 
02-21 09:49:49.077 16268 17150 D CompatibilityChangeReporter: Compat change id reported: 135634846; UID 1000; state: DISABLED
02-21 09:49:49.077 16268 17150 D CompatibilityChangeReporter: Compat change id reported: 177438394; UID 1000; state: DISABLED
02-21 09:49:49.078 16268 17150 D CompatibilityChangeReporter: Compat change id reported: 135772972; UID 1000; state: DISABLED
02-21 09:49:49.078 16268 17150 D CompatibilityChangeReporter: Compat change id reported: 135754954; UID 1000; state: ENABLED
02-21 09:49:49.082  2809  3608 W ContextImpl: Calling a method in the system process without a qualified user: android.app.ContextImpl.startService:1877 android.content.ContextWrapper.startService:827 com.heytap.mcs.service.McsService.l:8 com.heytap.mcs.service.McsService.d:1 com.heytap.mcs.service.McsService$c.run:36 
02-21 09:49:49.137 16268 16310 W ActivityManager: Slow operation: 66ms so far, now at startProcess: returned from zygote!
02-21 09:49:49.138 16268 16310 W ActivityManager: Slow operation: 67ms so far, now at startProcess: done updating battery stats
02-21 09:49:49.138 16268 16310 W ActivityManager: Slow operation: 67ms so far, now at startProcess: building log message
02-21 09:49:49.138 16268 16310 I ActivityManager: Start proc 15840:com.heytap.mcs.statistics/1000 for service {com.heytap.mcs/com.heytap.mcs.biz.statistics.service.StatisticsApiService}
02-21 09:49:49.138 16268 16310 W ActivityManager: Slow operation: 67ms so far, now at startProcess: starting to update pids map
02-21 09:49:49.139 16268 16310 W ActivityManager: Slow operation: 68ms so far, now at startProcess: done updating pids map
02-21 09:49:49.189 16268 16310 W ActivityManager: Slow operation: 77ms so far, now at startProcess: returned from zygote!
02-21 09:49:49.191 16268 16310 W ActivityManager: Slow operation: 79ms so far, now at startProcess: done updating battery stats
02-21 09:49:49.191 16268 16310 W ActivityManager: Slow operation: 79ms so far, now at startProcess: building log message
02-21 09:49:49.191 16268 16310 I ActivityManager: Start proc 15854:com.heytap.mcs.appservice/1000 for service {com.heytap.mcs/com.heytap.mcs.biz.appservice.McsSdkService}
02-21 09:49:49.191 16268 16310 W ActivityManager: Slow operation: 79ms so far, now at startProcess: starting to update pids map
02-21 09:49:49.192 16268 16310 W ActivityManager: Slow operation: 80ms so far, now at startProcess: done updating pids map
02-21 09:49:49.346 15840 15894 W ContextImpl: Calling a method in the system process without a qualified user: android.app.ContextImpl.bindService:1970 android.content.ContextWrapper.bindService:863 a9.c.a:9 a9.b.b:5 g7.b.i:5 
