02-21 09:49:49.356 16268 16635 D StdIDManager: stdid call:com.heytap.mcs,1000,OUID,10081
02-21 09:51:51.929 16268 16424 D OplusSmartDozeHelper: isInSmartDozeEearlyTime: false
02-21 09:51:51.931 16268 16424 D OplusSmartDozeHelper: isInSmartDozeEearlyTime: false
02-21 09:51:51.969 16268 16317 D CompatibilityChangeReporter: Compat change id reported: 168419799; UID 10107; state: DISABLED
02-21 09:51:51.983 16268 18899 D CompatibilityChangeReporter: Compat change id reported: 135634846; UID 10191; state: DISABLED
02-21 09:51:51.983 16268 18899 D CompatibilityChangeReporter: Compat change id reported: 177438394; UID 10191; state: DISABLED
02-21 09:51:51.983 16268 18899 D CompatibilityChangeReporter: Compat change id reported: 135772972; UID 10191; state: DISABLED
02-21 09:51:51.984 16268 18899 D CompatibilityChangeReporter: Compat change id reported: 135754954; UID 10191; state: ENABLED
02-21 09:51:51.985 16268 16310 D CompatibilityChangeReporter: Compat change id reported: 143937733; UID 10191; state: ENABLED
02-21 09:51:52.006 16268 16310 I ActivityManager: Start proc 11033:com.oplus.eyeprotect/u0a191 for broadcast {com.oplus.eyeprotect/com.oplus.eyeprotect.receiver.EyeAlarmReceiver}
02-21 09:51:52.007 16268 16310 W ContextImpl: Calling a method in the system process without a qualified user: android.app.ContextImpl.sendBroadcast:1193 com.android.server.am.OplusAppStartupConfig.sendAbnormalNotify:1554 com.android.server.am.OplusAppStartupConfig.notifyAbnormalInfo:1487 com.android.server.am.OplusAppStartupManager.handleStartAppInfo:5072 com.android.server.am.ProcessListExtImpl.hookHandleProcessStart:239 
02-21 09:51:52.043 16268 16268 D CompatibilityChangeReporter: Compat change id reported: 135634846; UID 10212; state: DISABLED
02-21 09:51:52.049 16268 16268 D CompatibilityChangeReporter: Compat change id reported: 177438394; UID 10212; state: DISABLED
02-21 09:51:52.050 16268 16268 D CompatibilityChangeReporter: Compat change id reported: 135772972; UID 10212; state: DISABLED
02-21 09:51:52.051 16268 16268 D CompatibilityChangeReporter: Compat change id reported: 135754954; UID 10212; state: ENABLED
02-21 09:51:52.053 16268 16310 D CompatibilityChangeReporter: Compat change id reported: 143937733; UID 10212; state: ENABLED
02-21 09:51:52.066 16268 16268 D CompatibilityChangeReporter: Compat change id reported: 168419799; UID 1000; state: DISABLED
02-21 09:51:52.067 16268 19775 E OplusCustomizeRestrictionManagerService: isBiometricDisabled start
02-21 09:51:52.068 16268 16282 E OplusCustomizeRestrictionManagerService: isBiometricDisabled start
02-21 09:51:52.103 16268 16635 D CompatibilityChangeReporter: Compat change id reported: 168419799; UID 10191; state: DISABLED
02-21 09:51:52.107 16268 16310 W ActivityManager: Slow operation: 65ms so far, now at startProcess: returned from zygote!
02-21 09:51:52.115 16268 16310 W ActivityManager: Slow operation: 73ms so far, now at startProcess: done updating battery stats
02-21 09:51:52.115 16268 16310 W ActivityManager: Slow operation: 73ms so far, now at startProcess: building log message
02-21 09:51:52.115 16268 16310 I ActivityManager: Start proc 15977:com.android.mms/u0a212 for service {com.android.mms/com.ted.android.common.update.TedJobScheduler}
02-21 09:51:52.115 16268 16310 W ActivityManager: Slow operation: 73ms so far, now at startProcess: starting to update pids map
02-21 09:51:52.115 16268 16310 W ActivityManager: Slow operation: 74ms so far, now at startProcess: done updating pids map
02-21 09:51:52.116 16268 17143 W PackageManager: package unknown uid 10107 pid 10058 call SetEnabledSetting(com.oplus.dmp component = androidx.work.impl.background.systemalarm.RescheduleReceiver, 1, 0)
02-21 09:51:52.119 16268 16268 D CompatibilityChangeReporter: Compat change id reported: 168419799; UID 10188; state: DISABLED
02-21 09:51:52.139 16268 17143 D CompatibilityChangeReporter: Compat change id reported: 194532703; UID 10107; state: ENABLED
02-21 09:51:52.150 16268 16268 D CompatibilityChangeReporter: Compat change id reported: 135634846; UID 10169; state: DISABLED
02-21 09:51:52.150 16268 16268 D CompatibilityChangeReporter: Compat change id reported: 177438394; UID 10169; state: DISABLED
02-21 09:51:52.150 16268 16268 D CompatibilityChangeReporter: Compat change id reported: 135772972; UID 10169; state: DISABLED
02-21 09:51:52.151 16268 16268 D CompatibilityChangeReporter: Compat change id reported: 135754954; UID 10169; state: ENABLED
02-21 09:51:52.151 16268 16310 D CompatibilityChangeReporter: Compat change id reported: 143937733; UID 10169; state: ENABLED
02-21 09:51:52.161 16268 16268 D CompatibilityChangeReporter: Compat change id reported: 168419799; UID 10098; state: DISABLED
02-21 09:51:52.189 16268 17307 D OplusJobScheduleManager: scheduleOpTimeOut set oplus job timeout to 2 hour
02-21 09:51:52.190 16268 17307 D JobServiceContext: scheduleOpTimeOut set job timeout ajustedTimeoutMillis = 7200000
02-21 09:51:52.203 16268 16310 W ActivityManager: Slow operation: 53ms so far, now at startProcess: done updating battery stats
02-21 09:51:52.203 16268 16310 W ActivityManager: Slow operation: 53ms so far, now at startProcess: building log message
02-21 09:51:52.203 16268 16310 I ActivityManager: Start proc 16031:com.oplus.deepthinker:worker/u0a169 for service {com.oplus.deepthinker/com.oplus.deepthinker.internal.inner.proton.schedule.TrainJobService}
02-21 09:51:52.203 16268 16310 W ActivityManager: Slow operation: 53ms so far, now at startProcess: starting to update pids map
02-21 09:51:52.203 16268 16310 W ActivityManager: Slow operation: 53ms so far, now at startProcess: done updating pids map
02-21 09:51:52.250 16268 16645 D CommSceneService: notify deep doze changed state=0
02-21 09:51:52.254 16268 16443 I WatchlistLoggingHandler: Start aggregating watchlist records.
02-21 09:51:52.265 16268 16635 D StdIDManager: stdid call:com.oplus.ota,10188,GUID,10188
02-21 09:51:52.282 16268 17307 D CompatibilityChangeReporter: Compat change id reported: 168419799; UID 10169; state: DISABLED
02-21 09:51:52.299 16268 17150 D StdIDManager: stdid call:com.oplus.ota,10188,GUID,10188
02-21 09:51:52.320 16268 19777 W SettingsProvider: You shouldn't keep your settings in the secure settings. This will soon become an error!!!
02-21 09:51:52.322 16268 19777 W SettingsProvider: You shouldn't keep your settings in the secure settings. This will soon become an error!!!
02-21 09:51:52.324 16268 19777 W SettingsProvider: You shouldn't keep your settings in the secure settings. This will soon become an error!!!
02-21 09:51:52.326 16268 17150 W SettingsProvider: You shouldn't keep your settings in the secure settings. This will soon become an error!!!
02-21 09:51:52.332 16268 17143 W SettingsProvider: You shouldn't keep your settings in the secure settings. This will soon become an error!!!
02-21 09:51:52.350 16268 17143 D CompatibilityChangeReporter: Compat change id reported: 161145287; UID 10191; state: DISABLED
02-21 09:51:52.358 16268 16635 D StdIDManager: stdid call:com.oplus.ota,10188,GUID,10188
02-21 09:51:52.371 16268 17143 D CompatibilityChangeReporter: Compat change id reported: 194532703; UID 10084; state: ENABLED
02-21 09:51:52.383 16268 19775 D CompatibilityChangeReporter: Compat change id reported: 171306433; UID 1000; state: ENABLED
02-21 09:51:52.383 16268 19775 D CompatibilityChangeReporter: Compat change id reported: 218533173; UID 1000; state: ENABLED
02-21 09:51:52.397 16268 17143 D CompatibilityChangeReporter: Compat change id reported: 135634846; UID 10084; state: DISABLED
02-21 09:51:52.397 16268 17143 D CompatibilityChangeReporter: Compat change id reported: 177438394; UID 10084; state: DISABLED
02-21 09:51:52.397 16268 17143 D CompatibilityChangeReporter: Compat change id reported: 135772972; UID 10084; state: DISABLED
02-21 09:51:52.397 16268 17143 D CompatibilityChangeReporter: Compat change id reported: 135754954; UID 10084; state: ENABLED
02-21 09:51:52.398 16268 16310 D CompatibilityChangeReporter: Compat change id reported: 143937733; UID 10084; state: ENABLED
02-21 09:51:52.417 16268 16282 D CompatibilityChangeReporter: Compat change id reported: 171306433; UID 10191; state: ENABLED
02-21 09:51:52.417 16268 16282 D CompatibilityChangeReporter: Compat change id reported: 218533173; UID 10191; state: ENABLED
02-21 09:51:52.418 16268 16282 D CompatibilityChangeReporter: Compat change id reported: 226439802; UID 10191; state: DISABLED
02-21 09:51:52.450 16268 16310 W ActivityManager: Slow operation: 54ms so far, now at startProcess: returned from zygote!
02-21 09:51:52.462 16268 19777 W SettingsProvider: You shouldn't keep your settings in the secure settings. This will soon become an error!!!
02-21 09:51:52.468 16268 16310 W ActivityManager: Slow operation: 72ms so far, now at startProcess: done updating battery stats
02-21 09:51:52.469 16268 16310 W ActivityManager: Slow operation: 73ms so far, now at startProcess: building log message
02-21 09:51:52.469 16268 16310 I ActivityManager: Start proc 16126:com.oplus.statistics.rom:cc/u0a84 for content provider {com.oplus.statistics.rom/com.oplus.dcc.cloudctl.CloudCtlContentProvider}
02-21 09:51:52.469 16268 16310 W ActivityManager: Slow operation: 73ms so far, now at startProcess: starting to update pids map
02-21 09:51:52.472 16268 16310 W ActivityManager: Slow operation: 76ms so far, now at startProcess: done updating pids map
02-21 09:51:52.529 16268 16443 I WatchlistLoggingHandler: Milliseconds spent on tryAggregateRecords(): 275
02-21 09:51:52.633 16268 17307 D CompatibilityChangeReporter: Compat change id reported: 161145287; UID 10169; state: DISABLED
02-21 09:51:52.646 16268 17307 D CompatibilityChangeReporter: Compat change id reported: 161145287; UID 10212; state: DISABLED
02-21 09:51:52.663 16268 16611 D OplusDeepThinkerExService: appType onReceive
02-21 09:51:52.663 16268 16611 D AppTypeHttpClient: getAppStoreKindInfo
02-21 09:51:52.819 16268 17307 W SettingsProvider: You shouldn't keep your settings in the secure settings. This will soon become an error!!!
02-21 09:51:52.837 16268 16282 W SettingsProvider: You shouldn't keep your settings in the secure settings. This will soon become an error!!!
02-21 09:51:52.861 15840 15840 W ContextImpl: Calling a method in the system process without a qualified user: android.app.ContextImpl.startService:1877 android.content.ContextWrapper.startService:827 com.heytap.mcs.biz.statistics.StaticProcessTrackStatusManager.exitCurrentProcess:11 com.heytap.mcs.biz.statistics.StaticProcessTrackStatusManager$1.handleMessage:3 android.os.Handler.dispatchMessage:102 
02-21 09:51:52.958 16268 16887 I ActivityManager: Process com.heytap.mcs.statistics (pid 15840) has died: fg  SVC 
02-21 09:51:52.997 16268 19775 D CompatibilityChangeReporter: Compat change id reported: 161145287; UID 10084; state: DISABLED
02-21 09:51:53.059 16268 16635 D IntervalStats: Unable to parse usage stats packages: [329, 330, 358, 368, 369, 431, 505, 538, 564, 569, 615, 693, 713, 819, 820, 821, 822, 823, 824, 825, 826, 828, 829, 830, 831, 832, 833, 834, 835, 836, 837, 838, 839, 840, 850, 853, 854, 855, 856, 857]
02-21 09:51:53.062 16268 16635 D UsageStatsService: User[0] type=3 b=0 e=1740102713054 cb=1733296230384 ce=1740102712990 disk=360 all=701
02-21 09:51:53.084 16268 16635 D IntervalStats: Unable to parse usage stats packages: [329, 330, 358, 368, 369, 431, 505, 538, 564, 569, 615, 693, 713, 819, 820, 821, 822, 823, 824, 825, 826, 828, 829, 830, 831, 832, 833, 834, 835, 836, 837, 838, 839, 840, 850, 853, 854, 855, 856, 857]
02-21 09:51:53.085 16268 16635 D UsageStatsService: User[0] type=3 b=0 e=1740102713079 cb=1733296230384 ce=1740102712990 disk=360 all=701
02-21 09:51:53.085 16268 18899 D CompatibilityChangeReporter: Compat change id reported: 194532703; UID 10169; state: ENABLED
02-21 09:51:53.117 16268 16352 I AppsFilter: interaction: PackageSetting{600b133 com.juhaozhuan.valetdriver/10316} -> PackageSetting{c94c3c7 com.oplus.dmp/10107} BLOCKED
02-21 09:51:53.136 16268 16390 D CompatibilityChangeReporter: Compat change id reported: 218533173; UID 10107; state: ENABLED
02-21 09:51:53.138 16268 16305 D RegisteredServicesCacheExtImpl: Skip 10107 in AccountAuthenticatorCache
02-21 09:51:53.211 15977 16269 E ActivityThread: Failed to find provider info for com.coloros.appmanager.provider.db
02-21 09:51:53.273 15977 16269 E ActivityThread: Failed to find provider info for com.coloros.appmanager.provider.db
02-21 09:51:53.325 16268 16305 D RegisteredServicesCacheExtImpl: Skip 10107 in SyncAdaptersCache
02-21 09:51:53.325 16268 16305 W VoiceInteractionManager: no available voice recognition services found for user 0
02-21 09:51:53.326 15977 16154 W PackageParser: Unknown element under <manifest>: queries at /data/user/0/com.android.mms/app_instant_card/card.apk Binary XML file line #8
02-21 09:51:53.353   668 15705 I keystore2: keystore2::watchdog: Watchdog thread idle -> terminating. Have a great day.
02-21 09:51:53.407 16268 18899 D StdIDManager: stdid call:com.android.mms,10212,OUID,10081
02-21 09:51:53.562 16268 18899 E PackageDexUsage: Unsupported context?
02-21 09:51:53.700 16268 17150 D IntervalStats: Unable to parse usage stats packages: [329, 330, 358, 368, 369, 431, 505, 538, 564, 569, 615, 693, 713, 819, 820, 821, 822, 823, 824, 825, 826, 828, 829, 830, 831, 832, 833, 834, 835, 836, 837, 838, 839, 840, 850, 853, 854, 855, 856, 857]
02-21 09:51:53.701 16268 17150 D UsageStatsService: User[0] type=3 b=0 e=1740102713698 cb=1733296230384 ce=1740102713254 disk=360 all=701
02-21 09:51:53.909 16268 18899 D CompatibilityChangeReporter: Compat change id reported: 168419799; UID 10212; state: DISABLED
02-21 09:51:53.993 16268 17150 W PackageManager: package unknown uid 10212 pid 15977 call SetEnabledSetting(com.android.mms component = com.android.mms.receiver.SmsReceiver, 2, 0)
02-21 09:51:54.000 16268 19774 W PackageManager: package unknown uid 10212 pid 15977 call SetEnabledSetting(com.android.mms component = com.android.mms.datamodel.NoConfirmationSmsSendService, 1, 0)
02-21 09:51:54.115 16268 19777 D StdIDManager: stdid call:com.nearme.instant.platform,10119,OUID,10081
02-21 09:51:54.326 16268 19774 D StdIDManager: stdid call:com.android.mms,10212,OUID,10081
02-21 09:51:55.146 16268 16268 D CompatibilityChangeReporter: Compat change id reported: 135634846; UID 10148; state: DISABLED
02-21 09:51:55.148 16268 16268 D CompatibilityChangeReporter: Compat change id reported: 177438394; UID 10148; state: DISABLED
02-21 09:51:55.149 16268 16268 D CompatibilityChangeReporter: Compat change id reported: 135772972; UID 10148; state: DISABLED
02-21 09:51:55.150 16268 16268 D CompatibilityChangeReporter: Compat change id reported: 135754954; UID 10148; state: ENABLED
02-21 09:51:55.151 16268 16310 D CompatibilityChangeReporter: Compat change id reported: 143937733; UID 10148; state: ENABLED
02-21 09:51:55.195 16268 16310 W ActivityManager: Slow operation: 51ms so far, now at startProcess: done updating battery stats
02-21 09:51:55.195 16268 16310 W ActivityManager: Slow operation: 51ms so far, now at startProcess: building log message
02-21 09:51:55.195 16268 16310 I ActivityManager: Start proc 16739:com.coloros.ocs.opencapabilityservice/u0a148 for service {com.coloros.ocs.opencapabilityservice/com.oplus.ocs.oms.split.job.OmsJobService}
02-21 09:51:55.195 16268 16310 W ActivityManager: Slow operation: 52ms so far, now at startProcess: starting to update pids map
02-21 09:51:55.197 16268 16310 W ActivityManager: Slow operation: 53ms so far, now at startProcess: done updating pids map
02-21 09:51:55.210 16268 16268 D CompatibilityChangeReporter: Compat change id reported: 135634846; UID 10209; state: DISABLED
02-21 09:51:55.210 16268 16268 D CompatibilityChangeReporter: Compat change id reported: 177438394; UID 10209; state: DISABLED
02-21 09:51:55.210 16268 16268 D CompatibilityChangeReporter: Compat change id reported: 135772972; UID 10209; state: DISABLED
02-21 09:51:55.210 16268 16268 D CompatibilityChangeReporter: Compat change id reported: 135754954; UID 10209; state: ENABLED
02-21 09:51:55.211 16268 16310 D CompatibilityChangeReporter: Compat change id reported: 143937733; UID 10209; state: ENABLED
02-21 09:51:55.218 16268 16268 D CompatibilityChangeReporter: Compat change id reported: 135634846; UID 10090; state: DISABLED
02-21 09:51:55.219 16268 16268 D CompatibilityChangeReporter: Compat change id reported: 177438394; UID 10090; state: DISABLED
02-21 09:51:55.219 16268 16268 D CompatibilityChangeReporter: Compat change id reported: 135772972; UID 10090; state: DISABLED
02-21 09:51:55.219 16268 16268 D CompatibilityChangeReporter: Compat change id reported: 135754954; UID 10090; state: ENABLED
02-21 09:51:55.237 16268 18351 D CompatibilityChangeReporter: Compat change id reported: 168419799; UID 10148; state: DISABLED
02-21 09:51:55.243 16268 16310 I ActivityManager: Start proc 16780:com.ted.number/u0a209 for service {com.ted.number/com.ted.android.common.update.TedJobScheduler}
02-21 09:51:55.244 16268 16310 D CompatibilityChangeReporter: Compat change id reported: 143937733; UID 10090; state: ENABLED
02-21 09:51:55.271 16268 16310 W ActivityManager: Slow operation: 54ms so far, now at startProcess: returned from zygote!
02-21 09:51:55.271 16268 16310 W ActivityManager: Slow operation: 54ms so far, now at startProcess: done updating battery stats
02-21 09:51:55.271 16268 16310 W ActivityManager: Slow operation: 54ms so far, now at startProcess: building log message
02-21 09:51:55.271 16268 16310 I ActivityManager: Start proc 16794:com.oplus.ndsf/u0a90 for service {com.oplus.ndsf/androidx.work.impl.background.systemjob.SystemJobService}
02-21 09:51:55.271 16268 16310 W ActivityManager: Slow operation: 54ms so far, now at startProcess: starting to update pids map
02-21 09:51:55.271 16268 16310 W ActivityManager: Slow operation: 55ms so far, now at startProcess: done updating pids map
02-21 09:51:55.277 16268 19774 D CompatibilityChangeReporter: Compat change id reported: 194532703; UID 10213; state: ENABLED
02-21 09:51:55.304 16268 19777 D CompatibilityChangeReporter: Compat change id reported: 168419799; UID 10209; state: DISABLED
02-21 09:51:55.343 16268 19777 D CompatibilityChangeReporter: Compat change id reported: 168419799; UID 10090; state: DISABLED
02-21 09:51:55.350 16268 18899 D CompatibilityChangeReporter: Compat change id reported: 161145287; UID 10148; state: DISABLED
02-21 09:51:55.408 16268 19777 W PackageManager: package unknown uid 10090 pid 16794 call SetEnabledSetting(com.oplus.ndsf component = androidx.work.impl.background.systemjob.SystemJobService, 1, 0)
02-21 09:51:55.421 16268 18899 D CompatibilityChangeReporter: Compat change id reported: 161145287; UID 10090; state: DISABLED
02-21 09:51:55.467  7308  7355 E ActivityThread: Failed to find provider info for com.platform.usercenter.vip
02-21 09:51:55.495  7308  7355 E ActivityThread: Failed to find provider info for com.platform.usercenter.vip
02-21 09:51:55.510 16268 18351 W PackageManager: package unknown uid 10090 pid 16794 call SetEnabledSetting(com.oplus.ndsf component = androidx.work.impl.background.systemalarm.RescheduleReceiver, 2, 0)
02-21 09:51:55.566 16268 18351 D CompatibilityChangeReporter: Compat change id reported: 157233955; UID 10209; state: ENABLED
02-21 09:51:56.039 16268 18351 D StdIDManager: stdid call:com.android.mms,10212,AUID,10081
02-21 09:51:56.043 16268 16942 D StdIDManager: stdid call:com.android.mms,10212,OUID,10081
02-21 09:51:56.517 16268 16352 I AppsFilter: interaction: PackageSetting{600b133 com.juhaozhuan.valetdriver/10316} -> PackageSetting{9e1dce5 com.oplus.ndsf/10090} BLOCKED
02-21 09:51:56.522 16268 16390 D CompatibilityChangeReporter: Compat change id reported: 218533173; UID 10090; state: ENABLED
02-21 09:51:56.523 16268 16305 D RegisteredServicesCacheExtImpl: Skip 10090 in AccountAuthenticatorCache
02-21 09:51:56.553 16268 16305 D RegisteredServicesCacheExtImpl: Skip 10090 in SyncAdaptersCache
02-21 09:51:56.554 16268 16305 W VoiceInteractionManager: no available voice recognition services found for user 0
02-21 09:51:57.104  7440  7490 W ActivityThread: ClassLoader.loadClass: The class loader returned by Thread.getContextClassLoader() may fail for processes that host multiple applications. You should explicitly specify a context class loader. For example: Thread.setContextClassLoader(getClass().getClassLoader());
02-21 09:52:02.704 16268 18899 W PackageManager: package unknown uid 10107 pid 10058 call SetEnabledSetting(com.oplus.dmp component = androidx.work.impl.background.systemalarm.RescheduleReceiver, 2, 0)
02-21 09:52:02.764 16268 16335 D AlarmAlignment: findFirstElapsedTimeWakeupNonStandalone:  nowElapsed = 5771517587
02-21 09:52:02.766 16268 16335 D AlarmAlignment: reAlignAlarms
02-21 09:52:02.767 16268 16335 D AlarmAlignment: alignWithSys: is not RequestedElapsed alarm alignElapsed=Alarm{ad1e5ef type 3 origWhen 5771383987 whenElapsed 5771506757 com.oplus.nhs} uid 1001 whenElapsed 5771506757 windowLength 225000 maxWhenElapsed 5771608987 repeatInterval 300000 action oplus.intent.action.INTERNAL_LOOP_UPDATE_ACTIVITYINFO_ALARM component ComponentInfo{com.oplus.nhs/com.oplus.nhs.pwr.ModemAci.ModemAciAlarmReceiver} flags 0x8, APP_STANDBY_POLICY=5771084746, DEVICE_IDLE_POLICY=5771506757, ATTERY_SAVER_POLICY=0
02-21 09:52:02.767 16268 16335 D AlarmAlignment: alignWithSys: is not RequestedElapsed alarm alignElapsed=Alarm{547e8fc type 3 origWhen 5771394823 whenElapsed 5771506757 com.oplus.obrain} uid 1000 whenElapsed 5771506757 windowLength 450000 maxWhenElapsed 5771844823 repeatInterval 600000 action MIDAS TEN MINUTE CLOCK ACTION component null flags 0x8, APP_STANDBY_POLICY=5771084749, DEVICE_IDLE_POLICY=5771506757, ATTERY_SAVER_POLICY=0
02-21 09:52:02.767 16268 16335 D AlarmAlignment: alignWithSys: is not RequestedElapsed alarm alignElapsed=Alarm{7832b85 type 3 origWhen 5771392691 whenElapsed 5771506757 com.oplus.obrain} uid 1000 whenElapsed 5771506757 windowLength 225000 maxWhenElapsed 5771617691 repeatInterval 300000 action MIDAS FIVE MINUTE CLOCK ACTION component null flags 0x8, APP_STANDBY_POLICY=5771383742, DEVICE_IDLE_POLICY=5771506757, ATTERY_SAVER_POLICY=0
02-21 09:52:02.767 16268 16335 D AlarmAlignment: alignWithSys: is not RequestedElapsed alarm alignElapsed=Alarm{7fa3dda type 3 origWhen 5771384843 whenElapsed 5771506757 com.oplus.metis} uid 10095 whenElapsed 5771506757 windowLength 224999 maxWhenElapsed 5771609842 repeatInterval 0 action com.oplus.action.TIMER_ALARM_TASK component null flags 0x8, APP_STANDBY_POLICY=5771084906, DEVICE_IDLE_POLICY=5771506757, ATTERY_SAVER_POLICY=5771084906
02-21 09:52:02.772 16268 16611 D AppTypeHttpClient: HttpResponse OK
02-21 09:52:02.772 16268 16611 D AppTypeHttpClient: response size: 63
02-21 09:52:02.789 16268 16611 W LoadedApk: System took : 10126ms in onReceive of class com.oplus.deepthinker.service.OplusDeepThinkerExService$1 for action : oplus.intent.action.DEEPTHINKER_GET_APP_STORE_INFO
02-21 09:52:03.708 16268 16352 I AppsFilter: interaction: PackageSetting{600b133 com.juhaozhuan.valetdriver/10316} -> PackageSetting{1ce5da6 com.oplus.dmp/10107} BLOCKED
02-21 09:52:03.715 16268 16305 D RegisteredServicesCacheExtImpl: Skip 10107 in AccountAuthenticatorCache
02-21 09:52:03.747 16268 16305 D RegisteredServicesCacheExtImpl: Skip 10107 in SyncAdaptersCache
02-21 09:52:03.747 16268 16305 W VoiceInteractionManager: no available voice recognition services found for user 0
02-21 09:52:06.515   668 16375 I keystore2: keystore2::watchdog: Watchdog thread idle -> terminating. Have a great day.
02-21 09:52:09.381 16268 16309 I ActivityManager: Waited long enough for: ServiceRecord{e8b0a8d u0 com.android.mms/com.oplus.mms.foundation.libpush.PushMessageAppService}
02-21 09:52:13.230 16268 16869 I ActivityManager: Process com.oplus.deepthinker:worker (pid 16031) has died: cch+5 CEM 
02-21 09:52:14.350 16268 21566 I ActivityManager: Process com.heytap.mcs.appservice (pid 15854) has died: cch+5 CEM 
02-21 09:52:15.708 16268 18206 D UsageStatsService: User[0] type=0 b=1740091145439 e=1740102735707 cb=1740040648476 ce=1740102714362 disk=0 all=2
02-21 09:52:18.376 16268 17150 D CompatibilityChangeReporter: Compat change id reported: 194532703; UID 10209; state: ENABLED
02-21 09:52:22.601 16268 16390 D OplusSmartDozeHelper: enterSmartDozeIfNeeded: s:early
02-21 09:52:22.603 16268 16390 D OplusSmartDozeHelper: isInSmartDozeEearlyTime: false
02-21 09:52:22.603 16268 16390 D OplusSmartDozeHelper: isInSmartDozeEearlyTime: false
02-21 09:52:22.603 16268 16390 D OplusSmartDozeHelper: isInSmartDozeEearlyTime: false
02-21 09:52:22.603 16268 16390 D OplusSmartDozeHelper: isInSmartDozeEearlyTime: false
02-21 09:52:22.604 16268 16390 D OplusSmartDozeHelper: isInSmartDozeEearlyTime: false
02-21 09:52:22.604 16268 16390 D OplusSmartDozeHelper: isInSmartDozeEearlyTime: false
02-21 09:52:22.604 16268 16390 D OplusSmartDozeHelper: isInSmartDozeEearlyTime: false
02-21 09:52:22.604 16268 16390 D OplusSmartDozeHelper: isInSmartDozeEearlyTime: false
02-21 09:52:22.604 16268 16390 D OplusSmartDozeHelper: isInSmartDozeEearlyTime: false
02-21 09:52:22.605 16268 16390 D OplusSmartDozeHelper: isInSmartDozeEearlyTime: false
02-21 09:52:22.605 16268 16390 D OplusSmartDozeHelper: isInSmartDozeEearlyTime: false
02-21 09:52:22.605 16268 16390 D OplusSmartDozeHelper: isInSmartDozeEearlyTime: false
02-21 09:52:22.605 16268 16390 D OplusSmartDozeHelper: isInSmartDozeEearlyTime: false
02-21 09:52:22.605 16268 16390 D OplusSmartDozeHelper: isInSmartDozeEearlyTime: false
02-21 09:52:22.605 16268 16390 D OplusSmartDozeHelper: isInSmartDozeEearlyTime: false
02-21 09:52:22.637 16268 16645 D CommSceneService: notify deep doze changed state=1
02-21 09:52:22.658 16268 16321 W BatteryExternalStatsWorker: error reading Bluetooth stats: 9
02-21 09:52:33.015 16268 16304 D OplusBroadcastSendController: isNeedSkipBatteryBroadcast: skip time out , not skip this battery broadcast
02-21 09:52:33.016 16268 16268 D OplusBrJobSchedulerService: in restriction white list com.oplus.battery action: android.intent.action.BATTERY_CHANGED
02-21 09:52:33.016 16268 16268 D OplusBrJobSchedulerService: in restriction white list com.oplus.battery action: android.intent.action.BATTERY_CHANGED
02-21 09:52:33.016 16268 16268 D OplusBrJobSchedulerService: in restriction white list com.oplus.battery action: android.intent.action.BATTERY_CHANGED
02-21 09:52:33.016 16268 16268 D OplusBrJobSchedulerService: in restriction white list com.tencent.mm action: android.intent.action.BATTERY_CHANGED
02-21 09:52:33.016 16268 16268 D OplusBrJobSchedulerService: in restriction white list com.tencent.mm action: android.intent.action.BATTERY_CHANGED
02-21 09:52:33.016 16268 16268 D OplusBrJobSchedulerService: in restriction white list com.tencent.mm action: android.intent.action.BATTERY_CHANGED
02-21 09:52:33.016 16268 16268 D OplusBrJobSchedulerService: in restriction white list com.tencent.mm action: android.intent.action.BATTERY_CHANGED
02-21 09:52:33.016 16268 16268 D OplusBrJobSchedulerService: in restriction white list com.oplus.location action: android.intent.action.BATTERY_CHANGED
02-21 09:52:33.016 16268 16317 V BroadcastQueue: parallel background broadcast:(BroadcastRecord{f2f9749 u-1 android.intent.action.BATTERY_CHANGED}) should be proxyed, target:(BroadcastFilter{a01a88 10338/u0 ReceiverList{44f62b 13925 cn.i4.mobile/10338/u0 remote:4b93e7a}})
02-21 09:52:53.086 16268 16321 D OplusThermalStats: REPORT_UPDATE_CPU  ->  phoneTemp:250  preHeatThreshold:400
02-21 09:52:53.190 16268 16305 D ProcessCpuTrackerExtImpl: mContext is already set, return now! 
02-21 09:53:10.533 16268 16268 D OplusBrJobSchedulerService: in restriction white list com.oplus.battery action: android.intent.action.BATTERY_CHANGED
02-21 09:53:10.533 16268 16268 D OplusBrJobSchedulerService: in restriction white list com.oplus.battery action: android.intent.action.BATTERY_CHANGED
02-21 09:53:10.533 16268 16268 D OplusBrJobSchedulerService: in restriction white list com.oplus.battery action: android.intent.action.BATTERY_CHANGED
02-21 09:53:10.534 16268 16268 D OplusBrJobSchedulerService: in restriction white list com.tencent.mm action: android.intent.action.BATTERY_CHANGED
02-21 09:53:10.534 16268 16268 D OplusBrJobSchedulerService: in restriction white list com.tencent.mm action: android.intent.action.BATTERY_CHANGED
02-21 09:53:10.534 16268 16268 D OplusBrJobSchedulerService: in restriction white list com.tencent.mm action: android.intent.action.BATTERY_CHANGED
02-21 09:53:10.534 16268 16268 D OplusBrJobSchedulerService: in restriction white list com.tencent.mm action: android.intent.action.BATTERY_CHANGED
02-21 09:53:10.534 16268 16268 D OplusBrJobSchedulerService: in restriction white list com.oplus.location action: android.intent.action.BATTERY_CHANGED
02-21 09:53:10.535 16268 16317 V BroadcastQueue: parallel background broadcast:(BroadcastRecord{5166e29 u-1 android.intent.action.BATTERY_CHANGED}) should be proxyed, target:(BroadcastFilter{a01a88 10338/u0 ReceiverList{44f62b 13925 cn.i4.mobile/10338/u0 remote:4b93e7a}})
02-21 09:53:10.540 16268 16317 V BroadcastQueue: parallel background broadcast:(BroadcastRecord{5166e29 u-1 android.intent.action.BATTERY_CHANGED}) should be proxyed, target:(BroadcastFilter{51942fe 10290/u0 ReceiverList{d7c3eb9 1547 com.tencent.mm:push/10290/u0 remote:dc13880}})
02-21 09:53:10.541 16268 16317 V BroadcastQueue: parallel background broadcast:(BroadcastRecord{5166e29 u-1 android.intent.action.BATTERY_CHANGED}) should be proxyed, target:(BroadcastFilter{2312347 10290/u0 ReceiverList{58bbe86 1547 com.tencent.mm:push/10290/u0 remote:754d361}})
02-21 09:53:10.541 16268 16317 V BroadcastQueue: parallel background broadcast:(BroadcastRecord{5166e29 u-1 android.intent.action.BATTERY_CHANGED}) should be proxyed, target:(BroadcastFilter{8a769ff 10290/u0 ReceiverList{188d1e 21965 com.tencent.mm/10290/u0 remote:e5fdd59}})
02-21 09:53:10.541 16268 16317 V BroadcastQueue: parallel background broadcast:(BroadcastRecord{5166e29 u-1 android.intent.action.BATTERY_CHANGED}) should be proxyed, target:(BroadcastFilter{e9e0451 10290/u0 ReceiverList{b4eb578 21965 com.tencent.mm/10290/u0 remote:6d266db}})
02-21 09:54:09.280 16268 20825 I ActivityManager: Process com.oplus.statistics.rom:cc (pid 16126) has died: svcb SVC 
02-21 09:54:34.971 16268 19777 E OplusCustomizeRestrictionManagerService: isBiometricDisabled start
02-21 09:54:34.973 16268 17307 E OplusCustomizeRestrictionManagerService: isBiometricDisabled start
02-21 09:54:35.054 16268 16268 W Looper  : Slow dispatch took 134ms main h=com.android.server.alarm.AlarmManagerService$AlarmHandler c=com.android.server.alarm.AlarmManagerService$3$$ExternalSyntheticLambda0@ace7c41 m=0
02-21 09:54:35.055 16268 16645 D CommSceneService: notify align tick changed state=1
02-21 09:54:35.055 16268 16645 D OSysNetControlService: handle comm scene=1006 state=1 phoneId=-1
02-21 09:56:30.832 16268 18823 D CompatibilityChangeReporter: Compat change id reported: 135634846; UID 1000; state: DISABLED
02-21 09:56:30.832 16268 18823 D CompatibilityChangeReporter: Compat change id reported: 177438394; UID 1000; state: DISABLED
02-21 09:56:30.833 16268 18823 D CompatibilityChangeReporter: Compat change id reported: 135772972; UID 1000; state: DISABLED
02-21 09:56:30.833 16268 18823 D CompatibilityChangeReporter: Compat change id reported: 135754954; UID 1000; state: ENABLED
02-21 09:56:30.893 16268 16310 W ActivityManager: Slow operation: 64ms so far, now at startProcess: returned from zygote!
02-21 09:56:30.893 16268 16310 W ActivityManager: Slow operation: 65ms so far, now at startProcess: done updating battery stats
02-21 09:56:30.893 16268 16310 W ActivityManager: Slow operation: 65ms so far, now at startProcess: building log message
02-21 09:56:30.893 16268 16310 I ActivityManager: Start proc 18022:com.heytap.mcs.appservice/1000 for content provider {com.heytap.mcs/com.heytap.mcs.biz.appservice.provider.AppServiceContentProvider}
02-21 09:56:30.893 16268 16310 W ActivityManager: Slow operation: 65ms so far, now at startProcess: starting to update pids map
02-21 09:56:30.894 16268 16310 W ActivityManager: Slow operation: 65ms so far, now at startProcess: done updating pids map
02-21 09:56:30.894 16268 16310 W ActivityManager: Slow operation: 58ms so far, now at startProcess: asking zygote to start proc
02-21 09:56:30.938 16268 16310 W ActivityManager: Slow operation: 101ms so far, now at startProcess: returned from zygote!
02-21 09:56:30.947 16268 16310 W ActivityManager: Slow operation: 111ms so far, now at startProcess: done updating battery stats
02-21 09:56:30.948 16268 16310 W ActivityManager: Slow operation: 111ms so far, now at startProcess: building log message
02-21 09:56:30.948 16268 16310 I ActivityManager: Start proc 18085:com.heytap.mcs.statistics/1000 for content provider {com.heytap.mcs/com.heytap.mcs.biz.statistics.provider.StatisticsContentProvider}
02-21 09:56:30.948 16268 16310 W ActivityManager: Slow operation: 111ms so far, now at startProcess: starting to update pids map
02-21 09:56:30.948 16268 16310 W ActivityManager: Slow operation: 111ms so far, now at startProcess: done updating pids map
02-21 09:56:31.071  2809  4956 W ContextImpl: Calling a method in the system process without a qualified user: android.app.ContextImpl.bindService:1970 android.content.ContextWrapper.bindService:863 com.heytap.mcs.biz.message.o.e:8 com.heytap.mcs.biz.message.o.y:9 com.heytap.mcs.biz.message.parser.f$a.run:68 
02-21 09:56:31.076 16268 16942 D CompatibilityChangeReporter: Compat change id reported: 135634846; UID 1000; state: DISABLED
02-21 09:56:31.077 16268 16942 D CompatibilityChangeReporter: Compat change id reported: 177438394; UID 1000; state: DISABLED
02-21 09:56:31.077 16268 16942 D CompatibilityChangeReporter: Compat change id reported: 135772972; UID 1000; state: DISABLED
02-21 09:56:31.077 16268 16942 D CompatibilityChangeReporter: Compat change id reported: 135754954; UID 1000; state: ENABLED
02-21 09:56:31.120 16268 16310 I ActivityManager: Start proc 18139:com.heytap.mcs.biz.message/1000 for service {com.heytap.mcs/com.heytap.mcs.biz.message.MessageDealService}
02-21 09:56:31.167 18085 18154 W ContextImpl: Calling a method in the system process without a qualified user: android.app.ContextImpl.bindService:1970 android.content.ContextWrapper.bindService:863 a9.c.a:9 a9.b.b:5 g7.b.i:5 
02-21 09:56:31.186 16268 18899 D StdIDManager: stdid call:com.heytap.mcs,1000,OUID,10081
02-21 09:56:31.555 16268 16268 I OplusStatusBarManagerServiceEnhance:  getTopIsFullscreen mTopIsFullscreen: false
02-21 09:56:31.581 16268 16268 D NotificationService: vibrateLinearmotorIfNeed, content://settings/system/notification_sound
02-21 09:56:31.585 16268 16268 E SystemServiceRegistry: Manager wrapper not available: linearmotor
02-21 09:56:31.657 16268 16309 I DropBoxManagerService: add tag=system_server_wtf isTagEnabled=true flags=0x2
02-21 09:56:31.661 16268 16309 D DropBoxManagerService: file :: /data/system/dropbox/system_server_wtf@1740102991659.txt
02-21 09:56:31.664 16268 16268 I OplusStatusBarManagerServiceEnhance:  getTopIsFullscreen mTopIsFullscreen: false
02-21 09:56:31.674 16268 16635 D PowerManagerServiceExtImpl: Acquiring suspend blocker "PowerManagerService.WakeLocks"  took 74 ms
02-21 09:56:31.686 16268 16268 W NotificationHistory: Attempted to add notif for locked/gone/disabled user 0
02-21 09:56:31.687 16268 16268 W Looper  : Slow dispatch took 140ms main h=com.android.server.notification.NotificationManagerService$WorkerHandler c=com.android.server.notification.NotificationManagerService$PostNotificationRunnable@1b5a9a4 m=0
02-21 09:56:32.167 16268 18203 D VibratorManagerServiceExtImpl: is not PrebakedSegment
02-21 09:56:32.171 16268 18203 I VibratorManagerServiceExtImpl: vibrate is uid=1000, pid=16268, opPkg=android, effect=Mono{mEffect=Composed{segments=[Step{amplitude=0.0, frequencyHz=0.0, duration=0}, Step{amplitude=-1.0, frequencyHz=0.0, duration=200}, Step{amplitude=0.0, frequencyHz=0.0, duration=200}, Step{amplitude=-1.0, frequencyHz=0.0, duration=0}], repeat=-1}}, attributes=VibrationAttributes: Usage=NOTIFICATION Audio Usage= USAGE_NOTIFICATION Flags=0, token=181482459
02-21 09:56:32.172 16268 18203 D VibratorManagerServiceExtImpl: adaptImeVibration 'android': Composed{segments=[Step{amplitude=0.0, frequencyHz=0.0, duration=0}, Step{amplitude=-1.0, frequencyHz=0.0, duration=200}, Step{amplitude=0.0, frequencyHz=0.0, duration=200}, Step{amplitude=-1.0, frequencyHz=0.0, duration=0}], repeat=-1}, reason = Notification (android 10243) (Delayed)
02-21 09:56:32.172 16268 18203 D VibratorManagerServiceExtImpl: startCustomizeVibratorLocked id= 0,size=1
02-21 09:56:32.172 16268 18203 D VibratorManagerServiceExtImpl: startCustomizeVibratorLocked withCallback=true
02-21 09:56:33.721 16268 16554 D CompatibilityChangeReporter: Compat change id reported: 157233955; UID 1000; state: ENABLED
02-21 09:56:34.372 18085 18085 W ContextImpl: Calling a method in the system process without a qualified user: android.app.ContextImpl.startService:1877 android.content.ContextWrapper.startService:827 com.heytap.mcs.biz.statistics.StaticProcessTrackStatusManager.exitCurrentProcess:11 com.heytap.mcs.biz.statistics.StaticProcessTrackStatusManager$1.handleMessage:3 android.os.Handler.dispatchMessage:102 
02-21 09:56:34.425 16268 16887 I ActivityManager: Process com.heytap.mcs.statistics (pid 18085) has died: vis IMPF
02-21 09:56:34.427 18139 18139 I ActivityThread: Removing dead content provider:android.content.ContentProviderProxy@9b7c24
02-21 09:56:34.427  2809  2809 I ActivityThread: Removing dead content provider:android.content.ContentProviderProxy@44cd330
02-21 09:58:19.006 16268 19774 E OplusCustomizeRestrictionManagerService: isBiometricDisabled start
02-21 09:58:19.006 16268 18899 E OplusCustomizeRestrictionManagerService: isBiometricDisabled start
02-21 09:58:19.045 16268 16268 W Looper  : Slow dispatch took 105ms main h=com.android.server.alarm.AlarmManagerService$AlarmHandler c=com.android.server.alarm.AlarmManagerService$3$$ExternalSyntheticLambda0@d830617 m=0
02-21 09:58:19.164 16268 19774 D CompatibilityChangeReporter: Compat change id reported: 135634846; UID 10290; state: DISABLED
02-21 09:58:19.164 16268 19774 D CompatibilityChangeReporter: Compat change id reported: 177438394; UID 10290; state: DISABLED
02-21 09:58:19.164 16268 19774 D CompatibilityChangeReporter: Compat change id reported: 135772972; UID 10290; state: DISABLED
02-21 09:58:19.165 16268 16310 D CompatibilityChangeReporter: Compat change id reported: 143937733; UID 10290; state: ENABLED
02-21 09:58:19.193 16268 18823 D CompatibilityChangeReporter: Compat change id reported: 194532703; UID 10290; state: ENABLED
02-21 09:58:19.198 16268 16310 I ActivityManager: Start proc 18301:com.tencent.mm:support/u0a290 for service {com.tencent.mm/com.tencent.mm.service.ProcessService$SupportProcessService}
02-21 09:58:19.199 16268 16310 W ContextImpl: Calling a method in the system process without a qualified user: android.app.ContextImpl.sendBroadcast:1193 com.android.server.am.OplusAppStartupConfig.sendAbnormalNotify:1554 com.android.server.am.OplusAppStartupConfig.notifyAbnormalInfo:1487 com.android.server.am.OplusAppStartupManager.handleStartAppInfo:5072 com.android.server.am.ProcessListExtImpl.hookHandleProcessStart:239 
02-21 09:59:38.493 16268 19777 D PowerManagerServiceExtImpl: Acquiring suspend blocker "PowerManagerService.WakeLocks"  took 112 ms
02-21 09:59:48.914 16268 19777 E OplusCustomizeRestrictionManagerService: isBiometricDisabled start
02-21 09:59:48.915 16268 18899 E OplusCustomizeRestrictionManagerService: isBiometricDisabled start
02-21 09:59:48.943   668 18003 I keystore2: keystore2::watchdog: Watchdog thread idle -> terminating. Have a great day.
02-21 09:59:48.963 16268 16645 D CommSceneService: notify align tick changed state=1
02-21 09:59:48.963 16268 16645 D OSysNetControlService: handle comm scene=1006 state=1 phoneId=-1
02-21 09:59:48.963 16268 16335 D AlarmAlignment: findFirstElapsedTimeWakeupNonStandalone:  nowElapsed = 5771983787
02-21 09:59:48.972 16268 16335 D AlarmAlignment: reAlignAlarms
02-21 09:59:54.483 16268 16869 I ActivityManager: Process com.heytap.mcs.appservice (pid 18022) has died: vis IMPF
02-21 10:04:48.925  2809  2809 I ActivityThread: Removing dead content provider:android.content.ContentProviderProxy@42ebba9
02-21 10:04:48.976 16268 16635 E OplusCustomizeRestrictionManagerService: isBiometricDisabled start
02-21 10:04:48.977 16268 19777 E OplusCustomizeRestrictionManagerService: isBiometricDisabled start
02-21 10:04:49.009 18139 18188 W ContextImpl: Calling a method in the system process without a qualified user: android.app.ContextImpl.startService:1877 android.content.ContextWrapper.startService:827 com.heytap.mcs.biz.message.p.c:8 com.heytap.mcs.biz.message.p.j:6 com.heytap.mcs.biz.message.s.n:4 
02-21 10:04:49.096 16268 21566 I ActivityManager: Process com.heytap.mcs.biz.message (pid 18139) has died: fg  SVC 
02-21 10:04:49.112 16268 16268 W Looper  : Slow dispatch took 151ms main h=com.android.server.alarm.AlarmManagerService$AlarmHandler c=com.android.server.alarm.AlarmManagerService$3$$ExternalSyntheticLambda0@e4d4aa m=0
02-21 10:04:49.113 16268 16645 D CommSceneService: notify align tick changed state=1
02-21 10:04:49.113 16268 16645 D OSysNetControlService: handle comm scene=1006 state=1 phoneId=-1
02-21 10:04:49.125 16268 16335 D AlarmAlignment: findFirstElapsedTimeWakeupNonStandalone:  nowElapsed = 5772283949
02-21 10:04:49.127 16268 16335 D AlarmAlignment: reAlignAlarms
02-21 10:04:49.150  2809  2965 W ContextImpl: Calling a method in the system process without a qualified user: android.app.ContextImpl.bindService:1970 android.content.ContextWrapper.bindService:863 com.heytap.mcs.biz.statistics.agent.OBUSAgent.bindStatisticsApiService:9 com.heytap.mcs.biz.statistics.agent.OBUSAgent.upload:7 com.heytap.mcs.biz.statistics.agent.AgentManager.upload:3 
02-21 10:04:49.155 16268 18899 D CompatibilityChangeReporter: Compat change id reported: 135634846; UID 1000; state: DISABLED
02-21 10:04:49.156 16268 18899 D CompatibilityChangeReporter: Compat change id reported: 177438394; UID 1000; state: DISABLED
02-21 10:04:49.156 16268 18899 D CompatibilityChangeReporter: Compat change id reported: 135772972; UID 1000; state: DISABLED
02-21 10:04:49.156 16268 18899 D CompatibilityChangeReporter: Compat change id reported: 135754954; UID 1000; state: ENABLED
02-21 10:04:49.162 16268 16635 D CompatibilityChangeReporter: Compat change id reported: 168419799; UID 1000; state: DISABLED
02-21 10:04:49.196 16268 16310 I ActivityManager: Start proc 18528:com.heytap.mcs.statistics/1000 for service {com.heytap.mcs/com.heytap.mcs.biz.statistics.service.StatisticsApiService}
02-21 10:04:49.198 16268 16321 W BatteryExternalStatsWorker: error reading Bluetooth stats: 9
02-21 10:04:49.482 18528 18560 W ContextImpl: Calling a method in the system process without a qualified user: android.app.ContextImpl.bindService:1970 android.content.ContextWrapper.bindService:863 a9.c.a:9 a9.b.b:5 g7.b.i:5 
02-21 10:04:49.492 16268 19774 D StdIDManager: stdid call:com.heytap.mcs,1000,OUID,10081
02-21 10:04:49.732 16268 16268 D BatteryStatsImplExtImpl: on receive oplus.intent.action.MDPWR_REPORT_TO_BATTERY_STATES
02-21 10:04:50.178 16268 18899 D CompatibilityChangeReporter: Compat change id reported: 171306433; UID 1000; state: ENABLED
02-21 10:04:50.179 16268 18899 D CompatibilityChangeReporter: Compat change id reported: 218533173; UID 1000; state: ENABLED
02-21 10:07:48.691  2809  3596 W ContextImpl: Calling a method in the system process without a qualified user: android.app.ContextImpl.bindService:1970 android.content.ContextWrapper.bindService:863 com.heytap.mcs.biz.message.o.e:8 com.heytap.mcs.biz.message.o.o:5 com.heytap.mcs.biz.message.o.z:3 
02-21 10:07:48.700 16268 19777 D CompatibilityChangeReporter: Compat change id reported: 135634846; UID 1000; state: DISABLED
02-21 10:07:48.702 16268 19777 D CompatibilityChangeReporter: Compat change id reported: 177438394; UID 1000; state: DISABLED
02-21 10:07:48.703 16268 19777 D CompatibilityChangeReporter: Compat change id reported: 135772972; UID 1000; state: DISABLED
02-21 10:07:48.703 16268 19777 D CompatibilityChangeReporter: Compat change id reported: 135754954; UID 1000; state: ENABLED
02-21 10:07:48.720 16268 16544 D OplusBroadcastSendController: isNeedSkipBatteryBroadcast: skip time out , not skip this battery broadcast
02-21 10:07:48.722 16268 16268 D OplusBrJobSchedulerService: in restriction white list com.oplus.battery action: android.intent.action.BATTERY_CHANGED
02-21 10:07:48.722 16268 16268 D OplusBrJobSchedulerService: in restriction white list com.oplus.battery action: android.intent.action.BATTERY_CHANGED
02-21 10:07:48.722 16268 16268 D OplusBrJobSchedulerService: in restriction white list com.oplus.battery action: android.intent.action.BATTERY_CHANGED
02-21 10:07:48.722 16268 16268 D OplusBrJobSchedulerService: in restriction white list com.tencent.mm action: android.intent.action.BATTERY_CHANGED
02-21 10:07:48.722 16268 16268 D OplusBrJobSchedulerService: in restriction white list com.tencent.mm action: android.intent.action.BATTERY_CHANGED
02-21 10:07:48.722 16268 16268 D OplusBrJobSchedulerService: in restriction white list com.tencent.mm action: android.intent.action.BATTERY_CHANGED
02-21 10:07:48.722 16268 16268 D OplusBrJobSchedulerService: in restriction white list com.tencent.mm action: android.intent.action.BATTERY_CHANGED
02-21 10:07:48.722 16268 16268 D OplusBrJobSchedulerService: in restriction white list com.oplus.location action: android.intent.action.BATTERY_CHANGED
02-21 10:07:48.723 16268 16317 V BroadcastQueue: parallel background broadcast:(BroadcastRecord{8082e2f u-1 android.intent.action.BATTERY_CHANGED}) should be proxyed, target:(BroadcastFilter{a01a88 10338/u0 ReceiverList{44f62b 13925 cn.i4.mobile/10338/u0 remote:4b93e7a}})
02-21 10:07:48.727 16268 16321 D BatteryStatsImplExtImpl: updateDevicePowerDetails
02-21 10:07:48.738 16268 16321 D OplusRpmSubsystemManager: battery drained... 
02-21 10:07:48.740 16268 16321 D RpmAidlManager: getPowerStateSubsystemSleepStateListMethod return code: 0
02-21 10:07:48.740 16268 16321 D OplusRpmSubsystemManager: measureOplusRpmMasterStatsDelta... 
02-21 10:07:48.740 16268 16321 D OplusRpmSubsystemManager: elapsedRealTimeDelta :4979765
02-21 10:07:48.740 16268 16321 D OplusRpmSubsystemManager: mRpmSuspendRatioSummay: [APSS:97.81,MPSS:96.56,VMIN:61.73]
02-21 10:07:48.741 16268 16321 D BatteryStatsImplExtImpl: PowerDetails: time=2025-02-21-10-07-48, top=cn.i4.mobile.MainActivity, ref_counts=11479406, ref_mode=0, brightness=0, refs_per_sec=0.0, modem_txTimeMs=[0, 0, 0, 0, 0], traffic=[0,0,0,0], ctr_drain=[0.0285,0,0,0], rpmstat=[APSS:98.58,MPSS:96.65,VMIN:61.47], sap=false, audio=[spk:0, headset:0]
