02-21 14:52:48.515 16268 16291 D DisplayManagerServiceExtImpl: scheduleTraversalLocked intraversal=false
02-21 14:52:48.515 16268 16291 D DisplayManagerService: MSG_REQUEST_TRAVERSAL pendingCompleted=false
02-21 14:52:48.519 16268 16635 V WindowManager: Relayout Window{627dff3 u0 com.android.systemui.ImageWallpaper}: viewVisibility=0, oldvis=0, req=1080x2412
02-21 14:52:48.523 16268 16635 D DisplayManagerService: performTraversalInternal pendingTraversal
02-21 14:52:48.523 16268 16635 D DisplayDevice: setLayerStackLocked id=local:0 token=android.os.BinderProxy@6c3f686 stack=0->0
02-21 14:52:48.526 16268 16317 D CompatibilityChangeReporter: Compat change id reported: 135634846; UID 10251; state: DISABLED
02-21 14:52:48.526 16268 16317 D CompatibilityChangeReporter: Compat change id reported: 177438394; UID 10251; state: DISABLED
02-21 14:52:48.526 16268 16317 D CompatibilityChangeReporter: Compat change id reported: 135772972; UID 10251; state: DISABLED
02-21 14:52:48.526 16268 16317 D CompatibilityChangeReporter: Compat change id reported: 135754954; UID 10251; state: ENABLED
02-21 14:52:48.527 16268 16310 D CompatibilityChangeReporter: Compat change id reported: 143937733; UID 10251; state: ENABLED
02-21 14:52:48.534 16268 16445 E HandwritingModeController: Cannot get requestId: Handwriting was not initialized.
02-21 14:52:48.540 16268 19835 V WindowManager: Relayout Window{9678796 u0 com.android.launcher/com.android.launcher.Launcher}: viewVisibility=0, oldvis=8, req=1080x2412
02-21 14:52:48.540 16268 19835 I WindowManager: Window{9678796 u0 com.android.launcher/com.android.launcher.Launcher} state from NO_SURFACE to DRAW_PENDING; reason: resetDrawState
02-21 14:52:48.541 16268 16310 I ActivityManager: Start proc 25573:com.coloros.alarmclock:clockWidget/u0a251 for broadcast {com.coloros.alarmclock/com.coloros.widget.smallweather.WidgetLauncherStateReceiver}
02-21 14:52:48.548 16268 16291 I DisplayDeviceRepository: Display device changed: DisplayDeviceInfo{"": uniqueId="local:0", 1080 x 2412, modeId 2, defaultModeId 1, supportedModes [{id=1, width=1080, height=2412, fps=60.0, alternativeRefreshRates=[90.0, 120.00001]}, {id=2, width=1080, height=2412, fps=120.00001, alternativeRefreshRates=[60.0, 90.0]}, {id=3, width=1080, height=2412, fps=90.0, alternativeRefreshRates=[60.0, 120.00001]}], colorMode 0, supportedColorModes [0], hdrCapabilities HdrCapabilities{mSupportedHdrTypes=[2, 3, 4], mMaxLuminance=500.0, mMaxAverageLuminance=500.0, mMinLuminance=0.0}, allmSupported false, gameContentTypeSupported false, density 480, 391.885 x 395.256 dpi, appVsyncOff 1099999, presDeadline 13300000, cutout DisplayCutout{insets=Rect(0, 107 - 0, 0) waterfall=Insets{left=0, top=0, right=0, bottom=0} boundingRect={Bounds=[Rect(0, 0 - 0, 0), Rect(502, 0 - 578, 107), Rect(0, 0 - 0, 0), Rect(0, 0 - 0, 0)]} cutoutPathParserInfo={CutoutPathParserInfo{displayWidth=1080 displayHeight=2412 physicalDisplayWidth=1080 physicalDisplayHeight=2412 density={3.0} cutoutSpec={M -38,0 L -38,107 L 38,107 L 38,0 Z} rotation={0} scale={1.0} physicalPixelDisplaySizeRatio={1.0}}}}, touch INTERNAL, rotation 0, type INTERNAL, address {port=0}, deviceProductInfo null, state ON, frameRateOverride , brightnessMinimum 0.0, brightnessMaximum 1.0, brightnessDefault 1964.2275, FLAG_ALLOWED_TO_BE_DEFAULT_DISPLAY, FLAG_ROTATES_WITH_CONTENT, FLAG_SECURE, FLAG_SUPPORTS_PROTECTED_BUFFERS, installOrientation 0}
02-21 14:52:48.550 16268 16291 D DisplayManagerServiceExtImpl: scheduleTraversalLocked intraversal=false
02-21 14:52:48.550 16268 16291 I DisplayManagerServiceExtImpl: handle logical display changed logicalDisplay=id=0,phase=1,stack=0,content=true,displayInfo{stack=0,type=1,id=0,uId=local:0,state=ON,pkg=null}
02-21 14:52:48.550 16268 16291 D DisplayPowerController[0]: screen state changed reported, id = 0, state = 2
02-21 14:52:48.550 16268 16291 D DisplayManagerService: Delivering display event: displayId=0, event=2
02-21 14:52:48.555 16268 16291 D DisplayManagerService: MSG_REQUEST_TRAVERSAL pendingCompleted=false
02-21 14:52:48.555 16268 16268 I WallpaperManagerServiceExt: removeDisplayData. displayId = 0
02-21 14:52:48.558 16268 16292 D DisplayManagerService: performTraversalInternal pendingTraversal
02-21 14:52:48.558 16268 16292 D DisplayDevice: setLayerStackLocked id=local:0 token=android.os.BinderProxy@6c3f686 stack=0->0
02-21 14:52:48.566 16268 16289 D OplusVFXScreenEffectFeature: notifySFCompatWindowStateChange entered false
02-21 14:52:48.586 16659 16659 I Quality : Skipped: false 2 cost 37.596703 refreshRate 16666667 bit true processName com.android.launcher
02-21 14:52:48.594 16268 19827 I WindowManager: Window{9678796 u0 com.android.launcher/com.android.launcher.Launcher} state from DRAW_PENDING to COMMIT_DRAW_PENDING; reason: finishDrawingLocked
02-21 14:52:48.594 16268 19827 D WindowManager: finishDrawingLocked forceApplyNow=false,2,Window{9678796 u0 com.android.launcher/com.android.launcher.Launcher}
02-21 14:52:48.595 16268 16339 D VRR [OPlusRefreshRateService]: handleConfigIdChange physicalDisplayId: 0 configId: 1
02-21 14:52:48.596 16268 16292 I WindowManager: Window{9678796 u0 com.android.launcher/com.android.launcher.Launcher} state from COMMIT_DRAW_PENDING to READY_TO_SHOW; reason: commitFinishDrawingLocked
02-21 14:52:48.599 16268 16292 I WindowManager: Window{9678796 u0 com.android.launcher/com.android.launcher.Launcher} state from READY_TO_SHOW to HAS_DRAWN; reason: performShowLocked
02-21 14:52:48.626 13925 13925 I Quality : Skipped: true 1 cost 8.810681 refreshRate 8369114 bit true processName cn.i4.mobile
02-21 14:52:48.667 16268 19827 D CompatibilityChangeReporter: Compat change id reported: 168419799; UID 10251; state: DISABLED
02-21 14:52:48.819 16268 18823 W PackageManager: package unknown uid 10251 pid 25573 call SetEnabledSetting(com.coloros.alarmclock component = com.oplus.alarmclock.provider.ClockProviderOPlus, 1, 0)
02-21 14:52:48.900 16268 18823 D CompatibilityChangeReporter: Compat change id reported: 161145287; UID 10251; state: DISABLED
02-21 14:52:48.909 16268 16891 D CompatibilityChangeReporter: Compat change id reported: 135634846; UID 10152; state: DISABLED
02-21 14:52:48.909 16268 16891 D CompatibilityChangeReporter: Compat change id reported: 177438394; UID 10152; state: DISABLED
02-21 14:52:48.909 16268 16891 D CompatibilityChangeReporter: Compat change id reported: 135772972; UID 10152; state: DISABLED
02-21 14:52:48.909 16268 16891 D CompatibilityChangeReporter: Compat change id reported: 135754954; UID 10152; state: ENABLED
02-21 14:52:48.910 16268 16310 D CompatibilityChangeReporter: Compat change id reported: 143937733; UID 10152; state: ENABLED
02-21 14:52:48.925 16268 16310 I ActivityManager: Start proc 25605:com.coloros.weather.service/u0a152 for service {com.coloros.weather.service/com.oplus.weather.external.WeatherCommonService}
02-21 14:52:48.965 16268 18823 D CompatibilityChangeReporter: Compat change id reported: 168419799; UID 10152; state: DISABLED
02-21 14:52:49.102 16268 19827 D CompatibilityChangeReporter: Compat change id reported: 161145287; UID 10152; state: DISABLED
02-21 14:52:49.184 16268 16891 D CompatibilityChangeReporter: Compat change id reported: 168936375; UID 10152; state: ENABLED
02-21 14:52:49.185 16268 16891 D CompatibilityChangeReporter: Compat change id reported: 73144566; UID 10152; state: ENABLED
02-21 14:52:49.185 16268 16891 D CompatibilityChangeReporter: Compat change id reported: 171306433; UID 1000; state: ENABLED
02-21 14:52:49.186 16268 16891 D CompatibilityChangeReporter: Compat change id reported: 218533173; UID 1000; state: ENABLED
02-21 14:52:49.298 16268 16291 D TaskChangeNotificationControllerExtImpl: Skip pass Snapshot to listener:android.app.ITaskStackListener$Stub$Proxy@7bf2fe2
02-21 14:52:49.302 16268 19774 D RecentsAnimationController: recent animation finish(true): mCanceled=false
02-21 14:52:49.303 16268 19774 I TaskFragmentExtImpl: reset pause in recents anim for mTaskFragment: Task{ff3b556 #1797 type=standard A=10338:cn.i4.mobile U=0 visible=true visibleRequested=true mode=fullscreen translucent=false sz=1}
02-21 14:52:49.305 16268 19774 I TaskFragmentExtImpl: reset pause in recents anim for mTaskFragment: Task{55d9120 #6 type=home I=com.android.launcher/.Launcher U=0 rootTaskId=1 visible=true visibleRequested=true mode=fullscreen translucent=false sz=1}
02-21 14:52:49.307 16268 19774 V WindowManager: Changing focus from Window{f8cc846 u0 cn.i4.mobile/cn.i4.mobile.MainActivity} to Window{9678796 u0 com.android.launcher/com.android.launcher.Launcher},diplayid=0
02-21 14:52:49.312 16268 19774 D ActivityTaskManager: onWindowFocusChanged Task{55d9120 #6 type=home I=com.android.launcher/.Launcher U=0 rootTaskId=1 visible=true visibleRequested=true mode=fullscreen translucent=false sz=1} would transfer to compact
02-21 14:52:49.315 16268 19774 D RefreshRate: startBoostDisplayRefreshRateForHome: mDisplayFrozen = false
02-21 14:52:49.317 16268 19774 D WindowManager: updateOrientation: mLastOrientation = SCREEN_ORIENTATION_PORTRAIT(1) newOrientation = SCREEN_ORIENTATION_NOSENSOR(5) forceUpdate = true LastOrientationSource = ActivityRecord{e1467b7 u0 com.android.launcher/.Launcher} t6}
02-21 14:52:49.317 16268 19774 D WindowManager: rotation(ROTATION_0) no changed.
02-21 14:52:49.318 16268 19774 D TaskFragmentExtImpl: addColorModeOnResume resume=true pkg = com.android.launcher
02-21 14:52:49.324 16268 19774 I TaskOrganizerController: onTaskInfoChanged taskid 1797 config { mBounds=Rect(0, 0 - 1080, 2412) mAppBounds=Rect(0, 107 - 1080, 2412) mMaxBounds=Rect(0, 0 - 1080, 2412) mDisplayRotation=ROTATION_0 mWindowingMode=fullscreen mDisplayWindowingMode=fullscreen mActivityType=standard mAlwaysOnTop=undefined mRotation=ROTATION_0}
02-21 14:52:49.324 16268 19774 D FlexibleWindowManager: onFlexibleWindowTaskInfoChanged: mTaskId = 1797 oldIsTaskEmbedded = false   curIsTaskEmbedded = false  topActivity = ComponentInfo{cn.i4.mobile/cn.i4.mobile.MainActivity}
02-21 14:52:49.324 16268 19774 I TaskOrganizerController: onTaskInfoChanged taskid 1 config { mBounds=Rect(0, 0 - 1080, 2412) mAppBounds=Rect(0, 107 - 1080, 2412) mMaxBounds=Rect(0, 0 - 1080, 2412) mDisplayRotation=ROTATION_0 mWindowingMode=fullscreen mDisplayWindowingMode=fullscreen mActivityType=home mAlwaysOnTop=undefined mRotation=ROTATION_0}
02-21 14:52:49.324 16268 19774 D FlexibleWindowManager: onFlexibleWindowTaskInfoChanged: mTaskId = 1 oldIsTaskEmbedded = false   curIsTaskEmbedded = false  topActivity = ComponentInfo{com.android.launcher/com.android.launcher.Launcher}
02-21 14:52:49.326 16268 19774 I OplusAppSwitchManagerService:  handleAppVisible , r = ActivityRecord{e1467b7 u0 com.android.launcher/.Launcher} t6}
02-21 14:52:49.330 16268 19774 I TaskOrganizerController: onTaskInfoChanged taskid 1797 config { mBounds=Rect(0, 0 - 1080, 2412) mAppBounds=Rect(0, 107 - 1080, 2412) mMaxBounds=Rect(0, 0 - 1080, 2412) mDisplayRotation=ROTATION_0 mWindowingMode=fullscreen mDisplayWindowingMode=fullscreen mActivityType=standard mAlwaysOnTop=undefined mRotation=ROTATION_0}
02-21 14:52:49.330 16268 19774 D FlexibleWindowManager: onFlexibleWindowTaskInfoChanged: mTaskId = 1797 oldIsTaskEmbedded = false   curIsTaskEmbedded = false  topActivity = ComponentInfo{cn.i4.mobile/cn.i4.mobile.MainActivity}
02-21 14:52:49.332 16268 16891 I OplusJoystickManager: handleApplicationSwitch deprecated!
02-21 14:52:49.333 16268 17320 D OplusAppSwitchListener: Detect cn.i4.mobile switch to background
02-21 14:52:49.333 16268 17320 D OplusEapManager: mTargetExitName :cn.i4.mobile
02-21 14:52:49.333 16268 17320 D VRR [OPlusFrontAppManager]: OnAppSwitchObserver: onAppExit , info.targetName = cn.i4.mobile
02-21 14:52:49.333 16268 17320 D VRR [OPlusFrontAppManager]: packageName: null
02-21 14:52:49.334 16268 16339 D VRR [OPlusRefreshRateService]: handleFrontAppChange pkgName: null
02-21 14:52:49.334 16268 16339 D VRR [OPlusExternalRefreshRateManager]: setFrontPackageName pkgName: null CurPkgName: cn.i4.mobile
02-21 14:52:49.334 16268 17320 D OplusAppSwitchListener: Detect com.android.launcher switch to foreground
02-21 14:52:49.334 16268 17320 D OplusEapManager: mTargetEnterName :com.android.launcher
02-21 14:52:49.334 16268 17320 D VRR [OPlusFrontAppManager]: OnAppSwitchObserver: onAppEnter , info.targetName = com.android.launcher
02-21 14:52:49.334 16268 17320 D VRR [OPlusFrontAppManager]: packageName: com.android.launcher
02-21 14:52:49.342 16268 16339 D VRR [OPlusRefreshRateService]: handleFrontAppChange pkgName: com.android.launcher
02-21 14:52:49.342 16268 16339 D VRR [OPlusExternalRefreshRateManager]: setFrontPackageName pkgName: com.android.launcher CurPkgName: null
02-21 14:52:49.343 16268 18899 D OplusAppListInterceptManager: shouldFilterTask
02-21 14:52:49.343 16268 18899 D OplusAppListInterceptManager: shouldFilterTask::packageName = cn.i4.mobile
02-21 14:52:49.343 16268 18899 D OplusAppListInterceptManager: shouldFilterTask
02-21 14:52:49.343 16268 18899 D OplusAppListInterceptManager: shouldFilterTask::packageName = com.heytap.browser
02-21 14:52:49.343 16268 18899 D OplusAppListInterceptManager: shouldFilterTask
02-21 14:52:49.343 16268 18899 D OplusAppListInterceptManager: shouldFilterTask::packageName = com.coloros.ocrscanner
02-21 14:52:49.343 16268 18899 D OplusAppListInterceptManager: shouldFilterTask
02-21 14:52:49.343 16268 18899 D OplusAppListInterceptManager: shouldFilterTask::packageName = com.android.settings
02-21 14:52:49.343 16268 18899 D OplusSplitScreenManagerService: com.android.settings unSupportsSplitScreen by blockList or ForbidActivityList
02-21 14:52:49.343 16268 18899 D OplusSplitScreenManagerService: com.android.settings unSupportsSplitScreen by blockList or ForbidActivityList
02-21 14:52:49.344 16268 19777 D VRR [OPlusRefreshRateService]:  setFrameRateTargetControl [ 0.0 , cn.i4.mobile , false , com.oplus.battery ]
02-21 14:52:49.345 16268 19777 D VRR [OPlusExternalRefreshRateManager]:  [FRTC] FrameRate : 0 cn.i4.mobile false com.oplus.battery 0 1000
02-21 14:52:49.345 16268 19777 V WindowManager: Relayout Window{f8cc846 u0 cn.i4.mobile/cn.i4.mobile.MainActivity}: viewVisibility=8, oldvis=0, req=1080x2412
02-21 14:52:49.352 16268 19835 D InputMethodManagerService: isSecurity: attribute.packageName = com.android.launcher mCurMethodId = com.baidu.input_oppo/.ImeService isSecurity = false ( enable = true needShow = false inBlackList = false isExist = true )
02-21 14:52:49.353 16268 16291 D BatteryStatsImplExtImpl: pausedBatteryLevel:90 activityFocusedTimeInMin:0
02-21 14:52:49.357 16268 16319 E OplusThermalStats: Error getting package info: com.android.launcher
02-21 14:52:49.359 16268 16339 D VRR [OPlusSurfaceFlingerController]:  add frtc FrameRate : 0 cn.i4.mobile false com.oplus.battery
02-21 14:52:49.370 16268 16891 D OplusFullScreenDisplayManager: adjustWindowParamsLw cn.i4.mobile, no change cutoutMode: 1
02-21 14:52:49.370 16268 16891 V WindowManager: Relayout Window{f8cc846 u0 cn.i4.mobile/cn.i4.mobile.MainActivity}: viewVisibility=8, oldvis=8, req=1080x2412
02-21 14:52:49.379 16268 18823 I WindowManager: Window{f8cc846 u0 cn.i4.mobile/cn.i4.mobile.MainActivity} state from HAS_DRAWN to NO_SURFACE; reason: destroySurface
02-21 14:52:49.395 16268 16291 D OplusBatteryManager: getPsyBatteryRm: 3716
02-21 14:52:49.395 16268 16291 D BatteryStatsImplExtImpl: resumedUid:10176 resumedBatteryLevel:90  resumedPackage:com.android.launcher  resumedBatteryRealtimeCapacity:3716
02-21 14:52:49.396 16268 16291 V WindowManager: Unknown focus tokens, dropping reportFocusChanged
02-21 14:52:49.450 16268 16380 D OplusAppListInterceptManager: shouldFilterTask
02-21 14:52:49.450 16268 16380 D OplusAppListInterceptManager: shouldFilterTask::packageName = cn.i4.mobile
02-21 14:52:49.450 16268 16380 D OplusAppListInterceptManager: shouldFilterTask
02-21 14:52:49.450 16268 16380 D OplusAppListInterceptManager: shouldFilterTask::packageName = com.heytap.browser
02-21 14:52:49.533 16268 16380 D CompatibilityChangeReporter: Compat change id reported: 135634846; UID 10268; state: DISABLED
02-21 14:52:49.533 16268 16380 D CompatibilityChangeReporter: Compat change id reported: 177438394; UID 10268; state: DISABLED
02-21 14:52:49.533 16268 16380 D CompatibilityChangeReporter: Compat change id reported: 135772972; UID 10268; state: DISABLED
02-21 14:52:49.533 16268 16380 D CompatibilityChangeReporter: Compat change id reported: 135754954; UID 10268; state: ENABLED
02-21 14:52:49.534 16268 16310 D CompatibilityChangeReporter: Compat change id reported: 143937733; UID 10268; state: ENABLED
02-21 14:52:49.544 16268 16310 I ActivityManager: Start proc 25679:com.coloros.weather2/u0a268 for content provider {com.coloros.weather2/com.oplus.weather.service.provider.WeatherProvider}
02-21 14:52:49.564 16268 16380 D CompatibilityChangeReporter: Compat change id reported: 168419799; UID 10268; state: DISABLED
02-21 14:52:49.615 16268 16268 D RefreshRate: RESET_BOOST_MSG 
02-21 14:52:49.663 16268 18899 W SettingsProvider: You shouldn't keep your settings in the secure settings. This will soon become an error!!!
02-21 14:52:49.833 16268 16336 D OplusSmartBrightnessController: handleMessage MSG_LUX_CHANGED, mLux:302.56564 luxQueue=[302.56564, 302.56564, 302.56564, 302.56564, 302.56564, 302.56564, 302.56564]
02-21 14:52:49.833 16268 16336 D OplusDisplayBrightnessGuardStrategy: handleUpdateBrightness getNextPoint,LargeChanged:false,isRegressionDefaultSpline:false,full:true,HBM:false,count=3,point:(302.56564, 98.20557, 1689.0258),target:(525.37555, 114.9594, 1822.9558),drag:null,large[193.35971,1168.0634],small[326.16605,910.9882]
02-21 14:52:49.833 16268 16336 D OplusSmartBrightnessController: handleUpdateBrightness brightness changed display[-1]:(525.37555, 114.9594, 1822.9558)->(302.56564, 98.20557, 1689.0258),isReset=false lux=302.56564 luxQ=[302.56564, 302.56564, 302.56564, 302.56564, 302.56564, 302.56564, 302.56564],drag:null
02-21 14:52:49.834 16268 16336 I OplusSmartBrightnessController: update target brightness point to : (525.37555, 114.9594, 1822.9558)->(302.56564, 98.20557, 1689.0258)
02-21 14:52:49.834 16268 16336 I OplusDisplayBrightnessGuardStrategy: updateGuardStrategy update guard point: (302.56564, 98.20557, 1689.0258)
02-21 14:52:49.834 16268 16336 I OplusDisplayBrightnessGuardStrategy: updateGuardStrategy large lux threshold: [ (54.10353, 67.407814, 1411.1123), (735.1313, 131.85052, 1945.7382) ]
02-21 14:52:49.834 16268 16336 I OplusDisplayBrightnessGuardStrategy: updateGuardStrategy small lux threshold: [ (153.48837, 88.38974, 1604.2085), (562.10504, 117.9238, 1846.1324) ]
02-21 14:52:49.834 16268 16336 I OplusSmartBrightnessController: onTargetBrightnessChange brightness change to (302.56564, 98.20557, 1689.0258)
02-21 14:52:49.834 16268 16334 D CameraDelegate: gallery enhance brightness not support
02-21 14:52:49.834 16268 16334 I ColorAutomaticBrightnessController: updateAutoBrightness: Auto, sendUpdate = true adjustment=6892.156738,changed:3515->1689,modified:1689->1689->1689,changed=true,cameraMode=-1,ProximityNear=false
02-21 14:52:49.834 16268 16334 D DpcExtImpl[0]: original brightness:3515 final brightness:3515.0 scale:1.0 reason:5 darkLevel:0
02-21 14:52:49.844 16268 16380 W PackageManager: package unknown uid 10268 pid 25679 call SetEnabledSetting(com.coloros.weather2 component = androidx.work.impl.background.systemjob.SystemJobService, 1, 0)
02-21 14:52:49.918 16268 18823 D StdIDManager: stdid call:com.coloros.weather2,10268,OUID,10081
02-21 14:52:49.959 16268 18823 D CompatibilityChangeReporter: Compat change id reported: 161145287; UID 10268; state: DISABLED
02-21 14:52:50.007 16268 18823 D StdIDManager: stdid call:com.coloros.weather2,10268,OUID,10081
02-21 14:52:50.046 16268 19777 D VRR [OPlusExternalRefreshRateManager]: isPkgTfcEnable: pkgName = com.coloros.weather2, enable = false
02-21 14:52:50.046 16268 19777 D VRR [OPlusExternalRefreshRateManager]: getTfcMinFramerate: pkgName = com.coloros.weather2, min framerate = 0
02-21 14:52:50.070 16268 16268 I AppWidgetServiceImpl: handleNotifyUpdateAppWidget,appWidgetId: 2,packageName:com.coloros.alarmclock
02-21 14:52:50.076 16268 19774 D CompatibilityChangeReporter: Compat change id reported: 161252188; UID 10149; state: DISABLED
02-21 14:52:50.335 16268 16334 D CameraDelegate: handleMessage MSG_MODE_RECOVERY_BRIGHTNESS
02-21 14:52:50.475 16268 19774 W SettingsProvider: You shouldn't keep your settings in the secure settings. This will soon become an error!!!
02-21 14:52:50.486 16268 16380 D CompatibilityChangeReporter: Compat change id reported: 168419799; UID 10156; state: DISABLED
02-21 14:52:51.033 16268 16336 D OplusSmartBrightnessController: handleMessage MSG_LUX_CHANGED, mLux:302.56564 luxQueue=[302.56564, 302.56564, 302.56564, 302.56564, 302.56564, 302.56564]
02-21 14:52:51.202 16268 16380 W SettingsProvider: You shouldn't keep your settings in the secure settings. This will soon become an error!!!
02-21 14:52:51.265 16268 18823 D CompatibilityChangeReporter: Compat change id reported: 168419799; UID 10047; state: DISABLED
02-21 14:52:51.279 16268 18899 D OplusJobScheduleManager: scheduleOpTimeOut set oplus job timeout to 2 hour
02-21 14:52:51.279 16268 18899 D JobServiceContext: scheduleOpTimeOut set job timeout ajustedTimeoutMillis = 7200000
02-21 14:52:51.300 16268 18823 D OplusJobScheduleManager: scheduleOpTimeOut set oplus job timeout to 2 hour
02-21 14:52:51.300 16268 18823 D JobServiceContext: scheduleOpTimeOut set job timeout ajustedTimeoutMillis = 7200000
02-21 14:52:51.337 16268 19774 D OplusJobScheduleManager: scheduleOpTimeOut set oplus job timeout to 2 hour
02-21 14:52:51.337 16268 19774 D JobServiceContext: scheduleOpTimeOut set job timeout ajustedTimeoutMillis = 7200000
02-21 14:52:51.365 16268 18823 D OplusJobScheduleManager: scheduleOpTimeOut set oplus job timeout to 2 hour
02-21 14:52:51.365 16268 18823 D JobServiceContext: scheduleOpTimeOut set job timeout ajustedTimeoutMillis = 7200000
02-21 14:52:51.401 16268 19777 D OplusJobScheduleManager: scheduleOpTimeOut set oplus job timeout to 2 hour
02-21 14:52:51.401 16268 19777 D JobServiceContext: scheduleOpTimeOut set job timeout ajustedTimeoutMillis = 7200000
02-21 14:52:51.436 16268 18899 D OplusJobScheduleManager: scheduleOpTimeOut set oplus job timeout to 2 hour
02-21 14:52:51.436 16268 18899 D JobServiceContext: scheduleOpTimeOut set job timeout ajustedTimeoutMillis = 7200000
02-21 14:52:51.499 15356 25756 I Quality : DecodeBitmapInfo:decodeStream,54653846
02-21 14:52:51.546 16268 16336 D OplusFeatureHDREnhanceBrightness: checkIsPlayingHDR isPlayingHDR=0 rotation=0 whiteApp=false battery=90
02-21 14:52:51.621 16268 19774 D OplusJobScheduleManager: scheduleOpTimeOut set oplus job timeout to 2 hour
02-21 14:52:51.621 16268 19774 D JobServiceContext: scheduleOpTimeOut set job timeout ajustedTimeoutMillis = 7200000
02-21 14:52:51.627 16268 16891 D OplusJobScheduleManager: scheduleOpTimeOut set oplus job timeout to 2 hour
02-21 14:52:51.627 16268 16891 D JobServiceContext: scheduleOpTimeOut set job timeout ajustedTimeoutMillis = 7200000
02-21 14:52:51.646 16268 16891 D OplusJobScheduleManager: scheduleOpTimeOut set oplus job timeout to 2 hour
02-21 14:52:51.646 16268 16891 D JobServiceContext: scheduleOpTimeOut set job timeout ajustedTimeoutMillis = 7200000
02-21 14:52:51.706 16268 18823 D OplusJobScheduleManager: scheduleOpTimeOut set oplus job timeout to 2 hour
02-21 14:52:51.706 16268 18823 D JobServiceContext: scheduleOpTimeOut set job timeout ajustedTimeoutMillis = 7200000
02-21 14:52:51.750 16268 20825 I ActivityManager: Process com.heytap.pictorial:ui (pid 25087) has died: cch+5 CEM 
02-21 14:52:51.752 16268 18226 D OplusJobScheduleManager: scheduleOpTimeOut set oplus job timeout to 2 hour
02-21 14:52:51.752 16268 18226 D JobServiceContext: scheduleOpTimeOut set job timeout ajustedTimeoutMillis = 7200000
02-21 14:52:51.832 16268 16635 D OplusJobScheduleManager: scheduleOpTimeOut set oplus job timeout to 2 hour
02-21 14:52:51.832 16268 16635 D JobServiceContext: scheduleOpTimeOut set job timeout ajustedTimeoutMillis = 7200000
02-21 14:52:51.899 16268 19835 D OplusJobScheduleManager: scheduleOpTimeOut set oplus job timeout to 2 hour
02-21 14:52:51.899 16268 19835 D JobServiceContext: scheduleOpTimeOut set job timeout ajustedTimeoutMillis = 7200000
02-21 14:52:51.931 16268 19835 D OplusJobScheduleManager: scheduleOpTimeOut set oplus job timeout to 2 hour
02-21 14:52:51.931 16268 19835 D JobServiceContext: scheduleOpTimeOut set job timeout ajustedTimeoutMillis = 7200000
02-21 14:52:51.981 16268 19777 D OplusJobScheduleManager: scheduleOpTimeOut set oplus job timeout to 2 hour
02-21 14:52:51.981 16268 19777 D JobServiceContext: scheduleOpTimeOut set job timeout ajustedTimeoutMillis = 7200000
02-21 14:52:52.026 16268 16380 W SettingsProvider: You shouldn't keep your settings in the secure settings. This will soon become an error!!!
02-21 14:52:52.027 16268 19827 D OplusJobScheduleManager: scheduleOpTimeOut set oplus job timeout to 2 hour
02-21 14:52:52.027 16268 19827 D JobServiceContext: scheduleOpTimeOut set job timeout ajustedTimeoutMillis = 7200000
02-21 14:52:52.110 16268 16291 I DisplayDeviceRepository: Display device changed: DisplayDeviceInfo{"": uniqueId="local:0", 1080 x 2412, modeId 1, defaultModeId 1, supportedModes [{id=1, width=1080, height=2412, fps=60.0, alternativeRefreshRates=[90.0, 120.00001]}, {id=2, width=1080, height=2412, fps=120.00001, alternativeRefreshRates=[60.0, 90.0]}, {id=3, width=1080, height=2412, fps=90.0, alternativeRefreshRates=[60.0, 120.00001]}], colorMode 0, supportedColorModes [0], hdrCapabilities HdrCapabilities{mSupportedHdrTypes=[2, 3, 4], mMaxLuminance=500.0, mMaxAverageLuminance=500.0, mMinLuminance=0.0}, allmSupported false, gameContentTypeSupported false, density 480, 391.885 x 395.256 dpi, appVsyncOff 1133334, presDeadline 16600000, cutout DisplayCutout{insets=Rect(0, 107 - 0, 0) waterfall=Insets{left=0, top=0, right=0, bottom=0} boundingRect={Bounds=[Rect(0, 0 - 0, 0), Rect(502, 0 - 578, 107), Rect(0, 0 - 0, 0), Rect(0, 0 - 0, 0)]} cutoutPathParserInfo={CutoutPathParserInfo{displayWidth=1080 displayHeight=2412 physicalDisplayWidth=1080 physicalDisplayHeight=2412 density={3.0} cutoutSpec={M -38,0 L -38,107 L 38,107 L 38,0 Z} rotation={0} scale={1.0} physicalPixelDisplaySizeRatio={1.0}}}}, touch INTERNAL, rotation 0, type INTERNAL, address {port=0}, deviceProductInfo null, state ON, frameRateOverride , brightnessMinimum 0.0, brightnessMaximum 1.0, brightnessDefault 1964.2275, FLAG_ALLOWED_TO_BE_DEFAULT_DISPLAY, FLAG_ROTATES_WITH_CONTENT, FLAG_SECURE, FLAG_SUPPORTS_PROTECTED_BUFFERS, installOrientation 0}
02-21 14:52:52.111 16268 16291 D DisplayManagerServiceExtImpl: scheduleTraversalLocked intraversal=false
02-21 14:52:52.111 16268 16291 I DisplayManagerServiceExtImpl: handle logical display changed logicalDisplay=id=0,phase=1,stack=0,content=true,displayInfo{stack=0,type=1,id=0,uId=local:0,state=ON,pkg=null}
02-21 14:52:52.111 16268 16291 D DisplayPowerController[0]: screen state changed reported, id = 0, state = 2
02-21 14:52:52.111 16268 16291 D DisplayManagerService: Delivering display event: displayId=0, event=2
02-21 14:52:52.117 16268 16291 D DisplayManagerService: MSG_REQUEST_TRAVERSAL pendingCompleted=false
02-21 14:52:52.119 16268 16268 I WallpaperManagerServiceExt: removeDisplayData. displayId = 0
02-21 14:52:52.125 16268 16289 D OplusVFXScreenEffectFeature: notifySFCompatWindowStateChange entered false
02-21 14:52:52.127 16268 16292 D DisplayManagerService: performTraversalInternal pendingTraversal
02-21 14:52:52.127 16268 16292 D DisplayDevice: setLayerStackLocked id=local:0 token=android.os.BinderProxy@6c3f686 stack=0->0
02-21 14:52:52.159 16268 16339 D VRR [OPlusRefreshRateService]: handleConfigIdChange physicalDisplayId: 0 configId: 0
02-21 14:52:52.232 16268 16407 D NetworkDiagnostics: unbind service
02-21 14:52:52.233 16268 16336 D OplusSmartBrightnessController: handleMessage MSG_LUX_CHANGED, mLux:302.56564 luxQueue=[302.56564, 302.56564, 302.56564, 302.56564, 302.56564, 302.56564]
02-21 14:52:52.361 13925 13925 D ActivityThread: do gfx trim 40 success
02-21 14:52:53.634 16268 16336 D OplusSmartBrightnessController: handleMessage MSG_LUX_CHANGED, mLux:363.34247 luxQueue=[363.34247, 363.34247, 363.34247, 363.34247, 363.34247]
02-21 14:52:55.034 16268 16336 D OplusSmartBrightnessController: handleMessage MSG_LUX_CHANGED, mLux:363.34247 luxQueue=[363.34247, 363.34247, 363.34247, 363.34247, 363.34247, 363.34247, 363.34247]
02-21 14:52:55.110 16268 16336 D OplusFeatureHDREnhanceBrightness: checkIsPlayingHDR isPlayingHDR=0 rotation=0 whiteApp=false battery=90
02-21 14:52:55.290 16268 16380 D CompatibilityChangeReporter: Compat change id reported: 161145287; UID 10290; state: DISABLED
02-21 14:52:55.337 16268 16380 W PackageManager: package unknown uid 10084 pid 7374 call SetEnabledSetting(com.oplus.statistics.rom component = androidx.work.impl.background.systemalarm.RescheduleReceiver, 1, 0)
02-21 14:52:55.343 16268 16380 D CompatibilityChangeReporter: Compat change id reported: 194532703; UID 10084; state: ENABLED
02-21 14:52:55.434 16268 16380 W SettingsProvider: You shouldn't keep your settings in the secure settings. This will soon become an error!!!
02-21 14:52:55.490 16268 16289 V WindowOrientationListener: onSensorChanged mDesiredRotation = 4
02-21 14:52:55.548 15356 19622 I Quality : BitmapCompressInfo:1080,2412,0,100,104604692
02-21 14:52:55.642 15356 19621 I Quality : BitmapCompressInfo:1080,2412,0,100,101889923
02-21 14:52:55.943 16268 16268 D OplusBrJobSchedulerService: in restriction white list com.oplus.battery action: android.intent.action.BATTERY_CHANGED
02-21 14:52:55.943 16268 16268 D OplusBrJobSchedulerService: in restriction white list com.oplus.battery action: android.intent.action.BATTERY_CHANGED
02-21 14:52:55.943 16268 16268 D OplusBrJobSchedulerService: in restriction white list com.oplus.battery action: android.intent.action.BATTERY_CHANGED
02-21 14:52:55.943 16268 16268 D OplusBrJobSchedulerService: in restriction white list com.tencent.mm action: android.intent.action.BATTERY_CHANGED
02-21 14:52:55.943 16268 16268 D OplusBrJobSchedulerService: in restriction white list com.tencent.mm action: android.intent.action.BATTERY_CHANGED
02-21 14:52:55.943 16268 16268 D OplusBrJobSchedulerService: in restriction white list com.tencent.mm action: android.intent.action.BATTERY_CHANGED
02-21 14:52:55.943 16268 16268 D OplusBrJobSchedulerService: in restriction white list com.tencent.mm action: android.intent.action.BATTERY_CHANGED
02-21 14:52:55.943 16268 16268 D OplusBrJobSchedulerService: in restriction white list com.oplus.location action: android.intent.action.BATTERY_CHANGED
02-21 14:52:55.992 16268 16891 D OplusJobScheduleManager: scheduleOpTimeOut set oplus job timeout to 2 hour
02-21 14:52:55.993 16268 16891 D JobServiceContext: scheduleOpTimeOut set job timeout ajustedTimeoutMillis = 7200000
02-21 14:52:56.046 16268 16891 D OplusJobScheduleManager: scheduleOpTimeOut set oplus job timeout to 2 hour
02-21 14:52:56.046 16268 16891 D JobServiceContext: scheduleOpTimeOut set job timeout ajustedTimeoutMillis = 7200000
02-21 14:52:56.049 16745 17371 I Quality : DecodeBitmapInfo:decodeStream,51610385
02-21 14:52:56.145 16268 16317 D CompatibilityChangeReporter: Compat change id reported: 168419799; UID 10290; state: DISABLED
02-21 14:52:56.236 16268 16336 D OplusSmartBrightnessController: handleMessage MSG_LUX_CHANGED, mLux:363.34247 luxQueue=[363.34247, 363.34247, 363.34247, 363.34247, 363.34247, 363.34247]
02-21 14:52:57.634 16268 16336 D OplusSmartBrightnessController: handleMessage MSG_LUX_CHANGED, mLux:363.34247 luxQueue=[363.34247, 363.34247, 363.34247, 363.34247, 363.34247, 363.34247, 363.34247]
02-21 14:52:58.446 16268 18226 W SettingsProvider: You shouldn't keep your settings in the secure settings. This will soon become an error!!!
02-21 14:52:58.634 16268 16336 D OplusSmartBrightnessController: handleMessage MSG_LUX_CHANGED, mLux:553.9624 luxQueue=[553.9624, 553.9624, 553.9624, 553.9624, 553.9624]
02-21 14:52:59.834 16268 16336 D OplusSmartBrightnessController: handleMessage MSG_LUX_CHANGED, mLux:553.9624 luxQueue=[553.9624, 553.9624, 553.9624, 553.9624, 553.9624, 553.9624]
02-21 14:53:00.008 16268 16645 D CommSceneService: notify align tick changed state=1
02-21 14:53:00.009 16268 16645 D OSysNetControlService: handle comm scene=1006 state=1 phoneId=-1
02-21 14:53:00.012 16268 18226 E OplusCustomizeRestrictionManagerService: isBiometricDisabled start
02-21 14:53:00.012 16268 18899 E OplusCustomizeRestrictionManagerService: isBiometricDisabled start
02-21 14:53:00.040 16268 18899 E OplusCustomizeRestrictionManagerService: isBiometricDisabled start
02-21 14:53:00.041 16268 18226 E OplusCustomizeRestrictionManagerService: isBiometricDisabled start
02-21 14:53:00.258 16268 16309 I ActivityManager: Waited long enough for: ServiceRecord{8c33c05 u0 com.oplus.sau/com.oplusos.sau.opex.service.OpexWorkService}
02-21 14:53:01.099 16268 18899 W SettingsProvider: You shouldn't keep your settings in the secure settings. This will soon become an error!!!
02-21 14:53:01.234 16268 16336 D OplusSmartBrightnessController: handleMessage MSG_LUX_CHANGED, mLux:553.9624 luxQueue=[553.9624, 553.9624, 553.9624, 553.9624, 553.9624, 553.9624, 553.9624]
02-21 14:53:02.448 16268 16887 I ActivityManager: Process com.heytap.mcs.appservice (pid 24047) has died: vis IMPF
02-21 14:53:02.450  2809  2809 I ActivityThread: Removing dead content provider:android.content.ContentProviderProxy@94bc197
02-21 14:53:02.467 16268 16645 D OAppNetControlService: Hans update:[10267=false][0|0] blackList:[10244, 10254]
02-21 14:53:02.471 16268 16645 D OAppNetControlService: Hans update:[10244=false][0|0] blackList:[10254]
02-21 14:53:02.478 16268 16645 D OAppNetControlService: Hans update:[10254=false][0|0] blackList:[]
02-21 14:53:02.633 16268 16336 D OplusSmartBrightnessController: handleMessage MSG_LUX_CHANGED, mLux:553.9624 luxQueue=[553.9624, 553.9624, 553.9624, 553.9624, 553.9624, 553.9624, 553.9624]
02-21 14:53:03.172   668 24505 I keystore2: keystore2::watchdog: Watchdog thread idle -> terminating. Have a great day.
02-21 14:53:03.973 16268 16645 D OAppNetControlService: Hans update:[10267=true][0|0] blackList:[10267]
02-21 14:53:03.982 16268 16645 D OAppNetControlService: Hans update:[10244=true][0|0] blackList:[10267, 10244]
02-21 14:53:03.992 16268 16645 D OAppNetControlService: Hans update:[10254=true][0|0] blackList:[10267, 10244, 10254]
02-21 14:53:04.089 16268 18226 D StdIDManager: stdid call:com.oplus.sau,1000,GUID,1000
02-21 14:53:04.089 16268 18226 D StdIDManager: pkg: com.oplus.sau is accessing GUID through system uid.
02-21 14:53:04.096 16268 18226 D StdIDManager: stdid call:com.oplus.sau,1000,GUID,1000
02-21 14:53:04.096 16268 18226 D StdIDManager: pkg: com.oplus.sau is accessing GUID through system uid.
02-21 14:53:04.240 16268 16336 D OplusSmartBrightnessController: handleMessage MSG_LUX_CHANGED, mLux:553.19995 luxQueue=[553.19995, 553.19995, 553.19995, 553.19995, 553.19995, 553.19995, 553.19995]
02-21 14:53:04.347 16268 16645 D OAppNetControlService: Close socket:[10338] cause:App bg(IMMEDIATELY) success!
02-21 14:53:04.347 16268 16645 D OAppNetControlService: Hans update:[10338=true][0|0] blackList:[10267, 10244, 10254, 10338]
02-21 14:53:05.640 16268 16336 D OplusSmartBrightnessController: handleMessage MSG_LUX_CHANGED, mLux:553.19995 luxQueue=[553.19995, 553.19995, 553.19995, 553.19995, 553.19995, 553.19995, 553.19995]
02-21 14:53:07.036 16268 16336 D OplusSmartBrightnessController: handleMessage MSG_LUX_CHANGED, mLux:553.19995 luxQueue=[553.19995, 553.19995, 553.19995, 553.19995, 553.19995, 553.19995, 553.19995]
02-21 14:53:08.238 16268 16336 D OplusSmartBrightnessController: handleMessage MSG_LUX_CHANGED, mLux:553.19995 luxQueue=[553.19995, 553.19995, 553.19995, 553.19995, 553.19995, 553.19995]
02-21 14:53:09.638 16268 16336 D OplusSmartBrightnessController: handleMessage MSG_LUX_CHANGED, mLux:553.19995 luxQueue=[553.19995, 553.19995, 553.19995, 553.19995, 553.19995, 553.19995, 553.19995]
02-21 14:53:09.763 16268 16321 W BatteryExternalStatsWorker: error reading Bluetooth stats: 9
02-21 14:53:11.037 16268 16336 D OplusSmartBrightnessController: handleMessage MSG_LUX_CHANGED, mLux:553.19995 luxQueue=[553.19995, 553.19995, 553.19995, 553.19995, 553.19995, 553.19995, 553.19995]
02-21 14:53:11.406 16268 18206 D UsageStatsService: User[0] type=0 b=1740114221075 e=1740120791405 cb=1740040648476 ce=1740120781063 disk=0 all=11
02-21 14:53:12.239 16268 16336 D OplusSmartBrightnessController: handleMessage MSG_LUX_CHANGED, mLux:553.19995 luxQueue=[553.19995, 553.19995, 553.19995, 553.19995, 553.19995, 553.19995]
02-21 14:53:13.640 16268 16336 D OplusSmartBrightnessController: handleMessage MSG_LUX_CHANGED, mLux:553.19995 luxQueue=[553.19995, 553.19995, 553.19995, 553.19995, 553.19995, 553.19995, 553.19995]
02-21 14:53:15.040 16268 16336 D OplusSmartBrightnessController: handleMessage MSG_LUX_CHANGED, mLux:553.19995 luxQueue=[553.19995, 553.19995, 553.19995, 553.19995, 553.19995, 553.19995, 553.19995]
02-21 14:53:16.273 16268 16869 I ActivityManager: Process com.oplus.statistics.rom:cc (pid 25246) has died: svcb SVC 
02-21 14:53:16.433 16268 16336 D OplusSmartBrightnessController: handleMessage MSG_LUX_CHANGED, mLux:553.19995 luxQueue=[553.19995, 553.19995, 553.19995, 553.19995, 553.19995, 553.19995, 553.19995]
02-21 14:53:17.638 16268 16336 D OplusSmartBrightnessController: handleMessage MSG_LUX_CHANGED, mLux:553.19995 luxQueue=[553.19995, 553.19995, 553.19995, 553.19995, 553.19995, 553.19995]
02-21 14:53:18.272 16268 16268 D OplusBrJobSchedulerService: in restriction white list com.oplus.battery action: android.intent.action.BATTERY_CHANGED
02-21 14:53:18.273 16268 16268 D OplusBrJobSchedulerService: in restriction white list com.oplus.battery action: android.intent.action.BATTERY_CHANGED
02-21 14:53:18.273 16268 16268 D OplusBrJobSchedulerService: in restriction white list com.oplus.battery action: android.intent.action.BATTERY_CHANGED
02-21 14:53:18.273 16268 16268 D OplusBrJobSchedulerService: in restriction white list com.tencent.mm action: android.intent.action.BATTERY_CHANGED
02-21 14:53:18.273 16268 16268 D OplusBrJobSchedulerService: in restriction white list com.tencent.mm action: android.intent.action.BATTERY_CHANGED
02-21 14:53:18.273 16268 16268 D OplusBrJobSchedulerService: in restriction white list com.tencent.mm action: android.intent.action.BATTERY_CHANGED
02-21 14:53:18.273 16268 16268 D OplusBrJobSchedulerService: in restriction white list com.tencent.mm action: android.intent.action.BATTERY_CHANGED
02-21 14:53:18.273 16268 16268 D OplusBrJobSchedulerService: in restriction white list com.oplus.location action: android.intent.action.BATTERY_CHANGED
02-21 14:53:18.286 16268 16317 V BroadcastQueue: parallel background broadcast:(BroadcastRecord{c6ece8e u-1 android.intent.action.BATTERY_CHANGED}) should be proxyed, target:(BroadcastFilter{51942fe 10290/u0 ReceiverList{d7c3eb9 1547 com.tencent.mm:push/10290/u0 remote:dc13880}})
02-21 14:53:18.286 16268 16317 V BroadcastQueue: parallel background broadcast:(BroadcastRecord{c6ece8e u-1 android.intent.action.BATTERY_CHANGED}) should be proxyed, target:(BroadcastFilter{2312347 10290/u0 ReceiverList{58bbe86 1547 com.tencent.mm:push/10290/u0 remote:754d361}})
02-21 14:53:18.287 16268 16317 V BroadcastQueue: parallel background broadcast:(BroadcastRecord{c6ece8e u-1 android.intent.action.BATTERY_CHANGED}) should be proxyed, target:(BroadcastFilter{8a769ff 10290/u0 ReceiverList{188d1e 21965 com.tencent.mm/10290/u0 remote:e5fdd59}})
02-21 14:53:18.287 16268 16317 V BroadcastQueue: parallel background broadcast:(BroadcastRecord{c6ece8e u-1 android.intent.action.BATTERY_CHANGED}) should be proxyed, target:(BroadcastFilter{e9e0451 10290/u0 ReceiverList{b4eb578 21965 com.tencent.mm/10290/u0 remote:6d266db}})
02-21 14:53:18.839 16268 16336 D OplusSmartBrightnessController: handleMessage MSG_LUX_CHANGED, mLux:553.19995 luxQueue=[553.19995, 553.19995, 553.19995, 553.19995, 553.19995, 553.19995]
02-21 14:53:20.040 16268 16336 D OplusSmartBrightnessController: handleMessage MSG_LUX_CHANGED, mLux:553.19995 luxQueue=[553.19995, 553.19995, 553.19995, 553.19995, 553.19995, 553.19995]
02-21 14:53:21.303 16268 21566 I ActivityManager: Process com.oplus.metis:MdpService (pid 25159) has died: fg  SVC 
02-21 14:53:21.440 16268 16336 D OplusSmartBrightnessController: handleMessage MSG_LUX_CHANGED, mLux:553.19995 luxQueue=[553.19995, 553.19995, 553.19995, 553.19995, 553.19995, 553.19995, 553.19995]
02-21 14:53:22.836 16268 16336 D OplusSmartBrightnessController: handleMessage MSG_LUX_CHANGED, mLux:553.19995 luxQueue=[553.19995, 553.19995, 553.19995, 553.19995, 553.19995, 553.19995, 553.19995]
02-21 14:53:24.040 16268 16336 D OplusSmartBrightnessController: handleMessage MSG_LUX_CHANGED, mLux:553.19995 luxQueue=[553.19995, 553.19995, 553.19995, 553.19995, 553.19995, 553.19995]
02-21 14:53:25.240 16268 16336 D OplusSmartBrightnessController: handleMessage MSG_LUX_CHANGED, mLux:553.19995 luxQueue=[553.19995, 553.19995, 553.19995, 553.19995, 553.19995, 553.19995]
02-21 14:53:26.638 16268 16336 D OplusSmartBrightnessController: handleMessage MSG_LUX_CHANGED, mLux:553.19995 luxQueue=[553.19995, 553.19995, 553.19995, 553.19995, 553.19995, 553.19995, 553.19995]
02-21 14:53:28.039 16268 16336 D OplusSmartBrightnessController: handleMessage MSG_LUX_CHANGED, mLux:553.19995 luxQueue=[553.19995, 553.19995, 553.19995, 553.19995, 553.19995, 553.19995, 553.19995]
02-21 14:53:29.239 16268 16336 D OplusSmartBrightnessController: handleMessage MSG_LUX_CHANGED, mLux:553.19995 luxQueue=[553.19995, 553.19995, 553.19995, 553.19995, 553.19995, 553.19995]
02-21 14:53:30.639 16268 16336 D OplusSmartBrightnessController: handleMessage MSG_LUX_CHANGED, mLux:553.19995 luxQueue=[553.19995, 553.19995, 553.19995, 553.19995, 553.19995, 553.19995, 553.19995]
02-21 14:53:32.040 16268 16336 D OplusSmartBrightnessController: handleMessage MSG_LUX_CHANGED, mLux:553.19995 luxQueue=[553.19995, 553.19995, 553.19995, 553.19995, 553.19995, 553.19995, 553.19995]
02-21 14:53:33.239 16268 16336 D OplusSmartBrightnessController: handleMessage MSG_LUX_CHANGED, mLux:553.19995 luxQueue=[553.19995, 553.19995, 553.19995, 553.19995, 553.19995, 553.19995]
02-21 14:53:34.637 16268 16336 D OplusSmartBrightnessController: handleMessage MSG_LUX_CHANGED, mLux:553.19995 luxQueue=[553.19995, 553.19995, 553.19995, 553.19995, 553.19995, 553.19995, 553.19995]
02-21 14:53:36.038 16268 16336 D OplusSmartBrightnessController: handleMessage MSG_LUX_CHANGED, mLux:553.19995 luxQueue=[553.19995, 553.19995, 553.19995, 553.19995, 553.19995, 553.19995, 553.19995]
02-21 14:53:37.237 16268 16336 D OplusSmartBrightnessController: handleMessage MSG_LUX_CHANGED, mLux:553.19995 luxQueue=[553.19995, 553.19995, 553.19995, 553.19995, 553.19995, 553.19995]
02-21 14:53:38.439 16268 16336 D OplusSmartBrightnessController: handleMessage MSG_LUX_CHANGED, mLux:553.19995 luxQueue=[553.19995, 553.19995, 553.19995, 553.19995, 553.19995, 553.19995]
02-21 14:53:39.836 16268 16336 D OplusSmartBrightnessController: handleMessage MSG_LUX_CHANGED, mLux:553.19995 luxQueue=[553.19995, 553.19995, 553.19995, 553.19995, 553.19995, 553.19995, 553.19995]
02-21 14:53:41.237 16268 16336 D OplusSmartBrightnessController: handleMessage MSG_LUX_CHANGED, mLux:553.19995 luxQueue=[553.19995, 553.19995, 553.19995, 553.19995, 553.19995, 553.19995, 553.19995]
02-21 14:53:42.361 16268 19836 V WindowManager: Relayout Window{ef88b70 u0 OplusPrivacyIconTopLeft}: viewVisibility=8, oldvis=8, req=12x12
02-21 14:53:42.376 16268 19836 V WindowManager: Relayout Window{eab8a4e u0 OplusPrivacyIconTopRight}: viewVisibility=8, oldvis=8, req=12x12
02-21 14:53:42.387   988   988 I Quality : SFJankCountInfo: 354;1;0-0-0-0-0-0-0-0;1-0-0-0-0-0-0-0;2-0-0-0-0-0-0-0;3-0-0-0-0-0-0-0;4-0-1-0-0-0-0-0;5-0-0-0-0-0-0-0;6-0-0-0-0-0-0-0;7-0-0-0-0-0-0-0;8-0-0-0-0-0-0-0;9-0-0-0-0-0-0-0;
02-21 14:53:42.638 16268 16336 D OplusSmartBrightnessController: handleMessage MSG_LUX_CHANGED, mLux:553.19995 luxQueue=[553.19995, 553.19995, 553.19995, 553.19995, 553.19995, 553.19995, 553.19995]
02-21 14:53:43.839 16268 16336 D OplusSmartBrightnessController: handleMessage MSG_LUX_CHANGED, mLux:553.19995 luxQueue=[553.19995, 553.19995, 553.19995, 553.19995, 553.19995, 553.19995]
02-21 14:53:45.240 16268 16336 D OplusSmartBrightnessController: handleMessage MSG_LUX_CHANGED, mLux:553.19995 luxQueue=[553.19995, 553.19995, 553.19995, 553.19995, 553.19995, 553.19995, 553.19995]
02-21 14:53:46.638 16268 16336 D OplusSmartBrightnessController: handleMessage MSG_LUX_CHANGED, mLux:553.19995 luxQueue=[553.19995, 553.19995, 553.19995, 553.19995, 553.19995, 553.19995, 553.19995]
02-21 14:53:47.839 16268 16336 D OplusSmartBrightnessController: handleMessage MSG_LUX_CHANGED, mLux:553.19995 luxQueue=[553.19995, 553.19995, 553.19995, 553.19995, 553.19995, 553.19995]
02-21 14:53:48.617 16268 16309 W ActivityManager: Stopping service due to app idle: u0a149 -1m6s196ms com.heytap.htms/com.heytap.msp.v2.push.PushMessageCallbackService
02-21 14:53:49.039 16268 16336 D OplusSmartBrightnessController: handleMessage MSG_LUX_CHANGED, mLux:553.19995 luxQueue=[553.19995, 553.19995, 553.19995, 553.19995, 553.19995, 553.19995]
02-21 14:53:50.437 16268 16336 D OplusSmartBrightnessController: handleMessage MSG_LUX_CHANGED, mLux:553.19995 luxQueue=[553.19995, 553.19995, 553.19995, 553.19995, 553.19995, 553.19995, 553.19995]
02-21 14:53:51.141 16268 16321 D OplusThermalStats: REPORT_UPDATE_CPU  ->  phoneTemp:280  preHeatThreshold:400
02-21 14:53:51.209 16268 16305 D ProcessCpuTrackerExtImpl: mContext is already set, return now! 
02-21 14:53:51.773 16268 20825 I ActivityManager: Process com.tencent.mm:support (pid 25339) has died: cch+5 SVC 
02-21 14:53:51.834 16268 16336 D OplusSmartBrightnessController: handleMessage MSG_LUX_CHANGED, mLux:553.19995 luxQueue=[553.19995, 553.19995, 553.19995, 553.19995, 553.19995, 553.19995, 553.19995]
02-21 14:53:53.040 16268 16336 D OplusSmartBrightnessController: handleMessage MSG_LUX_CHANGED, mLux:553.19995 luxQueue=[553.19995, 553.19995, 553.19995, 553.19995, 553.19995, 553.19995]
02-21 14:53:54.240 16268 16336 D OplusSmartBrightnessController: handleMessage MSG_LUX_CHANGED, mLux:553.19995 luxQueue=[553.19995, 553.19995, 553.19995, 553.19995, 553.19995, 553.19995]
02-21 14:53:55.636 16268 16336 D OplusSmartBrightnessController: handleMessage MSG_LUX_CHANGED, mLux:553.19995 luxQueue=[553.19995, 553.19995, 553.19995, 553.19995, 553.19995, 553.19995, 553.19995]
02-21 14:53:57.038 16268 16336 D OplusSmartBrightnessController: handleMessage MSG_LUX_CHANGED, mLux:553.19995 luxQueue=[553.19995, 553.19995, 553.19995, 553.19995, 553.19995, 553.19995, 553.19995]
02-21 14:53:58.238 16268 16336 D OplusSmartBrightnessController: handleMessage MSG_LUX_CHANGED, mLux:553.19995 luxQueue=[553.19995, 553.19995, 553.19995, 553.19995, 553.19995, 553.19995]
02-21 14:53:59.440 16268 16336 D OplusSmartBrightnessController: handleMessage MSG_LUX_CHANGED, mLux:553.19995 luxQueue=[553.19995, 553.19995, 553.19995, 553.19995, 553.19995, 553.19995]
02-21 14:54:00.026 16268 18823 E OplusCustomizeRestrictionManagerService: isBiometricDisabled start
02-21 14:54:00.028 16268 16891 E OplusCustomizeRestrictionManagerService: isBiometricDisabled start
02-21 14:54:00.839 16268 16336 D OplusSmartBrightnessController: handleMessage MSG_LUX_CHANGED, mLux:553.19995 luxQueue=[553.19995, 553.19995, 553.19995, 553.19995, 553.19995, 553.19995, 553.19995]
02-21 14:54:02.235 16268 16336 D OplusSmartBrightnessController: handleMessage MSG_LUX_CHANGED, mLux:553.19995 luxQueue=[553.19995, 553.19995, 553.19995, 553.19995, 553.19995, 553.19995, 553.19995]
02-21 14:54:03.438 16268 16336 D OplusSmartBrightnessController: handleMessage MSG_LUX_CHANGED, mLux:553.19995 luxQueue=[553.19995, 553.19995, 553.19995, 553.19995, 553.19995, 553.19995]
02-21 14:54:04.640 16268 16336 D OplusSmartBrightnessController: handleMessage MSG_LUX_CHANGED, mLux:553.19995 luxQueue=[553.19995, 553.19995, 553.19995, 553.19995, 553.19995, 553.19995]
02-21 14:54:04.938 16268 16645 D OAppNetControlService: Hans update:[10268=true][0|0] blackList:[10267, 10244, 10254, 10338, 10268]
02-21 14:54:06.039 16268 16336 D OplusSmartBrightnessController: handleMessage MSG_LUX_CHANGED, mLux:553.19995 luxQueue=[553.19995, 553.19995, 553.19995, 553.19995, 553.19995, 553.19995, 553.19995]
02-21 14:54:07.240 16268 16336 D OplusSmartBrightnessController: handleMessage MSG_LUX_CHANGED, mLux:553.19995 luxQueue=[553.19995, 553.19995, 553.19995, 553.19995, 553.19995, 553.19995]
02-21 14:54:08.638 16268 16336 D OplusSmartBrightnessController: handleMessage MSG_LUX_CHANGED, mLux:553.19995 luxQueue=[553.19995, 553.19995, 553.19995, 553.19995, 553.19995, 553.19995, 553.19995]
02-21 14:54:11.238 16268 16336 D OplusSmartBrightnessController: handleMessage MSG_LUX_CHANGED, mLux:552.2469 luxQueue=[552.2469, 552.2469, 552.2469, 552.2469, 552.2469, 552.2469, 552.2469, 552.2469]
02-21 14:54:12.638 16268 16336 D OplusSmartBrightnessController: handleMessage MSG_LUX_CHANGED, mLux:552.2469 luxQueue=[552.2469, 552.2469, 552.2469, 552.2469, 552.2469, 552.2469, 552.2469]
02-21 14:54:13.839 16268 16336 D OplusSmartBrightnessController: handleMessage MSG_LUX_CHANGED, mLux:552.2469 luxQueue=[552.2469, 552.2469, 552.2469, 552.2469, 552.2469, 552.2469]
02-21 14:54:15.239 16268 16336 D OplusSmartBrightnessController: handleMessage MSG_LUX_CHANGED, mLux:552.2469 luxQueue=[552.2469, 552.2469, 552.2469, 552.2469, 552.2469, 552.2469, 552.2469]
02-21 14:54:16.637 16268 16336 D OplusSmartBrightnessController: handleMessage MSG_LUX_CHANGED, mLux:552.2469 luxQueue=[552.2469, 552.2469, 552.2469, 552.2469, 552.2469, 552.2469, 552.2469]
