02-21 11:00:10.040 16268 16317 V BroadcastQueue: parallel background broadcast:(BroadcastRecord{8720cbb u-1 android.intent.action.BATTERY_CHANGED}) should be proxyed, target:(BroadcastFilter{2312347 10290/u0 ReceiverList{58bbe86 1547 com.tencent.mm:push/10290/u0 remote:754d361}})
02-21 11:00:10.040 16268 16317 V BroadcastQueue: parallel background broadcast:(BroadcastRecord{8720cbb u-1 android.intent.action.BATTERY_CHANGED}) should be proxyed, target:(BroadcastFilter{8a769ff 10290/u0 ReceiverList{188d1e 21965 com.tencent.mm/10290/u0 remote:e5fdd59}})
02-21 11:00:10.040 16268 16317 V BroadcastQueue: parallel background broadcast:(BroadcastRecord{8720cbb u-1 android.intent.action.BATTERY_CHANGED}) should be proxyed, target:(BroadcastFilter{e9e0451 10290/u0 ReceiverList{b4eb578 21965 com.tencent.mm/10290/u0 remote:6d266db}})
02-21 11:00:10.207 18266 18266 I Quality : SlowBinder: com.oplus.battery to com.android.internal.app.IBatteryStats cost= 201 code= 15
02-21 11:00:49.967 16268 16321 D OplusThermalStats: REPORT_UPDATE_CPU  ->  phoneTemp:260  preHeatThreshold:400
02-21 11:00:50.073 16268 16305 D ProcessCpuTrackerExtImpl: mContext is already set, return now! 
02-21 11:04:48.940 16268 18899 E OplusCustomizeRestrictionManagerService: isBiometricDisabled start
02-21 11:04:48.941 16268 18351 E OplusCustomizeRestrictionManagerService: isBiometricDisabled start
02-21 11:04:49.015 16268 16645 D CommSceneService: notify align tick changed state=1
02-21 11:04:49.016 16268 16645 D OSysNetControlService: handle comm scene=1006 state=1 phoneId=-1
02-21 11:04:49.020 16268 16335 D AlarmAlignment: findFirstElapsedTimeWakeupNonStandalone:  nowElapsed = 5775883843
02-21 11:04:49.020 16268 16335 D AlarmAlignment: reAlignAlarms
02-21 11:04:49.035  2809  3608 W ContextImpl: Calling a method in the system process without a qualified user: android.app.ContextImpl.bindService:1970 android.content.ContextWrapper.bindService:863 com.heytap.mcs.biz.statistics.agent.OBUSAgent.bindStatisticsApiService:9 com.heytap.mcs.biz.statistics.agent.OBUSAgent.upload:7 com.heytap.mcs.biz.statistics.agent.AgentManager.upload:3 
02-21 11:04:49.042 16268 18351 D CompatibilityChangeReporter: Compat change id reported: 168419799; UID 1000; state: DISABLED
02-21 11:04:49.060 16268 17307 D CompatibilityChangeReporter: Compat change id reported: 135634846; UID 1000; state: DISABLED
02-21 11:04:49.060 16268 17307 D CompatibilityChangeReporter: Compat change id reported: 177438394; UID 1000; state: DISABLED
02-21 11:04:49.060 16268 17307 D CompatibilityChangeReporter: Compat change id reported: 135772972; UID 1000; state: DISABLED
02-21 11:04:49.060 16268 17307 D CompatibilityChangeReporter: Compat change id reported: 135754954; UID 1000; state: ENABLED
02-21 11:04:49.122 16268 16310 W ActivityManager: Slow operation: 64ms so far, now at startProcess: returned from zygote!
02-21 11:04:49.123 16268 16310 W ActivityManager: Slow operation: 65ms so far, now at startProcess: done updating battery stats
02-21 11:04:49.123 16268 16310 W ActivityManager: Slow operation: 65ms so far, now at startProcess: building log message
02-21 11:04:49.123 16268 16310 I ActivityManager: Start proc 20218:com.heytap.mcs.statistics/1000 for service {com.heytap.mcs/com.heytap.mcs.biz.statistics.service.StatisticsApiService}
02-21 11:04:49.123 16268 16310 W ActivityManager: Slow operation: 65ms so far, now at startProcess: starting to update pids map
02-21 11:04:49.123 16268 16310 W ActivityManager: Slow operation: 65ms so far, now at startProcess: done updating pids map
02-21 11:04:49.349 20218 20250 W ContextImpl: Calling a method in the system process without a qualified user: android.app.ContextImpl.bindService:1970 android.content.ContextWrapper.bindService:863 a9.c.a:9 a9.b.b:5 g7.b.i:5 
02-21 11:04:49.360 16268 19777 D StdIDManager: stdid call:com.heytap.mcs,1000,OUID,10081
02-21 11:04:49.620 16268 16268 D BatteryStatsImplExtImpl: on receive oplus.intent.action.MDPWR_REPORT_TO_BATTERY_STATES
02-21 11:06:05.963 16268 18899 E OplusCustomizeRestrictionManagerService: isBiometricDisabled start
02-21 11:06:05.965 16268 19774 E OplusCustomizeRestrictionManagerService: isBiometricDisabled start
02-21 11:06:06.026 16268 16268 W Looper  : Slow dispatch took 106ms main h=com.android.server.alarm.AlarmManagerService$AlarmHandler c=com.android.server.alarm.AlarmManagerService$3$$ExternalSyntheticLambda0@69d38be m=0
02-21 11:06:06.383 20218 20218 W ContextImpl: Calling a method in the system process without a qualified user: android.app.ContextImpl.startService:1877 android.content.ContextWrapper.startService:827 com.heytap.mcs.biz.statistics.StaticProcessTrackStatusManager.exitCurrentProcess:11 com.heytap.mcs.biz.statistics.StaticProcessTrackStatusManager$1.handleMessage:3 android.os.Handler.dispatchMessage:102 
02-21 11:06:06.463 16268 16869 I ActivityManager: Process com.heytap.mcs.statistics (pid 20218) has died: fg  SVC 
02-21 11:09:49.768 16268 19777 E OplusCustomizeRestrictionManagerService: isBiometricDisabled start
02-21 11:09:49.769 16268 18899 E OplusCustomizeRestrictionManagerService: isBiometricDisabled start
02-21 11:09:49.808  2809  3596 W ContextImpl: Calling a method in the system process without a qualified user: android.app.ContextImpl.bindService:1970 android.content.ContextWrapper.bindService:863 com.heytap.mcs.biz.message.o.e:8 com.heytap.mcs.biz.message.o.o:5 com.heytap.mcs.biz.message.o.z:3 
02-21 11:09:49.824 16268 18823 D CompatibilityChangeReporter: Compat change id reported: 135634846; UID 1000; state: DISABLED
02-21 11:09:49.824 16268 18823 D CompatibilityChangeReporter: Compat change id reported: 177438394; UID 1000; state: DISABLED
02-21 11:09:49.825 16268 18823 D CompatibilityChangeReporter: Compat change id reported: 135772972; UID 1000; state: DISABLED
02-21 11:09:49.825 16268 18823 D CompatibilityChangeReporter: Compat change id reported: 135754954; UID 1000; state: ENABLED
02-21 11:09:49.830 16268 16645 D CommSceneService: notify align tick changed state=1
02-21 11:09:49.831 16268 16645 D OSysNetControlService: handle comm scene=1006 state=1 phoneId=-1
02-21 11:09:49.869 16268 16310 I ActivityManager: Start proc 20331:com.heytap.mcs.biz.message/1000 for service {com.heytap.mcs/com.heytap.mcs.biz.message.MessageDealService}
02-21 11:09:49.869 16268 16310 W ContextImpl: Calling a method in the system process without a qualified user: android.app.ContextImpl.sendBroadcast:1193 com.android.server.am.OplusAppStartupConfig.sendAbnormalNotify:1554 com.android.server.am.OplusAppStartupConfig.notifyAbnormalInfo:1487 com.android.server.am.OplusAppStartupManager.handleStartAppInfo:5072 com.android.server.am.ProcessListExtImpl.hookHandleProcessStart:239 
02-21 11:09:50.062 20331 20354 W ContextImpl: Calling a method in the system process without a qualified user: android.app.ContextImpl.startService:1877 android.content.ContextWrapper.startService:827 com.heytap.mcs.biz.message.p.c:8 com.heytap.mcs.biz.message.p.h:6 e3.a.a:8 
02-21 11:09:50.129 16268 21566 I ActivityManager: Process com.heytap.mcs.biz.message (pid 20331) has died: fg  SVC 
02-21 11:10:01.945 16268 16942 E OplusCustomizeRestrictionManagerService: isBiometricDisabled start
02-21 11:10:01.946 16268 17150 E OplusCustomizeRestrictionManagerService: isBiometricDisabled start
02-21 11:10:01.957 16268 16317 D CompatibilityChangeReporter: Compat change id reported: 168419799; UID 1000; state: DISABLED
02-21 11:10:01.961 19057 19057 W ContextImpl: Calling a method in the system process without a qualified user: android.app.ContextImpl.startService:1877 android.content.ContextWrapper.startService:827 android.content.ContextWrapper.startService:827 com.oplus.qualityprotect.QualityAlarmReceiver.d:14 com.oplus.qualityprotect.QualityAlarmReceiver.onReceive:71 
02-21 11:10:01.973 19057 19057 W ContextImpl: Calling a method in the system process without a qualified user: android.app.ContextImpl.startService:1877 android.content.ContextWrapper.startService:827 android.content.ContextWrapper.startService:827 com.oplus.qualityprotect.QualityAlarmReceiver.a:17 com.oplus.qualityprotect.QualityAlarmReceiver.b:40 
02-21 11:10:01.984 16268 16942 D CompatibilityChangeReporter: Compat change id reported: 171306433; UID 1000; state: ENABLED
02-21 11:10:01.984 16268 16942 D CompatibilityChangeReporter: Compat change id reported: 218533173; UID 1000; state: ENABLED
02-21 11:10:02.826 16268 18206 D UsageStatsService: User[0] type=0 b=1740100920688 e=1740107402825 cb=1740040648476 ce=1740107389931 disk=0 all=2
02-21 11:14:48.981 16268 17307 E OplusCustomizeRestrictionManagerService: isBiometricDisabled start
02-21 11:14:48.982 16268 16942 E OplusCustomizeRestrictionManagerService: isBiometricDisabled start
02-21 11:14:49.074 16268 16268 W Looper  : Slow dispatch took 117ms main h=com.android.server.alarm.AlarmManagerService$AlarmHandler c=com.android.server.alarm.AlarmManagerService$3$$ExternalSyntheticLambda0@448893a m=0
02-21 11:14:49.075 16268 16645 D CommSceneService: notify align tick changed state=1
02-21 11:14:49.075 16268 16645 D OSysNetControlService: handle comm scene=1006 state=1 phoneId=-1
02-21 11:15:46.946 16268 18823 E OplusCustomizeRestrictionManagerService: isBiometricDisabled start
02-21 11:15:46.946 16268 17143 E OplusCustomizeRestrictionManagerService: isBiometricDisabled start
02-21 11:15:48.928 16268 20825 I ActivityManager: Process com.heytap.mcs.appservice (pid 19885) has died: vis IMPF
02-21 11:15:48.931  2809  2809 I ActivityThread: Removing dead content provider:android.content.ContentProviderProxy@adcb8cf
02-21 11:19:48.945 16268 18351 E OplusCustomizeRestrictionManagerService: isBiometricDisabled start
02-21 11:19:48.947 16268 17143 E OplusCustomizeRestrictionManagerService: isBiometricDisabled start
02-21 11:19:49.051 16268 16268 W Looper  : Slow dispatch took 121ms main h=com.android.server.alarm.AlarmManagerService$AlarmHandler c=com.android.server.alarm.AlarmManagerService$3$$ExternalSyntheticLambda0@e55161c m=0
02-21 11:19:49.052 16268 16645 D CommSceneService: notify align tick changed state=1
02-21 11:19:49.053 16268 16645 D OSysNetControlService: handle comm scene=1006 state=1 phoneId=-1
02-21 11:19:49.063 16268 16335 D AlarmAlignment: findFirstElapsedTimeWakeupNonStandalone:  nowElapsed = 5776783887
02-21 11:19:49.064 16268 16335 D AlarmAlignment: reAlignAlarms
02-21 11:19:49.075  2809  2924 W ContextImpl: Calling a method in the system process without a qualified user: android.app.ContextImpl.bindService:1970 android.content.ContextWrapper.bindService:863 com.heytap.mcs.biz.statistics.agent.OBUSAgent.bindStatisticsApiService:9 com.heytap.mcs.biz.statistics.agent.OBUSAgent.upload:7 com.heytap.mcs.biz.statistics.agent.AgentManager.upload:3 
02-21 11:19:49.086 16268 16635 D CompatibilityChangeReporter: Compat change id reported: 135634846; UID 1000; state: DISABLED
02-21 11:19:49.086 16268 16635 D CompatibilityChangeReporter: Compat change id reported: 177438394; UID 1000; state: DISABLED
02-21 11:19:49.086 16268 16635 D CompatibilityChangeReporter: Compat change id reported: 135772972; UID 1000; state: DISABLED
02-21 11:19:49.087 16268 16635 D CompatibilityChangeReporter: Compat change id reported: 135754954; UID 1000; state: ENABLED
02-21 11:19:49.089  2809  2924 W ContextImpl: Calling a method in the system process without a qualified user: android.app.ContextImpl.startService:1877 android.content.ContextWrapper.startService:827 com.heytap.mcs.service.McsService.l:8 com.heytap.mcs.service.McsService.d:1 com.heytap.mcs.service.McsService$c.run:36 
02-21 11:19:49.127 16268 16310 I ActivityManager: Start proc 20482:com.heytap.mcs.statistics/1000 for service {com.heytap.mcs/com.heytap.mcs.biz.statistics.service.StatisticsApiService}
02-21 11:19:49.190 16268 16310 W ActivityManager: Slow operation: 93ms so far, now at startProcess: returned from zygote!
02-21 11:19:49.190 16268 16310 W ActivityManager: Slow operation: 94ms so far, now at startProcess: done updating battery stats
02-21 11:19:49.191 16268 16310 W ActivityManager: Slow operation: 94ms so far, now at startProcess: building log message
02-21 11:19:49.191 16268 16310 I ActivityManager: Start proc 20505:com.heytap.mcs.appservice/1000 for service {com.heytap.mcs/com.heytap.mcs.biz.appservice.McsSdkService}
02-21 11:19:49.191 16268 16310 W ActivityManager: Slow operation: 94ms so far, now at startProcess: starting to update pids map
02-21 11:19:49.191 16268 16310 W ActivityManager: Slow operation: 94ms so far, now at startProcess: done updating pids map
02-21 11:19:49.399 20482 20539 W ContextImpl: Calling a method in the system process without a qualified user: android.app.ContextImpl.bindService:1970 android.content.ContextWrapper.bindService:863 a9.c.a:9 a9.b.b:5 g7.b.i:5 
02-21 11:19:49.406 16268 19777 D StdIDManager: stdid call:com.heytap.mcs,1000,OUID,10081
02-21 11:24:49.858 16268 19775 E OplusCustomizeRestrictionManagerService: isBiometricDisabled start
02-21 11:24:49.860 16268 19777 E OplusCustomizeRestrictionManagerService: isBiometricDisabled start
02-21 11:24:49.928 16268 16645 D CommSceneService: notify align tick changed state=1
02-21 11:24:49.929 16268 16645 D OSysNetControlService: handle comm scene=1006 state=1 phoneId=-1
02-21 11:24:49.933  2809  3596 W ContextImpl: Calling a method in the system process without a qualified user: android.app.ContextImpl.bindService:1970 android.content.ContextWrapper.bindService:863 com.heytap.mcs.biz.message.o.e:8 com.heytap.mcs.biz.message.o.o:5 com.heytap.mcs.biz.message.o.z:3 
02-21 11:24:49.972 16268 19777 D CompatibilityChangeReporter: Compat change id reported: 135634846; UID 1000; state: DISABLED
02-21 11:24:49.973 16268 19777 D CompatibilityChangeReporter: Compat change id reported: 177438394; UID 1000; state: DISABLED
02-21 11:24:49.973 16268 19777 D CompatibilityChangeReporter: Compat change id reported: 135772972; UID 1000; state: DISABLED
02-21 11:24:49.973 16268 19777 D CompatibilityChangeReporter: Compat change id reported: 135754954; UID 1000; state: ENABLED
02-21 11:24:49.977 16268 16335 D AlarmAlignment: findFirstElapsedTimeWakeupNonStandalone:  nowElapsed = 5777084801
02-21 11:24:49.984 16268 16335 D AlarmAlignment: reAlignAlarms
02-21 11:24:50.021 16268 16310 W ActivityManager: Slow operation: 51ms so far, now at startProcess: done updating battery stats
02-21 11:24:50.021 16268 16310 W ActivityManager: Slow operation: 51ms so far, now at startProcess: building log message
02-21 11:24:50.021 16268 16310 I ActivityManager: Start proc 20602:com.heytap.mcs.biz.message/1000 for service {com.heytap.mcs/com.heytap.mcs.biz.message.MessageDealService}
02-21 11:24:50.021 16268 16310 W ActivityManager: Slow operation: 51ms so far, now at startProcess: starting to update pids map
02-21 11:24:50.021 16268 16310 W ActivityManager: Slow operation: 51ms so far, now at startProcess: done updating pids map
02-21 11:24:50.021 16268 16310 W ContextImpl: Calling a method in the system process without a qualified user: android.app.ContextImpl.sendBroadcast:1193 com.android.server.am.OplusAppStartupConfig.sendAbnormalNotify:1554 com.android.server.am.OplusAppStartupConfig.notifyAbnormalInfo:1487 com.android.server.am.OplusAppStartupManager.handleStartAppInfo:5072 com.android.server.am.ProcessListExtImpl.hookHandleProcessStart:239 
02-21 11:24:50.050 20482 20482 W ContextImpl: Calling a method in the system process without a qualified user: android.app.ContextImpl.startService:1877 android.content.ContextWrapper.startService:827 com.heytap.mcs.biz.statistics.StaticProcessTrackStatusManager.exitCurrentProcess:11 com.heytap.mcs.biz.statistics.StaticProcessTrackStatusManager$1.handleMessage:3 android.os.Handler.dispatchMessage:102 
02-21 11:24:50.130 16268 16887 I ActivityManager: Process com.heytap.mcs.statistics (pid 20482) has died: fg  SVC 
02-21 11:24:50.218 20602 20621 W ContextImpl: Calling a method in the system process without a qualified user: android.app.ContextImpl.startService:1877 android.content.ContextWrapper.startService:827 com.heytap.mcs.biz.message.p.c:8 com.heytap.mcs.biz.message.p.h:6 e3.a.a:8 
02-21 11:24:50.260 16268 16869 I ActivityManager: Process com.heytap.mcs.biz.message (pid 20602) has died: fg  SVC 
02-21 11:25:27.942 16268 17307 E OplusCustomizeRestrictionManagerService: isBiometricDisabled start
02-21 11:25:27.943 16268 18823 E OplusCustomizeRestrictionManagerService: isBiometricDisabled start
02-21 11:29:37.986 16268 16304 D OplusBroadcastSendController: isNeedSkipBatteryBroadcast: skip time out , not skip this battery broadcast
02-21 11:29:37.988 16268 16268 D OplusBrJobSchedulerService: in restriction white list com.oplus.battery action: android.intent.action.BATTERY_CHANGED
02-21 11:29:37.988 16268 16268 D OplusBrJobSchedulerService: in restriction white list com.oplus.battery action: android.intent.action.BATTERY_CHANGED
02-21 11:29:37.988 16268 16268 D OplusBrJobSchedulerService: in restriction white list com.oplus.battery action: android.intent.action.BATTERY_CHANGED
02-21 11:29:37.988 16268 16268 D OplusBrJobSchedulerService: in restriction white list com.tencent.mm action: android.intent.action.BATTERY_CHANGED
02-21 11:29:37.988 16268 16268 D OplusBrJobSchedulerService: in restriction white list com.tencent.mm action: android.intent.action.BATTERY_CHANGED
02-21 11:29:37.988 16268 16268 D OplusBrJobSchedulerService: in restriction white list com.tencent.mm action: android.intent.action.BATTERY_CHANGED
02-21 11:29:37.988 16268 16268 D OplusBrJobSchedulerService: in restriction white list com.tencent.mm action: android.intent.action.BATTERY_CHANGED
02-21 11:29:37.988 16268 16268 D OplusBrJobSchedulerService: in restriction white list com.oplus.location action: android.intent.action.BATTERY_CHANGED
02-21 11:29:37.990 16268 16317 V BroadcastQueue: parallel background broadcast:(BroadcastRecord{4a57b40 u-1 android.intent.action.BATTERY_CHANGED}) should be proxyed, target:(BroadcastFilter{a01a88 10338/u0 ReceiverList{44f62b 13925 cn.i4.mobile/10338/u0 remote:4b93e7a}})
02-21 11:29:37.991 16268 16321 D BatteryStatsImplExtImpl: updateDevicePowerDetails
02-21 11:29:37.992 16268 16268 D OplusRpmStatsTracker: Battery drained...  PreBatteryLevel=94  BatteryLevel=93
02-21 11:29:37.992 16268 16407 D OplusRpmStatsTracker: triggerUpdate waitUntilUpdated=true reason=battery_level UseRpmhAidlV1=true
02-21 11:29:37.993 16268 16268 D OplusPowerMonitor: BATTERY DRAINED ... PreBatteryLevel=94 BatteryLevel=93 StepCurrent=32.96969894494764 Threshold:60.0 suspendRatio=97.04604763672087
02-21 11:29:37.993 16268 16268 D OplusPowerMonitor: HasCatchSnapshotLog:false
02-21 11:29:37.994 16268 16321 D OplusRpmSubsystemManager: battery drained... 
02-21 11:29:38.012 16268 16449 I OplusStorageManagerFeature: TmemoryBetterySwitch: level=93 state=2
02-21 11:29:38.012 16268 16449 I OplusStorageManagerFeature: TmemoryBetterySwitch: action=0 state=2
02-21 11:29:38.018 16268 16321 D RpmAidlManager: getPowerStateSubsystemSleepStateListMethod return code: 0
02-21 11:29:38.019 16268 16321 D OplusRpmSubsystemManager: measureOplusRpmMasterStatsDelta... 
02-21 11:29:38.019 16268 16321 D OplusRpmSubsystemManager: elapsedRealTimeDelta :4909255
02-21 11:29:38.019 16268 16321 D OplusRpmSubsystemManager: mRpmSuspendRatioSummay: [APSS:98.95,MPSS:95.94,VMIN:61.22]
02-21 11:29:38.020 16268 16321 D BatteryStatsImplExtImpl: PowerDetails: time=2025-02-21-11-29-37, top=cn.i4.mobile.MainActivity, ref_counts=11479406, ref_mode=0, brightness=0, refs_per_sec=0.0, modem_txTimeMs=[0, 0, 0, 0, 0], traffic=[0,0,0,0], ctr_drain=[0.0285,0,0,0], rpmstat=[APSS:97.81,MPSS:96.56,VMIN:61.73], sap=false, audio=[spk:0, headset:0]
02-21 11:29:38.020 16268 16321 D BatteryStatsImplExtImpl: , modem=[activity:SettleObj{ what=LO date=02-21 11:04:49.064 duration=3599 screenOnRatio=0 screenOffRatio=100.00 power=94 current=35.00 networkType=WIFI dataNetworkType=0 signalStrength=0 aodState=0 softAp=false charge=false simCount=0 defaultPhone=-1 apssSleepC=0 apssSleepRatio=0 mpssSleepC=0 mpssSleepRatio=0 vminSleepC=0 vminSleepRatio=0 modemPowermA[]=[0,0,0] sleepRatio=95.91 idleRatio=4.07 rxRatio=0 5gRxRatio=0.02 txSumRatio=0 mtkTxRatio[]=[0,0,0,0,0,0,0,0] mtk5gTxRatio[]=[0,0,0,0,0,0,0,0] rrcConn10sC[]=[0, 0] rrcConn20sC[]=[0, 0] rrcConnMore20sC[]=[0, 0] rrcConnC[]=[0, 0] csChangedC[]=[0, 0] psChangedC[]=[0, 0] nwSrchC[]=[0, 0] nwSrchRatio[]=[0,0] lteRrcConnRatio[]=[0,0] psRegRatio[]=[0,0] csRegRatio[]=[0,0] psNoRegRatio[]=[0,0] csNoRegRatio[]=[0,0] sigGrid0Ratio[]=[0,0] endcActRatio[]=[0,0] allWakeupC={Modem=0, Qrtr=0, WiFi=0, Mpss=0, TCPInput=4, TCPOutput=22, TCPInputRetrans=0, TCPOutputRetrans=0} appInWakeupC={com.heytap.mcs=1, com.heytap.mcs.statistics=1, com.oplus.metis=1, null=1} appOutWakeupC={com.heytap.mcs=10, com.tencent.mm=7, null=3, com.heytap.market=1, system=1} appWakeupRatio={} appTrafficC={com.tencent.mm=25695, com.oplus.metis=8929, com.heytap.market=5570} saRrcConn10sC[]=[0, 0] saRrcConn20sC[]=[0, 0] saRrcConnMore20sC[]=[0, 0] saRrcConnC[]=[0, 0] saRrcConnRatio[]=[0,0] sigGridSim0Ratio[]=[0,0,0,0,0] sigGridSim1Ratio[]=[0,0,0,0,0] lteNrSigGridSim0Ratio[]=[0,0,0,0,0,0,0,0,0,0] lteNrSigGridSim1Ratio[]=[0,0,0,0,0,0,0,0,0,0] cellUpdateC[]=[0, 0] hoC[]=[0, 0] reselC[]=[0, 0] redirectC[]=[0, 0] iRatC[]=[0, 0] iRhoC[]=[0, 0] iRreselC[]=[0, 0] iRredirectC[]=[0, 0] luC[]=[0, 0] rauC[]=[0, 0] guC[]=[0, 0] lteTauC[]=[0, 0] lteAttachC[]=[0, 0] pdnConC[]=[0, 0] eRrcCauseSim0C[]=[0, 0, 0, 0, 0, 0, 0] eRrcCauseSim1C[]=[0, 0, 0, 0, 0, 0, 0] nRrcCauseSim0C[]=[0, 0, 0, 0, 0, 0, 0, 0, 0, 0] nRrcCauseSim1C[]=[0, 0, 0, 0, 0, 0, 0, 0, 0, 0] saRachC[]=[0, 0] saRlfC[]=[0, 0] saReestabC[]=[0, 0] mLteRrcConnRatio[]=[0,0] rrcConnC[]=[0, 0] lteCdrxCfgRatio[]=[0,0] lteCdrxActRatio[]=[0,0] eDlLayerSim0Ratio[]=[0,0,0,0] eDlLayerSim1Ratio[]=[0,0,0,0] lteCaRatio[]=[0,0] saRrcConnRatio[]=[0,0] endcActRatio[]=[0,0] saRrcConnC[]=[0, 0] nrCdrxCfgRatio[]=[0,0] nrCdrxActRatio[]=[0,0] nUlDlLayerSim0Ratio[]=[0,0,0,0,0,0,0,0] nUlDlLayerSim1Ratio[]=[0,0,0,0,0,0,0,0] nrCaRatio[]=[0,0] nBwpSim0Ratio[]=[0,0,0,0,0,0,0,0,0,0] nBwpSim1Ratio[]=[0,0,0,0,0,0,0,0,0,0] dsdsRatio[]=[0,0] drdsdsRatio[]=[0,0] dsdaRatio[]=[0,0] drdsdaRatio[]=[0,0]}]
02-21 11:29:38.020 16268 16321 D BatteryStatsImplExtImpl: , endc=0
02-21 11:29:38.028 16268 16407 D OplusRpmStatsTracker: { APSS:1 MPSS:1 MODEM:1 ADSP:0 CDSP:0 TZ:0 SLPI:0 SLPI_ISLAND:0 VMIN:1 AOSD:1 VLOW:0 CXSD:0 26M:1 AP:1 MD:1  }
02-21 11:29:38.033 16268 16407 D OplusRpmStatsTracker: time:2025-02-21 11:29:37 APSS:{69601077:4481072613} MPSS:{923805:599128781} ADSP:{0:0} CDSP:{0:0} TZ:{0:0} SLPI:{0:0} SLPLAND:{0:0} VMIN:{27245756:3712625498} VLOW:{0:0} 
02-21 11:29:38.033 16268 16407 D OplusRpmStatsTracker: measureOplusRpmStatsSuspendRatio... 
02-21 11:29:38.033 16268 16407 D OplusRpmStatsTracker: delta time:4909231
02-21 11:29:38.039 16268 16407 D OplusRpmStatsTracker: last    time:2025-02-21 10:07:48 APSS:{69598964:4476214924} MPSS:{917566:594418903} ADSP:{0:0} CDSP:{0:0} TZ:{0:0} SLPI:{0:0} SLPLAND:{0:0} VMIN:{26850124:3709620090} VLOW:{0:0} 
02-21 11:29:38.041 16268 16407 D OplusRpmStatsTracker: current time:2025-02-21 11:29:37 APSS:{69601077:4481072613} MPSS:{923805:599128781} ADSP:{0:0} CDSP:{0:0} TZ:{0:0} SLPI:{0:0} SLPLAND:{0:0} VMIN:{27245756:3712625498} VLOW:{0:0} 
02-21 11:29:38.041 16268 16407 D OplusRpmStatsTracker: delta values:time:2025-02-21 11:29:38 APSS:{2113:4857689} MPSS:{6239:4709878} ADSP:{0:0} CDSP:{0:0} TZ:{0:0} SLPI:{0:0} SLPLAND:{0:0} VMIN:{395632:3005408} VLOW:{0:0} 
02-21 11:29:38.041 16268 16407 D OplusRpmStatsTracker: { APSS:1 MPSS:1 MODEM:1 ADSP:0 CDSP:0 TZ:0 SLPI:0 SLPI_ISLAND:0 VMIN:1 AOSD:1 VLOW:0 CXSD:0 26M:1 AP:1 MD:1  }
02-21 11:29:38.041 16268 16407 D OplusRpmStatsTracker: ApssSuspendRatio:98.9501003313961  MpssSuspendRatio:95.93922143814378  AdspSuspendRatio:100.0 CdspSuspendRatio:100.0 TzSuspendRatio:100.0  VminSuspendRatio:61.21952705016326  VlowSuspendRatio:100.0  SlpiSuspendRatio:100.0  SlplandSuspendRatio:100.0
02-21 11:29:38.211 16268 16305 D ProcessCpuTrackerExtImpl: mContext is already set, return now! 
02-21 11:29:48.970 16268 19775 E OplusCustomizeRestrictionManagerService: isBiometricDisabled start
02-21 11:29:48.971 16268 17307 E OplusCustomizeRestrictionManagerService: isBiometricDisabled start
02-21 11:29:49.104 16268 16268 W Looper  : Slow dispatch took 172ms main h=com.android.server.alarm.AlarmManagerService$AlarmHandler c=com.android.server.alarm.AlarmManagerService$3$$ExternalSyntheticLambda0@e573215 m=0
02-21 11:29:49.105 16268 16645 D CommSceneService: notify align tick changed state=1
02-21 11:29:49.106 16268 16645 D OSysNetControlService: handle comm scene=1006 state=1 phoneId=-1
02-21 11:34:48.965 16268 16635 E OplusCustomizeRestrictionManagerService: isBiometricDisabled start
02-21 11:34:48.967 16268 18823 E OplusCustomizeRestrictionManagerService: isBiometricDisabled start
02-21 11:34:49.094 16268 16268 W Looper  : Slow dispatch took 159ms main h=com.android.server.alarm.AlarmManagerService$AlarmHandler c=com.android.server.alarm.AlarmManagerService$3$$ExternalSyntheticLambda0@78d77ad m=0
02-21 11:34:49.096 16268 16645 D CommSceneService: notify align tick changed state=1
02-21 11:34:49.096 16268 16335 D AlarmAlignment: findFirstElapsedTimeWakeupNonStandalone:  nowElapsed = 5777683918
02-21 11:34:49.097 16268 16645 D OSysNetControlService: handle comm scene=1006 state=1 phoneId=-1
02-21 11:34:49.109 16268 16335 D AlarmAlignment: reAlignAlarms
02-21 11:34:49.121  2809  3608 W ContextImpl: Calling a method in the system process without a qualified user: android.app.ContextImpl.bindService:1970 android.content.ContextWrapper.bindService:863 com.heytap.mcs.biz.statistics.agent.OBUSAgent.bindStatisticsApiService:9 com.heytap.mcs.biz.statistics.agent.OBUSAgent.upload:7 com.heytap.mcs.biz.statistics.agent.AgentManager.upload:3 
02-21 11:34:49.127 16268 16321 W BatteryExternalStatsWorker: error reading Bluetooth stats: 9
02-21 11:34:49.142 16268 17143 D CompatibilityChangeReporter: Compat change id reported: 135634846; UID 1000; state: DISABLED
02-21 11:34:49.142 16268 17143 D CompatibilityChangeReporter: Compat change id reported: 177438394; UID 1000; state: DISABLED
02-21 11:34:49.142 16268 17143 D CompatibilityChangeReporter: Compat change id reported: 135772972; UID 1000; state: DISABLED
02-21 11:34:49.142 16268 17143 D CompatibilityChangeReporter: Compat change id reported: 135754954; UID 1000; state: ENABLED
02-21 11:34:49.176 16268 16335 D AlarmAlignment: findFirstElapsedTimeWakeupNonStandalone:  nowElapsed = 5777683999
02-21 11:34:49.178 16268 16335 D AlarmAlignment: reAlignAlarms
02-21 11:34:49.178 16268 16335 D AlarmAlignment: alignWithSys: is not RequestedElapsed alarm alignElapsed=Alarm{f59c092 type 3 origWhen 5777683891 whenElapsed 5777983003 com.oplus.metis} uid 10095 whenElapsed 5777983003 windowLength 224999 maxWhenElapsed 5777983003 repeatInterval 0 action com.oplus.action.TIMER_ALARM_TASK component null flags 0x8, APP_STANDBY_POLICY=5777383939, DEVICE_IDLE_POLICY=5777383938, ATTERY_SAVER_POLICY=5777383939
02-21 11:34:49.178 16268 16335 D AlarmAlignment: alignWithSys: is not RequestedElapsed alarm alignElapsed=Alarm{4cfaa63 type 3 origWhen 5777692691 whenElapsed 5777983003 com.oplus.obrain} uid 1000 whenElapsed 5777983003 windowLength 225000 maxWhenElapsed 5777983003 repeatInterval 300000 action MIDAS FIVE MINUTE CLOCK ACTION component null flags 0x8, APP_STANDBY_POLICY=5777683757, DEVICE_IDLE_POLICY=5777683757, ATTERY_SAVER_POLICY=0
02-21 11:34:49.178 16268 16335 D AlarmAlignment: alignWithSys: is not RequestedElapsed alarm alignElapsed=Alarm{de7e660 type 3 origWhen 5777882945 whenElapsed 5777983003 com.oplus.metis} uid 10095 whenElapsed 5777983003 windowLength 225000 maxWhenElapsed 5777983003 repeatInterval 300000 action oplus.intent.action.SORT_ALARM_ACTION component null flags 0x8, APP_STANDBY_POLICY=5777683756, DEVICE_IDLE_POLICY=5777683756, ATTERY_SAVER_POLICY=5777683756
02-21 11:34:49.178 16268 16335 D AlarmAlignment: alignWithSys: is not RequestedElapsed alarm alignElapsed=Alarm{22e8719 type 2 origWhen 5777968972 whenElapsed 5777983003 com.heytap.mcs} uid 1000 whenElapsed 5777983003 windowLength 10000 maxWhenElapsed 5777983003 repeatInterval 0 action com.heytap.mcs.action component null flags 0x8, APP_STANDBY_POLICY=5777683982, DEVICE_IDLE_POLICY=5777683978, ATTERY_SAVER_POLICY=0
02-21 11:34:49.178 16268 16335 D AlarmAlignment: alignWithSys: is not RequestedElapsed alarm alignElapsed=Alarm{14f53de type 3 origWhen 5777683987 whenElapsed 5777983003 com.oplus.nhs} uid 1001 whenElapsed 5777983003 windowLength 225000 maxWhenElapsed 5777983003 repeatInterval 300000 action oplus.intent.action.INTERNAL_LOOP_UPDATE_ACTIVITYINFO_ALARM component ComponentInfo{com.oplus.nhs/com.oplus.nhs.pwr.ModemAci.ModemAciAlarmReceiver} flags 0x8, APP_STANDBY_POLICY=5777683758, DEVICE_IDLE_POLICY=5777683758, ATTERY_SAVER_POLICY=0
02-21 11:34:49.188 16268 16310 I ActivityManager: Start proc 20701:com.heytap.mcs.statistics/1000 for service {com.heytap.mcs/com.heytap.mcs.biz.statistics.service.StatisticsApiService}
02-21 11:34:49.405 20701 20733 W ContextImpl: Calling a method in the system process without a qualified user: android.app.ContextImpl.bindService:1970 android.content.ContextWrapper.bindService:863 a9.c.a:9 a9.b.b:5 g7.b.i:5 
02-21 11:34:49.416 16268 17143 D StdIDManager: stdid call:com.heytap.mcs,1000,OUID,10081
02-21 11:35:08.939 16268 19777 E OplusCustomizeRestrictionManagerService: isBiometricDisabled start
02-21 11:35:08.940 16268 19775 E OplusCustomizeRestrictionManagerService: isBiometricDisabled start
02-21 11:35:09.918 20701 20701 W ContextImpl: Calling a method in the system process without a qualified user: android.app.ContextImpl.startService:1877 android.content.ContextWrapper.startService:827 com.heytap.mcs.biz.statistics.StaticProcessTrackStatusManager.exitCurrentProcess:11 com.heytap.mcs.biz.statistics.StaticProcessTrackStatusManager$1.handleMessage:3 android.os.Handler.dispatchMessage:102 
02-21 11:35:10.016 16268 21566 I ActivityManager: Process com.heytap.mcs.statistics (pid 20701) has died: fg  SVC 
02-21 11:39:48.969 16268 16635 E OplusCustomizeRestrictionManagerService: isBiometricDisabled start
02-21 11:39:48.971 16268 18823 E OplusCustomizeRestrictionManagerService: isBiometricDisabled start
02-21 11:39:49.015   668 19840 I keystore2: keystore2::watchdog: Watchdog thread idle -> terminating. Have a great day.
02-21 11:39:49.022 16268 16645 D CommSceneService: notify align tick changed state=1
02-21 11:39:49.023 16268 16645 D OSysNetControlService: handle comm scene=1006 state=1 phoneId=-1
02-21 11:44:48.961 16268 18899 E OplusCustomizeRestrictionManagerService: isBiometricDisabled start
02-21 11:44:48.962 16268 17307 E OplusCustomizeRestrictionManagerService: isBiometricDisabled start
02-21 11:44:49.021  2809  3596 W ContextImpl: Calling a method in the system process without a qualified user: android.app.ContextImpl.bindService:1970 android.content.ContextWrapper.bindService:863 com.heytap.mcs.biz.message.o.e:8 com.heytap.mcs.biz.message.o.o:5 com.heytap.mcs.biz.message.o.z:3 
02-21 11:44:49.028 16268 17143 D CompatibilityChangeReporter: Compat change id reported: 135634846; UID 1000; state: DISABLED
02-21 11:44:49.028 16268 17143 D CompatibilityChangeReporter: Compat change id reported: 177438394; UID 1000; state: DISABLED
02-21 11:44:49.028 16268 17143 D CompatibilityChangeReporter: Compat change id reported: 135772972; UID 1000; state: DISABLED
02-21 11:44:49.029 16268 17143 D CompatibilityChangeReporter: Compat change id reported: 135754954; UID 1000; state: ENABLED
02-21 11:44:49.083 16268 16268 W Looper  : Slow dispatch took 146ms main h=com.android.server.alarm.AlarmManagerService$AlarmHandler c=com.android.server.alarm.AlarmManagerService$3$$ExternalSyntheticLambda0@1754ab0 m=0
02-21 11:44:49.086 16268 16645 D CommSceneService: notify align tick changed state=1
02-21 11:44:49.087 16268 16645 D OSysNetControlService: handle comm scene=1006 state=1 phoneId=-1
02-21 11:44:49.115 16268 16310 W ActivityManager: Slow operation: 90ms so far, now at startProcess: returned from zygote!
02-21 11:44:49.116 16268 16310 W ActivityManager: Slow operation: 91ms so far, now at startProcess: done updating battery stats
02-21 11:44:49.116 16268 16310 W ActivityManager: Slow operation: 91ms so far, now at startProcess: building log message
02-21 11:44:49.116 16268 16310 I ActivityManager: Start proc 20867:com.heytap.mcs.biz.message/1000 for service {com.heytap.mcs/com.heytap.mcs.biz.message.MessageDealService}
02-21 11:44:49.116 16268 16310 W ActivityManager: Slow operation: 91ms so far, now at startProcess: starting to update pids map
02-21 11:44:49.116 16268 16310 W ActivityManager: Slow operation: 91ms so far, now at startProcess: done updating pids map
02-21 11:44:49.117 16268 16310 W ContextImpl: Calling a method in the system process without a qualified user: android.app.ContextImpl.sendBroadcast:1193 com.android.server.am.OplusAppStartupConfig.sendAbnormalNotify:1554 com.android.server.am.OplusAppStartupConfig.notifyAbnormalInfo:1487 com.android.server.am.OplusAppStartupManager.handleStartAppInfo:5072 com.android.server.am.ProcessListExtImpl.hookHandleProcessStart:239 
02-21 11:44:49.329 20867 20890 W ContextImpl: Calling a method in the system process without a qualified user: android.app.ContextImpl.startService:1877 android.content.ContextWrapper.startService:827 com.heytap.mcs.biz.message.p.c:8 com.heytap.mcs.biz.message.p.h:6 e3.a.a:8 
02-21 11:44:49.365 16268 20825 I ActivityManager: Process com.heytap.mcs.biz.message (pid 20867) has died: fg  SVC 
02-21 11:45:49.939 16268 17143 E OplusCustomizeRestrictionManagerService: isBiometricDisabled start
02-21 11:45:49.940 16268 18823 E OplusCustomizeRestrictionManagerService: isBiometricDisabled start
02-21 11:49:14.117  2809  4956 W ContextImpl: Calling a method in the system process without a qualified user: android.app.ContextImpl.bindService:1970 android.content.ContextWrapper.bindService:863 com.heytap.mcs.biz.message.o.e:8 com.heytap.mcs.biz.message.o.y:9 com.heytap.mcs.biz.message.parser.f$a.run:68 
02-21 11:49:14.130 16268 18823 D CompatibilityChangeReporter: Compat change id reported: 135634846; UID 1000; state: DISABLED
02-21 11:49:14.131 16268 18823 D CompatibilityChangeReporter: Compat change id reported: 177438394; UID 1000; state: DISABLED
02-21 11:49:14.131 16268 18823 D CompatibilityChangeReporter: Compat change id reported: 135772972; UID 1000; state: DISABLED
02-21 11:49:14.132 16268 18823 D CompatibilityChangeReporter: Compat change id reported: 135754954; UID 1000; state: ENABLED
02-21 11:49:14.190 16268 16310 W ActivityManager: Slow operation: 64ms so far, now at startProcess: returned from zygote!
02-21 11:49:14.191 16268 16310 W ActivityManager: Slow operation: 65ms so far, now at startProcess: done updating battery stats
02-21 11:49:14.191 16268 16310 W ActivityManager: Slow operation: 65ms so far, now at startProcess: building log message
02-21 11:49:14.191 16268 16310 I ActivityManager: Start proc 20934:com.heytap.mcs.statistics/1000 for content provider {com.heytap.mcs/com.heytap.mcs.biz.statistics.provider.StatisticsContentProvider}
02-21 11:49:14.191 16268 16310 W ActivityManager: Slow operation: 65ms so far, now at startProcess: starting to update pids map
02-21 11:49:14.192 16268 16310 W ActivityManager: Slow operation: 65ms so far, now at startProcess: done updating pids map
02-21 11:49:14.192 16268 16310 W ActivityManager: Slow operation: 56ms so far, now at startProcess: asking zygote to start proc
02-21 11:49:14.240 16268 16310 W ActivityManager: Slow operation: 104ms so far, now at startProcess: returned from zygote!
02-21 11:49:14.256 16268 16310 W ActivityManager: Slow operation: 119ms so far, now at startProcess: done updating battery stats
02-21 11:49:14.256 16268 16310 W ActivityManager: Slow operation: 120ms so far, now at startProcess: building log message
02-21 11:49:14.256 16268 16310 I ActivityManager: Start proc 20958:com.heytap.mcs.biz.message/1000 for service {com.heytap.mcs/com.heytap.mcs.biz.message.MessageDealService}
02-21 11:49:14.256 16268 16310 W ActivityManager: Slow operation: 120ms so far, now at startProcess: starting to update pids map
02-21 11:49:14.256 16268 16310 W ActivityManager: Slow operation: 120ms so far, now at startProcess: done updating pids map
02-21 11:49:14.429 20934 21001 W ContextImpl: Calling a method in the system process without a qualified user: android.app.ContextImpl.bindService:1970 android.content.ContextWrapper.bindService:863 a9.c.a:9 a9.b.b:5 g7.b.i:5 
02-21 11:49:14.437 16268 19774 D StdIDManager: stdid call:com.heytap.mcs,1000,OUID,10081
02-21 11:49:14.685 16268 16268 I OplusStatusBarManagerServiceEnhance:  getTopIsFullscreen mTopIsFullscreen: false
02-21 11:49:14.694 16268 16268 W NotificationHistory: Attempted to add notif for locked/gone/disabled user 0
02-21 11:49:14.923 16268 16268 I OplusStatusBarManagerServiceEnhance:  getTopIsFullscreen mTopIsFullscreen: false
02-21 11:49:48.948 16268 17150 E OplusCustomizeRestrictionManagerService: isBiometricDisabled start
02-21 11:49:48.949 16268 17150 E OplusCustomizeRestrictionManagerService: isBiometricDisabled start
02-21 11:49:49.006 20934 20934 W ContextImpl: Calling a method in the system process without a qualified user: android.app.ContextImpl.startService:1877 android.content.ContextWrapper.startService:827 com.heytap.mcs.biz.statistics.StaticProcessTrackStatusManager.exitCurrentProcess:11 com.heytap.mcs.biz.statistics.StaticProcessTrackStatusManager$1.handleMessage:3 android.os.Handler.dispatchMessage:102 
02-21 11:49:49.065 16268 16268 W Looper  : Slow dispatch took 132ms main h=com.android.server.alarm.AlarmManagerService$AlarmHandler c=com.android.server.alarm.AlarmManagerService$3$$ExternalSyntheticLambda0@3ca7ead m=0
02-21 11:49:49.066 16268 16645 D CommSceneService: notify align tick changed state=1
02-21 11:49:49.067 16268 16645 D OSysNetControlService: handle comm scene=1006 state=1 phoneId=-1
02-21 11:49:49.075 16268 16335 D AlarmAlignment: findFirstElapsedTimeWakeupNonStandalone:  nowElapsed = 5778583899
02-21 11:49:49.077 16268 16335 D AlarmAlignment: reAlignAlarms
02-21 11:49:49.087 16268 16887 I ActivityManager: Process com.heytap.mcs.statistics (pid 20934) has died: vis IMPF
02-21 11:49:49.088 20958 20958 I ActivityThread: Removing dead content provider:android.content.ContentProviderProxy@9df038d
02-21 11:49:49.089  2809  2809 I ActivityThread: Removing dead content provider:android.content.ContentProviderProxy@9ddd63a
02-21 11:49:49.106  2809  3608 W ContextImpl: Calling a method in the system process without a qualified user: android.app.ContextImpl.bindService:1970 android.content.ContextWrapper.bindService:863 com.heytap.mcs.biz.statistics.agent.OBUSAgent.bindStatisticsApiService:9 com.heytap.mcs.biz.statistics.agent.OBUSAgent.upload:7 com.heytap.mcs.biz.statistics.agent.AgentManager.upload:3 
02-21 11:49:49.114 16268 16942 D CompatibilityChangeReporter: Compat change id reported: 135634846; UID 1000; state: DISABLED
02-21 11:49:49.114 16268 16942 D CompatibilityChangeReporter: Compat change id reported: 177438394; UID 1000; state: DISABLED
02-21 11:49:49.114 16268 16942 D CompatibilityChangeReporter: Compat change id reported: 135772972; UID 1000; state: DISABLED
02-21 11:49:49.115 16268 16942 D CompatibilityChangeReporter: Compat change id reported: 135754954; UID 1000; state: ENABLED
02-21 11:49:49.116  2809  3608 W ContextImpl: Calling a method in the system process without a qualified user: android.app.ContextImpl.startService:1877 android.content.ContextWrapper.startService:827 com.heytap.mcs.service.McsService.l:8 com.heytap.mcs.service.McsService.d:1 com.heytap.mcs.service.McsService$c.run:36 
02-21 11:49:49.158 16268 16310 I ActivityManager: Start proc 21045:com.heytap.mcs.statistics/1000 for service {com.heytap.mcs/com.heytap.mcs.biz.statistics.service.StatisticsApiService}
02-21 11:49:49.394 21045 21071 W ContextImpl: Calling a method in the system process without a qualified user: android.app.ContextImpl.bindService:1970 android.content.ContextWrapper.bindService:863 a9.c.a:9 a9.b.b:5 g7.b.i:5 
02-21 11:49:49.408 16268 19775 D StdIDManager: stdid call:com.heytap.mcs,1000,OUID,10081
02-21 11:54:30.967 16268 18823 E OplusCustomizeRestrictionManagerService: isBiometricDisabled start
02-21 11:54:30.968 16268 17307 E OplusCustomizeRestrictionManagerService: isBiometricDisabled start
02-21 11:54:31.037 16268 16645 D CommSceneService: notify align tick changed state=1
02-21 11:54:31.038 16268 16645 D OSysNetControlService: handle comm scene=1006 state=1 phoneId=-1
02-21 11:54:49.083 16268 16268 W Looper  : Slow dispatch took 105ms main h=com.android.server.alarm.AlarmManagerService$AlarmHandler c=android.app.PendingIntent$FinishedDispatcher@932a620 m=0
02-21 11:54:49.092 16268 16335 D AlarmAlignment: findFirstElapsedTimeWakeupNonStandalone:  nowElapsed = 5778883915
02-21 11:54:49.095 16268 16335 D AlarmAlignment: reAlignAlarms
02-21 11:54:49.587 21045 21045 W ContextImpl: Calling a method in the system process without a qualified user: android.app.ContextImpl.startService:1877 android.content.ContextWrapper.startService:827 com.heytap.mcs.biz.statistics.StaticProcessTrackStatusManager.exitCurrentProcess:11 com.heytap.mcs.biz.statistics.StaticProcessTrackStatusManager$1.handleMessage:3 android.os.Handler.dispatchMessage:102 
02-21 11:54:49.649 16268 16869 I ActivityManager: Process com.heytap.mcs.statistics (pid 21045) has died: vis IMPF
02-21 11:54:49.706 16268 18899 D PowerManagerServiceExtImpl: Acquiring suspend blocker "PowerManagerService.WakeLocks"  took 105 ms
02-21 11:59:37.995 16268 19775 D StdIDManager: stdid call:com.oplus.romupdate,10153,GUID,10153
02-21 11:59:38.044 16268 19774 D StdIDManager: stdid call:com.oplus.romupdate,10153,GUID,10153
02-21 11:59:38.164 16268 19775 D PowerManagerServiceExtImpl: Acquiring suspend blocker "PowerManagerService.WakeLocks"  took 149 ms
02-21 11:59:48.962 16268 19775 E OplusCustomizeRestrictionManagerService: isBiometricDisabled start
02-21 11:59:48.963 16268 17150 E OplusCustomizeRestrictionManagerService: isBiometricDisabled start
02-21 11:59:49.064 16268 16268 W Looper  : Slow dispatch took 137ms main h=com.android.server.alarm.AlarmManagerService$AlarmHandler c=com.android.server.alarm.AlarmManagerService$3$$ExternalSyntheticLambda0@1153db0 m=0
02-21 11:59:49.064 16268 16645 D CommSceneService: notify align tick changed state=1
02-21 11:59:49.065 16268 16645 D OSysNetControlService: handle comm scene=1006 state=1 phoneId=-1
02-21 12:00:38.625 20958 21002 W ContextImpl: Calling a method in the system process without a qualified user: android.app.ContextImpl.startService:1877 android.content.ContextWrapper.startService:827 com.heytap.mcs.biz.message.p.c:8 com.heytap.mcs.biz.message.p.j:6 com.heytap.mcs.biz.message.s.n:4 
02-21 12:00:38.678 16268 21566 I ActivityManager: Process com.heytap.mcs.biz.message (pid 20958) has died: fg  SVC 
02-21 12:00:50.976 16268 16321 W BatteryExternalStatsWorker: error reading Bluetooth stats: 9
02-21 12:00:50.979 16268 16942 E OplusCustomizeRestrictionManagerService: isBiometricDisabled start
02-21 12:00:50.980 16268 18899 E OplusCustomizeRestrictionManagerService: isBiometricDisabled start
02-21 12:04:11.941 16268 17307 E OplusCustomizeRestrictionManagerService: isBiometricDisabled start
02-21 12:04:11.942 16268 18899 E OplusCustomizeRestrictionManagerService: isBiometricDisabled start
02-21 12:04:11.962 16268 16645 D CommSceneService: notify align tick changed state=1
02-21 12:04:11.963 16268 16645 D OSysNetControlService: handle comm scene=1006 state=1 phoneId=-1
02-21 12:04:49.026   668 20835 I keystore2: keystore2::watchdog: Watchdog thread idle -> terminating. Have a great day.
02-21 12:04:49.060  2809  3596 W ContextImpl: Calling a method in the system process without a qualified user: android.app.ContextImpl.bindService:1970 android.content.ContextWrapper.bindService:863 com.heytap.mcs.biz.message.o.e:8 com.heytap.mcs.biz.message.o.o:5 com.heytap.mcs.biz.message.o.z:3 
02-21 12:04:49.072 16268 16942 D CompatibilityChangeReporter: Compat change id reported: 135634846; UID 1000; state: DISABLED
02-21 12:04:49.073 16268 16942 D CompatibilityChangeReporter: Compat change id reported: 177438394; UID 1000; state: DISABLED
02-21 12:04:49.073 16268 16942 D CompatibilityChangeReporter: Compat change id reported: 135772972; UID 1000; state: DISABLED
02-21 12:04:49.073 16268 16942 D CompatibilityChangeReporter: Compat change id reported: 135754954; UID 1000; state: ENABLED
02-21 12:04:49.080 16268 16268 W Looper  : Slow dispatch took 105ms main h=com.android.server.alarm.AlarmManagerService$AlarmHandler c=android.app.PendingIntent$FinishedDispatcher@9f0d3f7 m=0
02-21 12:04:49.091 16268 16335 D AlarmAlignment: findFirstElapsedTimeWakeupNonStandalone:  nowElapsed = 5779483915
02-21 12:04:49.096 16268 18899 D CompatibilityChangeReporter: Compat change id reported: 168419799; UID 1000; state: DISABLED
02-21 12:04:49.097 16268 16335 D AlarmAlignment: reAlignAlarms
02-21 12:04:49.128 16268 16310 W ActivityManager: Slow operation: 57ms so far, now at startProcess: done updating battery stats
02-21 12:04:49.128 16268 16310 W ActivityManager: Slow operation: 58ms so far, now at startProcess: building log message
02-21 12:04:49.128 16268 16310 I ActivityManager: Start proc 21247:com.heytap.mcs.biz.message/1000 for service {com.heytap.mcs/com.heytap.mcs.biz.message.MessageDealService}
02-21 12:04:49.128 16268 16310 W ActivityManager: Slow operation: 58ms so far, now at startProcess: starting to update pids map
02-21 12:04:49.129 16268 16310 W ActivityManager: Slow operation: 58ms so far, now at startProcess: done updating pids map
02-21 12:04:49.129 16268 16310 W ContextImpl: Calling a method in the system process without a qualified user: android.app.ContextImpl.sendBroadcast:1193 com.android.server.am.OplusAppStartupConfig.sendAbnormalNotify:1554 com.android.server.am.OplusAppStartupConfig.notifyAbnormalInfo:1487 com.android.server.am.OplusAppStartupManager.handleStartAppInfo:5072 com.android.server.am.ProcessListExtImpl.hookHandleProcessStart:239 
02-21 12:04:49.135  2809  2965 W ContextImpl: Calling a method in the system process without a qualified user: android.app.ContextImpl.bindService:1970 android.content.ContextWrapper.bindService:863 com.heytap.mcs.biz.statistics.agent.OBUSAgent.bindStatisticsApiService:9 com.heytap.mcs.biz.statistics.agent.OBUSAgent.upload:7 com.heytap.mcs.biz.statistics.agent.AgentManager.upload:3 
02-21 12:04:49.192 16268 16310 W ActivityManager: Slow operation: 52ms so far, now at startProcess: returned from zygote!
02-21 12:04:49.216 16268 16310 W ActivityManager: Slow operation: 76ms so far, now at startProcess: done updating battery stats
02-21 12:04:49.216 16268 16310 W ActivityManager: Slow operation: 76ms so far, now at startProcess: building log message
02-21 12:04:49.216 16268 16310 I ActivityManager: Start proc 21270:com.heytap.mcs.statistics/1000 for service {com.heytap.mcs/com.heytap.mcs.biz.statistics.service.StatisticsApiService}
02-21 12:04:49.216 16268 16310 W ActivityManager: Slow operation: 77ms so far, now at startProcess: starting to update pids map
02-21 12:04:49.225 16268 16310 W ActivityManager: Slow operation: 86ms so far, now at startProcess: done updating pids map
02-21 12:04:49.233  3098  3656 E ActivityThread: Failed to find provider info for com.oplus.advice.settings.combine.external.pas
02-21 12:04:49.235  3098  3656 E ActivityThread: Failed to find provider info for com.oplus.advice.settings.combine.external.pas
02-21 12:04:49.352 21247 21264 W ContextImpl: Calling a method in the system process without a qualified user: android.app.ContextImpl.startService:1877 android.content.ContextWrapper.startService:827 com.heytap.mcs.biz.message.p.c:8 com.heytap.mcs.biz.message.p.h:6 e3.a.a:8 
02-21 12:04:49.402 16268 20825 I ActivityManager: Process com.heytap.mcs.biz.message (pid 21247) has died: fg  SVC 
02-21 12:04:49.440 21270 21301 W ContextImpl: Calling a method in the system process without a qualified user: android.app.ContextImpl.bindService:1970 android.content.ContextWrapper.bindService:863 a9.c.a:9 a9.b.b:5 g7.b.i:5 
02-21 12:04:49.455 16268 19775 D StdIDManager: stdid call:com.heytap.mcs,1000,OUID,10081
02-21 12:04:49.737 16268 16268 D BatteryStatsImplExtImpl: on receive oplus.intent.action.MDPWR_REPORT_TO_BATTERY_STATES
02-21 12:09:48.951 16268 19775 E OplusCustomizeRestrictionManagerService: isBiometricDisabled start
02-21 12:09:48.953 16268 16635 E OplusCustomizeRestrictionManagerService: isBiometricDisabled start
02-21 12:09:49.045 16268 16268 W Looper  : Slow dispatch took 114ms main h=com.android.server.alarm.AlarmManagerService$AlarmHandler c=com.android.server.alarm.AlarmManagerService$3$$ExternalSyntheticLambda0@31c4778 m=0
02-21 12:09:49.049 16268 16645 D CommSceneService: notify align tick changed state=1
02-21 12:09:49.049 16268 16645 D OSysNetControlService: handle comm scene=1006 state=1 phoneId=-1
02-21 12:09:50.043 21270 21270 W ContextImpl: Calling a method in the system process without a qualified user: android.app.ContextImpl.startService:1877 android.content.ContextWrapper.startService:827 com.heytap.mcs.biz.statistics.StaticProcessTrackStatusManager.exitCurrentProcess:11 com.heytap.mcs.biz.statistics.StaticProcessTrackStatusManager$1.handleMessage:3 android.os.Handler.dispatchMessage:102 
02-21 12:09:50.121 16268 16887 I ActivityManager: Process com.heytap.mcs.statistics (pid 21270) has died: fg  SVC 
02-21 12:10:02.943 16268 19774 E OplusCustomizeRestrictionManagerService: isBiometricDisabled start
02-21 12:10:02.944 16268 17307 E OplusCustomizeRestrictionManagerService: isBiometricDisabled start
