08-14 14:03:10.062  1644  1837 W ProcessCpuTracker: Failed to stat(/proc/17788): android.system.ErrnoException: stat failed: ENOENT (No such file or directory)
08-14 14:03:10.062  1644  1837 W ProcessCpuTracker: Skipping unknown process pid 17788
08-14 14:03:10.062  1644  1837 W ProcessCpuTracker: Failed to stat(/proc/17789): android.system.ErrnoException: stat failed: ENOENT (No such file or directory)
08-14 14:03:10.062  1644  1837 W ProcessCpuTracker: Skipping unknown process pid 17789
08-14 14:03:10.062  1644  1837 W ProcessCpuTracker: Failed to stat(/proc/17790): android.system.ErrnoException: stat failed: ENOENT (No such file or directory)
08-14 14:03:10.062  1644  1837 W ProcessCpuTracker: Skipping unknown process pid 17790
08-14 14:03:10.070  1644  1837 D ProcessCpuTrackerExtImpl: mContext is already set, return now! 
08-14 14:03:10.219  1644  1821 W BroadcastQueue: Permission Denial: receiving Intent { act=android.bluetooth.device.action.ACL_CONNECTED flg=0x5000010 (has extras) } to ProcessRecord{cdaedf4 20607:com.oplus.metis/u0a95} (pid=20607, uid=10095) requires android.permission.BLUETOOTH_CONNECT due to sender com.android.bluetooth (uid 1002)
08-14 14:03:10.222  1644  1821 W BroadcastQueue: Permission Denial: receiving Intent { act=android.bluetooth.device.action.ACL_CONNECTED flg=0x5000010 (has extras) } to com.heytap.htms/com.oplus.omes.srp.ExternalDeviceReceiver requires android.permission.BLUETOOTH_CONNECT due to sender com.android.bluetooth (uid 1002)
08-14 14:03:10.222  1644  1821 W BroadcastQueue: Permission Denial: receiving Intent { act=android.bluetooth.device.action.ACL_CONNECTED flg=0x5000010 (has extras) } to com.oplus.ocar/.connect.engine.BluetoothConnectionReceiver requires android.permission.BLUETOOTH_CONNECT due to sender com.android.bluetooth (uid 1002)
08-14 14:03:10.233  1644  1821 D CompatibilityChangeReporter: Compat change id reported: 168419799; UID 10240; state: DISABLED
08-14 14:03:10.235  1644  1644 E ActivityThread: Failed to find provider info for com.oplus.smartdrive.data.DataProvider
08-14 14:03:10.337 28042 19885 E ActivityThread: Failed to find provider info for com.platform.usercenter.vip
08-14 14:03:11.196  1644  1821 V BroadcastQueue: parallel background broadcast:(BroadcastRecord{9dd3acc u-1 android.net.wifi.SCAN_RESULTS}) should be proxyed, target:(BroadcastFilter{bc11b95 10692/u0 ReceiverList{8a64f4c 27969 com.tencent.mm/10692/u0 remote:6cbb37f}})
08-14 14:03:11.196  1644  1821 V BroadcastQueue: parallel background broadcast:(BroadcastRecord{9dd3acc u-1 android.net.wifi.SCAN_RESULTS}) should be proxyed, target:(BroadcastFilter{de8d4dd 10692/u0 ReceiverList{e6f80b4 27969 com.tencent.mm/10692/u0 remote:3aea987}})
08-14 14:03:11.196  1644  1821 V BroadcastQueue: parallel background broadcast:(BroadcastRecord{9dd3acc u-1 android.net.wifi.SCAN_RESULTS}) should be proxyed, target:(BroadcastFilter{fcca0c8 10692/u0 ReceiverList{52ad6b 28342 com.tencent.mm:push/10692/u0 remote:e9a4aba}})
08-14 14:03:13.557  1644  1821 W BroadcastQueue: Permission Denial: receiving Intent { act=android.bluetooth.device.action.ACL_DISCONNECTED flg=0x5000010 (has extras) } to ProcessRecord{837203c 27969:com.tencent.mm/u0a692} (pid=27969, uid=10692) requires android.permission.BLUETOOTH_CONNECT due to sender com.android.bluetooth (uid 1002)
08-14 14:03:13.557  1644  1821 W BroadcastQueue: Permission Denial: receiving Intent { act=android.bluetooth.device.action.ACL_DISCONNECTED flg=0x5000010 (has extras) } to ProcessRecord{cdaedf4 20607:com.oplus.metis/u0a95} (pid=20607, uid=10095) requires android.permission.BLUETOOTH_CONNECT due to sender com.android.bluetooth (uid 1002)
08-14 14:03:13.558  1644  1821 W BroadcastQueue: Permission Denial: receiving Intent { act=android.bluetooth.device.action.ACL_DISCONNECTED flg=0x5000010 (has extras) } to ProcessRecord{cdaedf4 20607:com.oplus.metis/u0a95} (pid=20607, uid=10095) requires android.permission.BLUETOOTH_CONNECT due to sender com.android.bluetooth (uid 1002)
08-14 14:03:13.560  1644  1821 W BroadcastQueue: Permission Denial: receiving Intent { act=android.bluetooth.device.action.ACL_DISCONNECTED flg=0x5000010 (has extras) } to com.heytap.htms/com.oplus.omes.srp.ExternalDeviceReceiver requires android.permission.BLUETOOTH_CONNECT due to sender com.android.bluetooth (uid 1002)
08-14 14:03:13.560  1644  1821 W BroadcastQueue: Permission Denial: receiving Intent { act=android.bluetooth.device.action.ACL_DISCONNECTED flg=0x5000010 (has extras) } to com.oplus.ocar/.smartdrive.receivers.StartReceiver requires android.permission.BLUETOOTH_CONNECT due to sender com.android.bluetooth (uid 1002)
08-14 14:03:34.285  1644  5208 E OplusCustomizeRestrictionManagerService: isBiometricDisabled start
08-14 14:03:34.286  1644  3815 E OplusCustomizeRestrictionManagerService: isBiometricDisabled start
08-14 14:03:34.317  1644  1837 W ProcessCpuTracker: Failed to stat(/proc/17862): android.system.ErrnoException: stat failed: ENOENT (No such file or directory)
08-14 14:03:34.317  1644  1837 W ProcessCpuTracker: Skipping unknown process pid 17862
08-14 14:03:34.317  1644  1837 W ProcessCpuTracker: Failed to stat(/proc/17863): android.system.ErrnoException: stat failed: ENOENT (No such file or directory)
08-14 14:03:34.317  1644  1837 W ProcessCpuTracker: Skipping unknown process pid 17863
08-14 14:03:34.317  1644  1837 W ProcessCpuTracker: Failed to stat(/proc/17864): android.system.ErrnoException: stat failed: ENOENT (No such file or directory)
08-14 14:03:34.317  1644  1837 W ProcessCpuTracker: Skipping unknown process pid 17864
08-14 14:03:34.317  1644  1837 W ProcessCpuTracker: Failed to stat(/proc/17865): android.system.ErrnoException: stat failed: ENOENT (No such file or directory)
08-14 14:03:34.318  1644  1837 W ProcessCpuTracker: Skipping unknown process pid 17865
08-14 14:03:34.318  1644  1837 W ProcessCpuTracker: Failed to stat(/proc/17866): android.system.ErrnoException: stat failed: ENOENT (No such file or directory)
08-14 14:03:34.318  1644  1837 W ProcessCpuTracker: Skipping unknown process pid 17866
08-14 14:03:34.318  1644  1837 W ProcessCpuTracker: Failed to stat(/proc/17867): android.system.ErrnoException: stat failed: ENOENT (No such file or directory)
08-14 14:03:34.318  1644  1837 W ProcessCpuTracker: Skipping unknown process pid 17867
08-14 14:03:34.318  1644  1837 W ProcessCpuTracker: Failed to stat(/proc/17868): android.system.ErrnoException: stat failed: ENOENT (No such file or directory)
08-14 14:03:34.318  1644  1837 W ProcessCpuTracker: Skipping unknown process pid 17868
08-14 14:03:34.318  1644  1837 W ProcessCpuTracker: Failed to stat(/proc/17869): android.system.ErrnoException: stat failed: ENOENT (No such file or directory)
08-14 14:03:34.318  1644  1837 W ProcessCpuTracker: Skipping unknown process pid 17869
08-14 14:03:34.326  1644  1837 D ProcessCpuTrackerExtImpl: mContext is already set, return now! 
08-14 14:03:51.123  1644  1821 V BroadcastQueue: parallel background broadcast:(BroadcastRecord{fcc300b u-1 android.net.wifi.SCAN_RESULTS}) should be proxyed, target:(BroadcastFilter{bc11b95 10692/u0 ReceiverList{8a64f4c 27969 com.tencent.mm/10692/u0 remote:6cbb37f}})
08-14 14:03:51.123  1644  1821 V BroadcastQueue: parallel background broadcast:(BroadcastRecord{fcc300b u-1 android.net.wifi.SCAN_RESULTS}) should be proxyed, target:(BroadcastFilter{de8d4dd 10692/u0 ReceiverList{e6f80b4 27969 com.tencent.mm/10692/u0 remote:3aea987}})
08-14 14:03:51.123  1644  1821 V BroadcastQueue: parallel background broadcast:(BroadcastRecord{fcc300b u-1 android.net.wifi.SCAN_RESULTS}) should be proxyed, target:(BroadcastFilter{fcca0c8 10692/u0 ReceiverList{52ad6b 28342 com.tencent.mm:push/10692/u0 remote:e9a4aba}})
08-14 14:03:51.678 28042 19885 E ActivityThread: Failed to find provider info for com.platform.usercenter.vip
08-14 14:03:52.692  1644  1787 D PowerManagerServiceExtImpl: Acquiring suspend blocker "PowerManagerService.WakeLocks"  took 35 ms
08-14 14:03:56.882 20962 23711 W ContextImpl: Calling a method in the system process without a qualified user: android.app.ContextImpl.bindService:1970 android.content.ContextWrapper.bindService:863 com.heytap.mcs.biz.message.s.e:8 com.heytap.mcs.biz.message.s.z:11 com.heytap.mcs.biz.message.parser.f$a.run:71 
08-14 14:03:56.885  1644  5208 D CompatibilityChangeReporter: Compat change id reported: 135634846; UID 1000; state: DISABLED
08-14 14:03:56.885  1644  5208 D CompatibilityChangeReporter: Compat change id reported: 177438394; UID 1000; state: DISABLED
08-14 14:03:56.885  1644  5208 D CompatibilityChangeReporter: Compat change id reported: 135772972; UID 1000; state: DISABLED
08-14 14:03:56.886  1644  5208 D CompatibilityChangeReporter: Compat change id reported: 135754954; UID 1000; state: ENABLED
08-14 14:03:56.939  1644  1816 W ActivityManager: Slow operation: 59ms so far, now at startProcess: returned from zygote!
08-14 14:03:56.939  1644  1816 W ActivityManager: Slow operation: 59ms so far, now at startProcess: done updating battery stats
08-14 14:03:56.939  1644  1816 W ActivityManager: Slow operation: 59ms so far, now at startProcess: building log message
08-14 14:03:56.939  1644  1816 I ActivityManager: Start proc 17926:com.heytap.mcs.statistics/1000 for content provider {com.heytap.mcs/com.heytap.mcs.biz.statistics.provider.StatisticsContentProvider}
08-14 14:03:56.939  1644  1816 W ActivityManager: Slow operation: 59ms so far, now at startProcess: starting to update pids map
08-14 14:03:56.940  1644  1816 W ActivityManager: Slow operation: 59ms so far, now at startProcess: done updating pids map
08-14 14:03:56.940  1644  1816 W ContextImpl: Calling a method in the system process without a qualified user: android.app.ContextImpl.sendBroadcast:1193 com.android.server.am.OplusAppStartupConfig.sendAbnormalNotify:1554 com.android.server.am.OplusAppStartupConfig.notifyAbnormalInfo:1487 com.android.server.am.OplusAppStartupManager.handleStartAppInfo:5072 com.android.server.am.ProcessListExtImpl.hookHandleProcessStart:239 
08-14 14:03:56.985  1644  1816 W ActivityManager: Slow operation: 94ms so far, now at startProcess: returned from zygote!
08-14 14:03:56.986  1644  1816 W ActivityManager: Slow operation: 95ms so far, now at startProcess: done updating battery stats
08-14 14:03:56.986  1644  1816 W ActivityManager: Slow operation: 95ms so far, now at startProcess: building log message
08-14 14:03:56.986  1644  1816 I ActivityManager: Start proc 17943:com.heytap.mcs.biz.message/1000 for service {com.heytap.mcs/com.heytap.mcs.biz.message.MessageDealService}
08-14 14:03:56.986  1644  1816 W ActivityManager: Slow operation: 95ms so far, now at startProcess: starting to update pids map
08-14 14:03:56.987  1644  1816 W ActivityManager: Slow operation: 96ms so far, now at startProcess: done updating pids map
08-14 14:04:03.276  1644  1644 I OplusStatusBarManagerServiceEnhance:  getTopIsFullscreen mTopIsFullscreen: false
08-14 14:04:03.291  1644  1644 W NotificationHistory: Attempted to add notif for locked/gone/disabled user 0
08-14 14:04:03.297  1644  1644 I OplusStatusBarManagerServiceEnhance:  getTopIsFullscreen mTopIsFullscreen: false
08-14 14:04:34.826 17926 17926 W ContextImpl: Calling a method in the system process without a qualified user: android.app.ContextImpl.startService:1877 android.content.ContextWrapper.startService:827 com.heytap.mcs.biz.statistics.StaticProcessTrackStatusManager.exitCurrentProcess:11 com.heytap.mcs.biz.statistics.StaticProcessTrackStatusManager$1.handleMessage:3 android.os.Handler.dispatchMessage:102 
08-14 14:04:34.910  1644  7556 I ActivityManager: Process com.heytap.mcs.statistics (pid 17926) has died: vis IMPF
08-14 14:04:34.912 17943 17943 I ActivityThread: Removing dead content provider:android.content.ContentProviderProxy@6724f28
08-14 14:04:34.913 20962 20962 I ActivityThread: Removing dead content provider:android.content.ContentProviderProxy@fd6f858
08-14 14:04:35.463 28042 19885 E ActivityThread: Failed to find provider info for com.platform.usercenter.vip
08-14 14:04:50.100  1644  1821 V BroadcastQueue: parallel background broadcast:(BroadcastRecord{90c160 u-1 android.net.wifi.SCAN_RESULTS}) should be proxyed, target:(BroadcastFilter{bc11b95 10692/u0 ReceiverList{8a64f4c 27969 com.tencent.mm/10692/u0 remote:6cbb37f}})
08-14 14:04:50.103  1644  1821 V BroadcastQueue: parallel background broadcast:(BroadcastRecord{90c160 u-1 android.net.wifi.SCAN_RESULTS}) should be proxyed, target:(BroadcastFilter{de8d4dd 10692/u0 ReceiverList{e6f80b4 27969 com.tencent.mm/10692/u0 remote:3aea987}})
08-14 14:04:50.103  1644  1821 V BroadcastQueue: parallel background broadcast:(BroadcastRecord{90c160 u-1 android.net.wifi.SCAN_RESULTS}) should be proxyed, target:(BroadcastFilter{fcca0c8 10692/u0 ReceiverList{52ad6b 28342 com.tencent.mm:push/10692/u0 remote:e9a4aba}})
08-14 14:04:50.112  1644  1787 D PowerManagerServiceExtImpl: Acquiring suspend blocker "PowerManagerService.WakeLocks"  took 37 ms
08-14 14:04:50.142  1644  1837 W ProcessCpuTracker: Failed to stat(/proc/18051): android.system.ErrnoException: stat failed: ENOENT (No such file or directory)
08-14 14:04:50.142  1644  1837 W ProcessCpuTracker: Skipping unknown process pid 18051
08-14 14:04:50.142  1644  1837 W ProcessCpuTracker: Failed to stat(/proc/18052): android.system.ErrnoException: stat failed: ENOENT (No such file or directory)
08-14 14:04:50.142  1644  1837 W ProcessCpuTracker: Skipping unknown process pid 18052
08-14 14:04:50.142  1644  1837 W ProcessCpuTracker: Failed to stat(/proc/18053): android.system.ErrnoException: stat failed: ENOENT (No such file or directory)
08-14 14:04:50.142  1644  1837 W ProcessCpuTracker: Skipping unknown process pid 18053
08-14 14:04:50.142  1644  1837 W ProcessCpuTracker: Failed to stat(/proc/18054): android.system.ErrnoException: stat failed: ENOENT (No such file or directory)
08-14 14:04:50.142  1644  1837 W ProcessCpuTracker: Skipping unknown process pid 18054
08-14 14:04:50.142  1644  1837 W ProcessCpuTracker: Failed to stat(/proc/18055): android.system.ErrnoException: stat failed: ENOENT (No such file or directory)
08-14 14:04:50.142  1644  1837 W ProcessCpuTracker: Skipping unknown process pid 18055
08-14 14:04:50.143  1644  1837 W ProcessCpuTracker: Failed to stat(/proc/18056): android.system.ErrnoException: stat failed: ENOENT (No such file or directory)
08-14 14:04:50.143  1644  1837 W ProcessCpuTracker: Skipping unknown process pid 18056
08-14 14:04:50.143  1644  1837 W ProcessCpuTracker: Failed to stat(/proc/18057): android.system.ErrnoException: stat failed: ENOENT (No such file or directory)
08-14 14:04:50.143  1644  1837 W ProcessCpuTracker: Skipping unknown process pid 18057
08-14 14:04:50.143  1644  1837 W ProcessCpuTracker: Failed to stat(/proc/18058): android.system.ErrnoException: stat failed: ENOENT (No such file or directory)
08-14 14:04:50.143  1644  1837 W ProcessCpuTracker: Skipping unknown process pid 18058
08-14 14:04:50.150  1644  1837 D ProcessCpuTrackerExtImpl: mContext is already set, return now! 
08-14 14:05:14.628 28042 19885 E ActivityThread: Failed to find provider info for com.platform.usercenter.vip
08-14 14:05:18.004 17943 17943 W ContextImpl: Calling a method in the system process without a qualified user: android.app.ContextImpl.startService:1877 android.content.ContextWrapper.startService:827 com.heytap.mcs.biz.message.t.f:4 com.heytap.mcs.base.process.a.c:6 com.heytap.mcs.base.process.a$a.handleMessage:3 
08-14 14:05:18.089  1644  2466 I ActivityManager: Process com.heytap.mcs.biz.message (pid 17943) has died: fg  SVC 
08-14 14:05:20.085  1644  1821 V BroadcastQueue: parallel background broadcast:(BroadcastRecord{b8445fd u-1 android.net.wifi.SCAN_RESULTS}) should be proxyed, target:(BroadcastFilter{bc11b95 10692/u0 ReceiverList{8a64f4c 27969 com.tencent.mm/10692/u0 remote:6cbb37f}})
08-14 14:05:20.085  1644  1821 V BroadcastQueue: parallel background broadcast:(BroadcastRecord{b8445fd u-1 android.net.wifi.SCAN_RESULTS}) should be proxyed, target:(BroadcastFilter{de8d4dd 10692/u0 ReceiverList{e6f80b4 27969 com.tencent.mm/10692/u0 remote:3aea987}})
08-14 14:05:20.085  1644  1821 V BroadcastQueue: parallel background broadcast:(BroadcastRecord{b8445fd u-1 android.net.wifi.SCAN_RESULTS}) should be proxyed, target:(BroadcastFilter{fcca0c8 10692/u0 ReceiverList{52ad6b 28342 com.tencent.mm:push/10692/u0 remote:e9a4aba}})
08-14 14:05:33.163   667 17761 I keystore2: keystore2::watchdog: Watchdog thread idle -> terminating. Have a great day.
08-14 14:05:42.591  1644  1821 V BroadcastQueue: parallel background broadcast:(BroadcastRecord{2fb6c3e u-1 android.net.wifi.SCAN_RESULTS}) should be proxyed, target:(BroadcastFilter{bc11b95 10692/u0 ReceiverList{8a64f4c 27969 com.tencent.mm/10692/u0 remote:6cbb37f}})
08-14 14:05:42.592  1644  1821 V BroadcastQueue: parallel background broadcast:(BroadcastRecord{2fb6c3e u-1 android.net.wifi.SCAN_RESULTS}) should be proxyed, target:(BroadcastFilter{de8d4dd 10692/u0 ReceiverList{e6f80b4 27969 com.tencent.mm/10692/u0 remote:3aea987}})
08-14 14:05:42.592  1644  1821 V BroadcastQueue: parallel background broadcast:(BroadcastRecord{2fb6c3e u-1 android.net.wifi.SCAN_RESULTS}) should be proxyed, target:(BroadcastFilter{fcca0c8 10692/u0 ReceiverList{52ad6b 28342 com.tencent.mm:push/10692/u0 remote:e9a4aba}})
08-14 14:05:44.671 28042 19885 E ActivityThread: Failed to find provider info for com.platform.usercenter.vip
08-14 14:05:54.765   667 18103 I keystore2: keystore2::watchdog: Watchdog thread idle -> terminating. Have a great day.
08-14 14:06:05.100  1644  1821 V BroadcastQueue: parallel background broadcast:(BroadcastRecord{802ce97 u-1 android.net.wifi.SCAN_RESULTS}) should be proxyed, target:(BroadcastFilter{bc11b95 10692/u0 ReceiverList{8a64f4c 27969 com.tencent.mm/10692/u0 remote:6cbb37f}})
08-14 14:06:05.100  1644  1821 V BroadcastQueue: parallel background broadcast:(BroadcastRecord{802ce97 u-1 android.net.wifi.SCAN_RESULTS}) should be proxyed, target:(BroadcastFilter{de8d4dd 10692/u0 ReceiverList{e6f80b4 27969 com.tencent.mm/10692/u0 remote:3aea987}})
08-14 14:06:05.100  1644  1821 V BroadcastQueue: parallel background broadcast:(BroadcastRecord{802ce97 u-1 android.net.wifi.SCAN_RESULTS}) should be proxyed, target:(BroadcastFilter{fcca0c8 10692/u0 ReceiverList{52ad6b 28342 com.tencent.mm:push/10692/u0 remote:e9a4aba}})
08-14 14:06:05.724   667 18108 I keystore2: keystore2::watchdog: Watchdog thread idle -> terminating. Have a great day.
08-14 14:06:08.291  1644  2651 E OplusCustomizeRestrictionManagerService: isBiometricDisabled start
08-14 14:06:08.292  1644  5202 E OplusCustomizeRestrictionManagerService: isBiometricDisabled start
08-14 14:06:08.328  1644  1847 D AlarmAlignment: findFirstElapsedTimeWakeupNonStandalone:  nowElapsed = 881285001
08-14 14:06:08.354  1644  1847 D AlarmAlignment: reAlignAlarms
08-14 14:06:08.354  1644  1847 D AlarmAlignment: alignWithSys: is not RequestedElapsed alarm alignElapsed=Alarm{ceebab4 type 3 origWhen 880275152 whenElapsed 881410609 android} uid 1000 whenElapsed 881410609 windowLength 3600000 maxWhenElapsed 883875152 repeatInterval 0 action null component null tag *job.delay* flags 0x0, APP_STANDBY_POLICY=874180106, DEVICE_IDLE_POLICY=881410609, ATTERY_SAVER_POLICY=0
08-14 14:06:08.354  1644  1847 D AlarmAlignment: alignWithSys: is not RequestedElapsed alarm alignElapsed=Alarm{9c086dd type 1 origWhen 1755151043675 whenElapsed 881410609 com.oplus.games} uid 10244 whenElapsed 881410609 windowLength 13500000 maxWhenElapsed 894260349 repeatInterval 18000000 action oplus.intent.action.GAME_DIFF_PRE_DOWNLOAD_CHECK component null flags 0x0, APP_STANDBY_POLICY=865874045, DEVICE_IDLE_POLICY=881410609, ATTERY_SAVER_POLICY=865873955
08-14 14:06:08.354  1644  1847 D AlarmAlignment: alignWithSys: is not RequestedElapsed alarm alignElapsed=Alarm{bfef252 type 3 origWhen 874243575 whenElapsed 881410609 com.oplus.deepthinker} uid 10169 whenElapsed 881410609 windowLength 225000 maxWhenElapsed 881410609 repeatInterval 300000 action com.oplus.deepthinker.action.INTENT_DECISION_PREDICT component null flags 0x0, APP_STANDBY_POLICY=874180090, DEVICE_IDLE_POLICY=881410609, ATTERY_SAVER_POLICY=874179999
08-14 14:06:08.364 20962 21215 W ContextImpl: Calling a method in the system process without a qualified user: android.app.ContextImpl.bindService:1970 android.content.ContextWrapper.bindService:863 com.heytap.mcs.biz.statistics.agent.OBUSAgent.bindStatisticsApiService:9 com.heytap.mcs.biz.statistics.agent.OBUSAgent.upload:7 com.heytap.mcs.biz.statistics.agent.AgentManager.upload:3 
08-14 14:06:08.375  1644  5155 D CompatibilityChangeReporter: Compat change id reported: 135634846; UID 1000; state: DISABLED
08-14 14:06:08.375  1644  5155 D CompatibilityChangeReporter: Compat change id reported: 177438394; UID 1000; state: DISABLED
08-14 14:06:08.375  1644  5155 D CompatibilityChangeReporter: Compat change id reported: 135772972; UID 1000; state: DISABLED
08-14 14:06:08.376  1644  5155 D CompatibilityChangeReporter: Compat change id reported: 135754954; UID 1000; state: ENABLED
08-14 14:06:08.380 20962 21215 W ContextImpl: Calling a method in the system process without a qualified user: android.app.ContextImpl.startService:1877 android.content.ContextWrapper.startService:827 com.heytap.mcs.service.McsService.n:8 com.heytap.mcs.service.McsService.g:1 com.heytap.mcs.service.McsService$c.run:37 
08-14 14:06:08.395 20962 21368 W ContextImpl: Calling a method in the system process without a qualified user: android.app.ContextImpl.startService:1877 android.content.ContextWrapper.startService:827 j5.c.a:8 j5.c.run:2 com.heytap.mcs.base.h$b.run:9 
08-14 14:06:08.410  1644  1816 I ActivityManager: Start proc 18119:com.heytap.mcs.statistics/1000 for service {com.heytap.mcs/com.heytap.mcs.biz.statistics.service.StatisticsApiService}
08-14 14:06:11.665 18119 18119 W ContextImpl: Calling a method in the system process without a qualified user: android.app.ContextImpl.startService:1877 android.content.ContextWrapper.startService:827 com.heytap.mcs.biz.statistics.StaticProcessTrackStatusManager.exitCurrentProcess:11 com.heytap.mcs.biz.statistics.StaticProcessTrackStatusManager$1.handleMessage:3 android.os.Handler.dispatchMessage:102 
08-14 14:06:11.760  1644  7210 I ActivityManager: Process com.heytap.mcs.statistics (pid 18119) has died: fg  SVC 
08-14 14:06:13.742  1644  1808 D ProcessCpuTrackerExtImpl: mContext is already set, return now! 
08-14 14:06:14.685 28042 19885 E ActivityThread: Failed to find provider info for com.platform.usercenter.vip
08-14 14:06:14.692  1644  1847 D AlarmAlignment: findFirstElapsedTimeWakeupNonStandalone:  nowElapsed = 881291365
08-14 14:06:14.697  1644  1847 D AlarmAlignment: reAlignAlarms
08-14 14:06:14.697  1644  1847 D AlarmAlignment: alignWithSys: is not RequestedElapsed alarm alignElapsed=Alarm{ceebab4 type 3 origWhen 880275152 whenElapsed 881410609 android} uid 1000 whenElapsed 881410609 windowLength 3600000 maxWhenElapsed 883875152 repeatInterval 0 action null component null tag *job.delay* flags 0x0, APP_STANDBY_POLICY=874180106, DEVICE_IDLE_POLICY=881410609, ATTERY_SAVER_POLICY=0
08-14 14:06:14.697  1644  1847 D AlarmAlignment: alignWithSys: is not RequestedElapsed alarm alignElapsed=Alarm{9c086dd type 1 origWhen 1755151043675 whenElapsed 881410609 com.oplus.games} uid 10244 whenElapsed 881410609 windowLength 13500000 maxWhenElapsed 894260349 repeatInterval 18000000 action oplus.intent.action.GAME_DIFF_PRE_DOWNLOAD_CHECK component null flags 0x0, APP_STANDBY_POLICY=865874045, DEVICE_IDLE_POLICY=881410609, ATTERY_SAVER_POLICY=865873955
08-14 14:06:14.697  1644  1847 D AlarmAlignment: alignWithSys: is not RequestedElapsed alarm alignElapsed=Alarm{bfef252 type 3 origWhen 874243575 whenElapsed 881410609 com.oplus.deepthinker} uid 10169 whenElapsed 881410609 windowLength 225000 maxWhenElapsed 881410609 repeatInterval 300000 action com.oplus.deepthinker.action.INTENT_DECISION_PREDICT component null flags 0x0, APP_STANDBY_POLICY=874180090, DEVICE_IDLE_POLICY=881410609, ATTERY_SAVER_POLICY=874179999
08-14 14:06:14.698  1644  1847 D AlarmAlignment: alignWithSys: is not RequestedElapsed alarm alignElapsed=Alarm{36eb7bd type 3 origWhen 881368609 whenElapsed 881584920 com.oplus.metis} uid 10095 whenElapsed 881584920 windowLength 225000 maxWhenElapsed 881584920 repeatInterval 300000 action oplus.intent.action.SORT_ALARM_ACTION component null flags 0x8, APP_STANDBY_POLICY=881284924, DEVICE_IDLE_POLICY=881284924, ATTERY_SAVER_POLICY=881284924
08-14 14:06:14.698  1644  1847 D AlarmAlignment: alignWithSys: is not RequestedElapsed alarm alignElapsed=Alarm{b4e01b2 type 3 origWhen 881364122 whenElapsed 881584920 com.oplus.nhs} uid 1001 whenElapsed 881584920 windowLength 225000 maxWhenElapsed 881584920 repeatInterval 300000 action oplus.intent.action.INTERNAL_LOOP_UPDATE_ACTIVITYINFO_ALARM component ComponentInfo{com.oplus.nhs/com.oplus.nhs.pwr.ModemAci.ModemAciAlarmReceiver} flags 0x8, APP_STANDBY_POLICY=881284926, DEVICE_IDLE_POLICY=881284926, ATTERY_SAVER_POLICY=0
08-14 14:06:14.698  1644  1847 D AlarmAlignment: alignWithSys: is not RequestedElapsed alarm alignElapsed=Alarm{6672503 type 0 origWhen 1755151844640 whenElapsed 881584920 com.coloros.sceneservice} uid 10213 whenElapsed 881584920 windowLength 202497 maxWhenElapsed 881584920 repeatInterval 0 action sceneservice.intent.action.NORMAL_SCHEDULE_TASK component null flags 0x8, APP_STANDBY_POLICY=881291320, DEVICE_IDLE_POLICY=881291319, ATTERY_SAVER_POLICY=881291320
08-14 14:06:14.698  1644  1847 D AlarmAlignment: alignWithSys: is not RequestedElapsed alarm alignElapsed=Alarm{a83dc80 type 3 origWhen 881516674 whenElapsed 881584920 com.oplus.obrain} uid 1000 whenElapsed 881584920 windowLength 225000 maxWhenElapsed 881584920 repeatInterval 300000 action MIDAS FIVE MINUTE CLOCK ACTION component null flags 0x8, APP_STANDBY_POLICY=881284923, DEVICE_IDLE_POLICY=881284923, ATTERY_SAVER_POLICY=0
08-14 14:06:23.023  1644  3835 D UsageStatsService: User[0] type=0 b=1755151269048 e=1755151583023 cb=1755138355694 ce=1755151568480 disk=0 all=2
08-14 14:06:56.088 28042 19885 E ActivityThread: Failed to find provider info for com.platform.usercenter.vip
08-14 14:06:57.768  1644  2651 D PowerManagerServiceExtImpl: Acquiring suspend blocker "PowerManagerService.WakeLocks"  took 1556 ms
08-14 14:06:57.772  2534  2534 I Quality : SlowBinder: com.android.phone to android.os.IPowerManager cost= 250 code= 1
08-14 14:06:58.305  1644  1821 V BroadcastQueue: parallel background broadcast:(BroadcastRecord{3102761 u-1 android.net.wifi.SCAN_RESULTS}) should be proxyed, target:(BroadcastFilter{bc11b95 10692/u0 ReceiverList{8a64f4c 27969 com.tencent.mm/10692/u0 remote:6cbb37f}})
08-14 14:06:58.306  1644  1821 V BroadcastQueue: parallel background broadcast:(BroadcastRecord{3102761 u-1 android.net.wifi.SCAN_RESULTS}) should be proxyed, target:(BroadcastFilter{de8d4dd 10692/u0 ReceiverList{e6f80b4 27969 com.tencent.mm/10692/u0 remote:3aea987}})
08-14 14:06:58.306  1644  1821 V BroadcastQueue: parallel background broadcast:(BroadcastRecord{3102761 u-1 android.net.wifi.SCAN_RESULTS}) should be proxyed, target:(BroadcastFilter{fcca0c8 10692/u0 ReceiverList{52ad6b 28342 com.tencent.mm:push/10692/u0 remote:e9a4aba}})
08-14 14:07:20.454  1644  1787 D PowerManagerServiceExtImpl: Acquiring suspend blocker "PowerManagerService.WakeLocks"  took 37 ms
08-14 14:07:29.157  1644  1787 D PowerManagerServiceExtImpl: Acquiring suspend blocker "PowerManagerService.WakeLocks"  took 36 ms
08-14 14:07:29.215 28042 19885 E ActivityThread: Failed to find provider info for com.platform.usercenter.vip
08-14 14:07:42.297  1644  1787 D PowerManagerServiceExtImpl: Acquiring suspend blocker "PowerManagerService.WakeLocks"  took 12178 ms
08-14 14:07:42.308  1644  1787 W Looper  : Slow dispatch took 311ms android.fg h=android.os.Handler c=com.android.server.location.provider.StationaryThrottlingLocationProvider$DeliverLastLocationRunnable@1af1b25 m=0
08-14 14:07:42.314  1644  2238 D CommSceneService: notify align tick changed state=1
08-14 14:07:42.316  1644  2238 D OSysNetControlService: handle comm scene=1006 state=1 phoneId=-1
08-14 14:07:42.343  1644  2651 E OplusCustomizeRestrictionManagerService: isBiometricDisabled start
08-14 14:07:42.345  1644  2651 E OplusCustomizeRestrictionManagerService: isBiometricDisabled start
08-14 14:07:57.822  1644  1787 D PowerManagerServiceExtImpl: Acquiring suspend blocker "PowerManagerService.WakeLocks"  took 32 ms
08-14 14:08:13.127 28042 19885 E ActivityThread: Failed to find provider info for com.platform.usercenter.vip
08-14 14:08:14.017  1644  2043 W ActivityManager: Unable to start service Intent { act=oplus.intent.action.GAME_DIFF_PRE_DOWNLOAD_CHECK pkg=com.oplus.cosa } U=0: not found
08-14 14:08:14.077  1644  5202 E OplusCustomizeRestrictionManagerService: isBiometricDisabled start
08-14 14:08:14.079  1644  3815 E OplusCustomizeRestrictionManagerService: isBiometricDisabled start
08-14 14:08:14.088  1644  1644 D CompatibilityChangeReporter: Compat change id reported: 168419799; UID 1000; state: DISABLED
08-14 14:08:14.165  1644  1644 D CompatibilityChangeReporter: Compat change id reported: 168419799; UID 10084; state: DISABLED
08-14 14:08:14.204  1644  3834 D CompatibilityChangeReporter: Compat change id reported: 194532703; UID 10084; state: ENABLED
08-14 14:08:14.210  1644  2238 D CommSceneService: notify deep doze changed state=0
08-14 14:08:14.234  1644  2651 D IntervalStats: Unable to parse usage stats packages: [329, 330, 358, 368, 369, 431, 505, 538, 564, 569, 615, 616, 693, 713, 817, 818, 819, 820, 821, 822, 823, 824, 825, 826, 828, 829, 830, 831, 832, 833, 834, 835, 836, 837, 838, 839, 840, 841, 842, 850, 853, 854, 855, 856, 857]
08-14 14:08:14.236  1644  2651 D UsageStatsService: User[0] type=3 b=0 e=1755151694219 cb=1733296238315 ce=1755151694222 disk=355 all=702
08-14 14:08:14.263  1644  5155 D IntervalStats: Unable to parse usage stats packages: [329, 330, 358, 368, 369, 431, 505, 538, 564, 569, 615, 616, 693, 713, 817, 818, 819, 820, 821, 822, 823, 824, 825, 826, 828, 829, 830, 831, 832, 833, 834, 835, 836, 837, 838, 839, 840, 841, 842, 850, 853, 854, 855, 856, 857]
08-14 14:08:14.265  1644  5208 W OplusSelfProtectManager: pkg[com.oplus.crashbox] not in policy list
08-14 14:08:14.290  1644  2651 D CompatibilityChangeReporter: Compat change id reported: 135634846; UID 10084; state: DISABLED
08-14 14:08:14.290  1644  2651 D CompatibilityChangeReporter: Compat change id reported: 177438394; UID 10084; state: DISABLED
08-14 14:08:14.293  1644  2651 D CompatibilityChangeReporter: Compat change id reported: 135772972; UID 10084; state: DISABLED
08-14 14:08:14.293  1644  2651 D CompatibilityChangeReporter: Compat change id reported: 135754954; UID 10084; state: ENABLED
08-14 14:08:14.293  1644  1816 D CompatibilityChangeReporter: Compat change id reported: 143937733; UID 10084; state: ENABLED
08-14 14:08:14.295  1644  5155 D UsageStatsService: User[0] type=3 b=0 e=1755151694254 cb=1733296238315 ce=1755151694231 disk=355 all=702
08-14 14:08:14.347  1644  1816 W ActivityManager: Slow operation: 57ms so far, now at startProcess: returned from zygote!
08-14 14:08:14.379  1644  2790 W OplusSelfProtectManager: pkg[com.oplus.crashbox] not in policy list
08-14 14:08:14.408  1644  5208 W ContentProviderHelper: Slow operation: 51ms so far, now at getContentProviderImpl: after updateOomAdj
08-14 14:08:14.408  1644  5208 W ContentProviderHelper: Slow operation: 51ms so far, now at getContentProviderImpl: done!
08-14 14:08:14.415  1644  1816 W ActivityManager: Slow operation: 125ms so far, now at startProcess: done updating battery stats
08-14 14:08:14.415  1644  1816 W ActivityManager: Slow operation: 125ms so far, now at startProcess: building log message
08-14 14:08:14.415  1644  1816 I ActivityManager: Start proc 18349:com.oplus.statistics.rom:cc/u0a84 for content provider {com.oplus.statistics.rom/com.oplus.dcc.cloudctl.CloudCtlContentProvider}
08-14 14:08:14.415  1644  1816 W ActivityManager: Slow operation: 125ms so far, now at startProcess: starting to update pids map
08-14 14:08:14.416  1644  1816 W ActivityManager: Slow operation: 126ms so far, now at startProcess: done updating pids map
08-14 14:08:14.486  1644  5157 D CompatibilityChangeReporter: Compat change id reported: 194532703; UID 1000; state: ENABLED
08-14 14:08:14.489  1644  5157 D CompatibilityChangeReporter: Compat change id reported: 194532703; UID 1000; state: DISABLED
08-14 14:08:14.500  1644  2108 W ContentProviderHelper: Slow operation: 52ms so far, now at getContentProviderImpl: after updateOomAdj
08-14 14:08:14.500  1644  2108 W ContentProviderHelper: Slow operation: 52ms so far, now at getContentProviderImpl: done!
08-14 14:08:14.624  1644  5208 D CompatibilityChangeReporter: Compat change id reported: 171306433; UID 1000; state: ENABLED
08-14 14:08:14.624  1644  5208 D CompatibilityChangeReporter: Compat change id reported: 218533173; UID 1000; state: ENABLED
08-14 14:08:14.935  1644  5152 D IntervalStats: Unable to parse usage stats packages: [329, 330, 358, 368, 369, 431, 505, 538, 564, 569, 615, 616, 693, 713, 817, 818, 819, 820, 821, 822, 823, 824, 825, 826, 828, 829, 830, 831, 832, 833, 834, 835, 836, 837, 838, 839, 840, 841, 842, 850, 853, 854, 855, 856, 857]
08-14 14:08:14.938  1644  5152 D UsageStatsService: User[0] type=3 b=0 e=1755151694927 cb=1733296238315 ce=1755151694901 disk=355 all=702
08-14 14:08:26.130  1644  1787 D CompatibilityChangeReporter: Compat change id reported: 168936375; UID 1000; state: ENABLED
08-14 14:08:26.133  1644  1787 D CompatibilityChangeReporter: Compat change id reported: 168936375; UID 1000; state: DISABLED
08-14 14:08:26.136  1644  1787 D CompatibilityChangeReporter: Compat change id reported: 73144566; UID 1000; state: ENABLED
08-14 14:08:26.138  1644  1787 D CompatibilityChangeReporter: Compat change id reported: 73144566; UID 1000; state: DISABLED
08-14 14:08:26.141  1644  2218 D CompatibilityChangeReporter: Compat change id reported: 161145287; UID 1000; state: DISABLED
08-14 14:08:26.630   667 18166 I keystore2: keystore2::watchdog: Watchdog thread idle -> terminating. Have a great day.
08-14 14:08:38.063  1644  1821 V BroadcastQueue: parallel background broadcast:(BroadcastRecord{b01768c u-1 android.net.wifi.SCAN_RESULTS}) should be proxyed, target:(BroadcastFilter{bc11b95 10692/u0 ReceiverList{8a64f4c 27969 com.tencent.mm/10692/u0 remote:6cbb37f}})
08-14 14:08:38.063  1644  1821 V BroadcastQueue: parallel background broadcast:(BroadcastRecord{b01768c u-1 android.net.wifi.SCAN_RESULTS}) should be proxyed, target:(BroadcastFilter{de8d4dd 10692/u0 ReceiverList{e6f80b4 27969 com.tencent.mm/10692/u0 remote:3aea987}})
08-14 14:08:38.063  1644  1821 V BroadcastQueue: parallel background broadcast:(BroadcastRecord{b01768c u-1 android.net.wifi.SCAN_RESULTS}) should be proxyed, target:(BroadcastFilter{fcca0c8 10692/u0 ReceiverList{52ad6b 28342 com.tencent.mm:push/10692/u0 remote:e9a4aba}})
08-14 14:08:44.730  1644  2004 D OplusSmartDozeHelper: enterSmartDozeIfNeeded: s:early
08-14 14:08:44.734  1644  2004 D OplusSmartDozeHelper: isInSmartDozeEearlyTime: false
08-14 14:08:44.735  1644  2004 D OplusSmartDozeHelper: isInSmartDozeEearlyTime: false
08-14 14:08:44.735  1644  2004 D OplusSmartDozeHelper: isInSmartDozeEearlyTime: false
08-14 14:08:44.736  1644  2004 D OplusSmartDozeHelper: isInSmartDozeEearlyTime: false
08-14 14:08:44.736  1644  2004 D OplusSmartDozeHelper: isInSmartDozeEearlyTime: false
08-14 14:08:44.736  1644  2004 D OplusSmartDozeHelper: isInSmartDozeEearlyTime: false
08-14 14:08:44.736  1644  2004 D OplusSmartDozeHelper: isInSmartDozeEearlyTime: false
08-14 14:08:44.737  1644  2004 D OplusSmartDozeHelper: isInSmartDozeEearlyTime: false
08-14 14:08:44.737  1644  2004 D OplusSmartDozeHelper: isInSmartDozeEearlyTime: false
08-14 14:08:44.737  1644  2004 D OplusSmartDozeHelper: isInSmartDozeEearlyTime: false
08-14 14:08:44.738  1644  2004 D OplusSmartDozeHelper: isInSmartDozeEearlyTime: false
08-14 14:08:44.738  1644  2004 D OplusSmartDozeHelper: isInSmartDozeEearlyTime: false
08-14 14:08:44.738  1644  2004 D OplusSmartDozeHelper: isInSmartDozeEearlyTime: false
08-14 14:08:44.739  1644  2004 D OplusSmartDozeHelper: isInSmartDozeEearlyTime: false
08-14 14:08:44.739  1644  2004 D OplusSmartDozeHelper: isInSmartDozeEearlyTime: false
08-14 14:08:44.740  1644  2004 D OplusSmartDozeHelper: isInSmartDozeEearlyTime: false
08-14 14:08:44.740  1644  2004 D OplusSmartDozeHelper: isInSmartDozeEearlyTime: false
08-14 14:08:44.741  1644  2004 D OplusSmartDozeHelper: isInSmartDozeEearlyTime: false
08-14 14:08:44.741  1644  2004 D OplusSmartDozeHelper: isInSmartDozeEearlyTime: false
08-14 14:08:44.742  1644  2004 D OplusSmartDozeHelper: isInSmartDozeEearlyTime: false
08-14 14:08:44.742  1644  2004 D OplusSmartDozeHelper: isInSmartDozeEearlyTime: false
08-14 14:08:44.821  1644  2238 D CommSceneService: notify deep doze changed state=1
08-14 14:08:44.904 28042 19885 E ActivityThread: Failed to find provider info for com.platform.usercenter.vip
08-14 14:08:53.161  1644  1808 D ProcessCpuTrackerExtImpl: mContext is already set, return now! 
08-14 14:08:55.047   667 18474 I keystore2: keystore2::watchdog: Watchdog thread idle -> terminating. Have a great day.
08-14 14:09:06.361   667 18482 I keystore2: keystore2::watchdog: Watchdog thread idle -> terminating. Have a great day.
08-14 14:09:14.920 28042 19885 E ActivityThread: Failed to find provider info for com.platform.usercenter.vip
08-14 14:09:14.921  1644  1847 D AlarmAlignment: findFirstElapsedTimeWakeupNonStandalone:  nowElapsed = 881471594
08-14 14:09:14.927  1644  1847 D AlarmAlignment: reAlignAlarms
08-14 14:09:14.927  1644  1847 D AlarmAlignment: alignWithSys: is not RequestedElapsed alarm alignElapsed=Alarm{b4e01b2 type 3 origWhen 881364122 whenElapsed 881441407 com.oplus.nhs} uid 1001 whenElapsed 881441407 windowLength 225000 maxWhenElapsed 881589122 repeatInterval 300000 action oplus.intent.action.INTERNAL_LOOP_UPDATE_ACTIVITYINFO_ALARM component ComponentInfo{com.oplus.nhs/com.oplus.nhs.pwr.ModemAci.ModemAciAlarmReceiver} flags 0x8, APP_STANDBY_POLICY=881284926, DEVICE_IDLE_POLICY=881441407, ATTERY_SAVER_POLICY=0
08-14 14:09:14.927  1644  1847 D AlarmAlignment: alignWithSys: is not RequestedElapsed alarm alignElapsed=Alarm{36eb7bd type 3 origWhen 881368609 whenElapsed 881441407 com.oplus.metis} uid 10095 whenElapsed 881441407 windowLength 225000 maxWhenElapsed 881593609 repeatInterval 300000 action oplus.intent.action.SORT_ALARM_ACTION component null flags 0x8, APP_STANDBY_POLICY=881284924, DEVICE_IDLE_POLICY=881441407, ATTERY_SAVER_POLICY=881284924
08-14 14:09:14.927  1644  1847 D AlarmAlignment: alignWithSys: is not RequestedElapsed alarm alignElapsed=Alarm{ca83bf0 type 0 origWhen 1755152024869 whenElapsed 881884920 com.coloros.sceneservice} uid 10213 whenElapsed 881884920 windowLength 202496 maxWhenElapsed 881884920 repeatInterval 0 action sceneservice.intent.action.NORMAL_SCHEDULE_TASK component null flags 0x8, APP_STANDBY_POLICY=881471548, DEVICE_IDLE_POLICY=881471548, ATTERY_SAVER_POLICY=881471548
08-14 14:09:16.990  1644  2474 I ActivityManager: Process com.oplus.statistics.rom:cc (pid 18349) has died: vis IMPF
08-14 14:09:25.077   667 18487 I keystore2: keystore2::watchdog: Watchdog thread idle -> terminating. Have a great day.
08-14 14:09:44.695  1644  1787 D PowerManagerServiceExtImpl: Acquiring suspend blocker "PowerManagerService.WakeLocks"  took 13832 ms
08-14 14:09:44.707  1644  1787 W Looper  : Slow dispatch took 227ms android.fg h=android.os.Handler c=com.android.server.location.provider.StationaryThrottlingLocationProvider$DeliverLastLocationRunnable@594f37f m=0
08-14 14:09:45.144  1644  5208 D PowerManagerServiceExtImpl: Acquiring suspend blocker "PowerManagerService.WakeLocks"  took 193 ms
08-14 14:09:45.533 28042 19885 E ActivityThread: Failed to find provider info for com.platform.usercenter.vip
08-14 14:09:45.539   667 18493 I keystore2: keystore2::watchdog: Watchdog thread idle -> terminating. Have a great day.
08-14 14:09:58.768  1644  1787 D PowerManagerServiceExtImpl: Acquiring suspend blocker "PowerManagerService.WakeLocks"  took 2470 ms
08-14 14:09:58.777  1644  1787 W Looper  : Slow dispatch took 346ms android.fg h=android.os.Handler c=com.android.server.location.provider.StationaryThrottlingLocationProvider$DeliverLastLocationRunnable@594f37f m=0
08-14 14:10:27.179  1644  1821 V BroadcastQueue: parallel background broadcast:(BroadcastRecord{99b0f02 u-1 android.net.wifi.SCAN_RESULTS}) should be proxyed, target:(BroadcastFilter{bc11b95 10692/u0 ReceiverList{8a64f4c 27969 com.tencent.mm/10692/u0 remote:6cbb37f}})
08-14 14:10:27.180  1644  1821 V BroadcastQueue: parallel background broadcast:(BroadcastRecord{99b0f02 u-1 android.net.wifi.SCAN_RESULTS}) should be proxyed, target:(BroadcastFilter{de8d4dd 10692/u0 ReceiverList{e6f80b4 27969 com.tencent.mm/10692/u0 remote:3aea987}})
08-14 14:10:27.180  1644  1821 V BroadcastQueue: parallel background broadcast:(BroadcastRecord{99b0f02 u-1 android.net.wifi.SCAN_RESULTS}) should be proxyed, target:(BroadcastFilter{fcca0c8 10692/u0 ReceiverList{52ad6b 28342 com.tencent.mm:push/10692/u0 remote:e9a4aba}})
08-14 14:10:27.372 28042 19885 E ActivityThread: Failed to find provider info for com.platform.usercenter.vip
08-14 14:10:28.148  4646 11382 I Quality : SlowSQLite: /99224a8be70febe96ace61ae43c2ddb3/ cost= /514
08-14 14:10:43.474  1644  1787 D PowerManagerServiceExtImpl: Acquiring suspend blocker "PowerManagerService.WakeLocks"  took 14694 ms
08-14 14:10:43.481  1644  1787 W Looper  : Slow dispatch took 180ms android.fg h=android.os.Handler c=com.android.server.location.provider.StationaryThrottlingLocationProvider$DeliverLastLocationRunnable@594f37f m=0
08-14 14:10:43.912  1644  5157 D PowerManagerServiceExtImpl: Acquiring suspend blocker "PowerManagerService.WakeLocks"  took 125 ms
08-14 14:11:06.721  1644  2852 D CompatibilityChangeReporter: Compat change id reported: 135634846; UID 1000; state: DISABLED
08-14 14:11:06.721  1644  2852 D CompatibilityChangeReporter: Compat change id reported: 177438394; UID 1000; state: DISABLED
08-14 14:11:06.722  1644  2852 D CompatibilityChangeReporter: Compat change id reported: 135772972; UID 1000; state: DISABLED
08-14 14:11:06.722  1644  2852 D CompatibilityChangeReporter: Compat change id reported: 135754954; UID 1000; state: ENABLED
08-14 14:11:06.724 20962 23711 W ContextImpl: Calling a method in the system process without a qualified user: android.app.ContextImpl.bindService:1970 android.content.ContextWrapper.bindService:863 com.heytap.mcs.biz.message.s.e:8 com.heytap.mcs.biz.message.s.z:11 com.heytap.mcs.biz.message.parser.f$a.run:71 
08-14 14:11:06.771  1644  1816 W ActivityManager: Slow operation: 51ms so far, now at startProcess: done updating battery stats
08-14 14:11:06.771  1644  1816 W ActivityManager: Slow operation: 51ms so far, now at startProcess: building log message
08-14 14:11:06.771  1644  1816 I ActivityManager: Start proc 18636:com.heytap.mcs.statistics/1000 for content provider {com.heytap.mcs/com.heytap.mcs.biz.statistics.provider.StatisticsContentProvider}
08-14 14:11:06.771  1644  1816 W ActivityManager: Slow operation: 51ms so far, now at startProcess: starting to update pids map
08-14 14:11:06.771  1644  1816 W ActivityManager: Slow operation: 51ms so far, now at startProcess: done updating pids map
08-14 14:11:06.772  1644  1816 W ContextImpl: Calling a method in the system process without a qualified user: android.app.ContextImpl.sendBroadcast:1193 com.android.server.am.OplusAppStartupConfig.sendAbnormalNotify:1554 com.android.server.am.OplusAppStartupConfig.notifyAbnormalInfo:1487 com.android.server.am.OplusAppStartupManager.handleStartAppInfo:5072 com.android.server.am.ProcessListExtImpl.hookHandleProcessStart:239 
08-14 14:11:06.816  1644  1816 W ActivityManager: Slow operation: 88ms so far, now at startProcess: returned from zygote!
08-14 14:11:06.818  1644  1816 W ActivityManager: Slow operation: 89ms so far, now at startProcess: done updating battery stats
08-14 14:11:06.818  1644  1816 W ActivityManager: Slow operation: 90ms so far, now at startProcess: building log message
08-14 14:11:06.818  1644  1816 I ActivityManager: Start proc 18654:com.heytap.mcs.biz.message/1000 for service {com.heytap.mcs/com.heytap.mcs.biz.message.MessageDealService}
08-14 14:11:06.819  1644  1816 W ActivityManager: Slow operation: 90ms so far, now at startProcess: starting to update pids map
08-14 14:11:06.820  1644  1816 W ActivityManager: Slow operation: 91ms so far, now at startProcess: done updating pids map
08-14 14:11:07.016  1644  1808 D AppProfilerExtImpl: Skipped pss collection for CPU busy
08-14 14:11:07.096 28042 19885 E ActivityThread: Failed to find provider info for com.platform.usercenter.vip
08-14 14:11:07.250  1644  1644 I OplusStatusBarManagerServiceEnhance:  getTopIsFullscreen mTopIsFullscreen: false
08-14 14:11:07.259  1644  1644 W NotificationHistory: Attempted to add notif for locked/gone/disabled user 0
08-14 14:11:38.761  1644  1821 V BroadcastQueue: parallel background broadcast:(BroadcastRecord{a345971 u-1 android.net.wifi.SCAN_RESULTS}) should be proxyed, target:(BroadcastFilter{bc11b95 10692/u0 ReceiverList{8a64f4c 27969 com.tencent.mm/10692/u0 remote:6cbb37f}})
08-14 14:11:38.762  1644  1821 V BroadcastQueue: parallel background broadcast:(BroadcastRecord{a345971 u-1 android.net.wifi.SCAN_RESULTS}) should be proxyed, target:(BroadcastFilter{de8d4dd 10692/u0 ReceiverList{e6f80b4 27969 com.tencent.mm/10692/u0 remote:3aea987}})
08-14 14:11:38.762  1644  1821 V BroadcastQueue: parallel background broadcast:(BroadcastRecord{a345971 u-1 android.net.wifi.SCAN_RESULTS}) should be proxyed, target:(BroadcastFilter{fcca0c8 10692/u0 ReceiverList{52ad6b 28342 com.tencent.mm:push/10692/u0 remote:e9a4aba}})
08-14 14:11:39.368 28042 19885 E ActivityThread: Failed to find provider info for com.platform.usercenter.vip
08-14 14:11:39.368 18636 18636 W ContextImpl: Calling a method in the system process without a qualified user: android.app.ContextImpl.startService:1877 android.content.ContextWrapper.startService:827 com.heytap.mcs.biz.statistics.StaticProcessTrackStatusManager.exitCurrentProcess:11 com.heytap.mcs.biz.statistics.StaticProcessTrackStatusManager$1.handleMessage:3 android.os.Handler.dispatchMessage:102 
08-14 14:11:39.436  1644  7556 I ActivityManager: Process com.heytap.mcs.statistics (pid 18636) has died: vis IMPF
08-14 14:11:39.437 18654 18654 I ActivityThread: Removing dead content provider:android.content.ContentProviderProxy@5606486
08-14 14:11:39.437 20962 20962 I ActivityThread: Removing dead content provider:android.content.ContentProviderProxy@aef4204
08-14 14:11:54.686  1644  1787 D CompatibilityChangeReporter: Compat change id reported: 168936375; UID 1000; state: ENABLED
08-14 14:11:54.691  1644  1787 D CompatibilityChangeReporter: Compat change id reported: 168936375; UID 1000; state: DISABLED
08-14 14:11:54.697  1644  1787 D CompatibilityChangeReporter: Compat change id reported: 73144566; UID 1000; state: ENABLED
08-14 14:11:54.702  1644  1787 D CompatibilityChangeReporter: Compat change id reported: 73144566; UID 1000; state: DISABLED
08-14 14:11:54.715  1644  2218 D CompatibilityChangeReporter: Compat change id reported: 161145287; UID 1000; state: DISABLED
08-14 14:11:55.035  1644  1787 D CompatibilityChangeReporter: Compat change id reported: 171306433; UID 1000; state: ENABLED
08-14 14:11:55.035  1644  1787 D CompatibilityChangeReporter: Compat change id reported: 218533173; UID 1000; state: ENABLED
08-14 14:12:00.001  1644  1821 V BroadcastQueue: parallel background broadcast:(BroadcastRecord{9d29492 u-1 android.net.wifi.SCAN_RESULTS}) should be proxyed, target:(BroadcastFilter{bc11b95 10692/u0 ReceiverList{8a64f4c 27969 com.tencent.mm/10692/u0 remote:6cbb37f}})
08-14 14:12:00.001  1644  1821 V BroadcastQueue: parallel background broadcast:(BroadcastRecord{9d29492 u-1 android.net.wifi.SCAN_RESULTS}) should be proxyed, target:(BroadcastFilter{de8d4dd 10692/u0 ReceiverList{e6f80b4 27969 com.tencent.mm/10692/u0 remote:3aea987}})
08-14 14:12:00.001  1644  1821 V BroadcastQueue: parallel background broadcast:(BroadcastRecord{9d29492 u-1 android.net.wifi.SCAN_RESULTS}) should be proxyed, target:(BroadcastFilter{fcca0c8 10692/u0 ReceiverList{52ad6b 28342 com.tencent.mm:push/10692/u0 remote:e9a4aba}})
08-14 14:12:00.104 18654 18654 W ContextImpl: Calling a method in the system process without a qualified user: android.app.ContextImpl.startService:1877 android.content.ContextWrapper.startService:827 com.heytap.mcs.biz.message.t.f:4 com.heytap.mcs.base.process.a.c:6 com.heytap.mcs.base.process.a$a.handleMessage:3 
08-14 14:12:00.183  1644  2466 I ActivityManager: Process com.heytap.mcs.biz.message (pid 18654) has died: fg  SVC 
08-14 14:12:01.760  1644  1808 D ProcessCpuTrackerExtImpl: mContext is already set, return now! 
08-14 14:12:10.149 28042 19885 E ActivityThread: Failed to find provider info for com.platform.usercenter.vip
08-14 14:12:10.275  1644  3835 D UsageStatsService: User[0] type=0 b=1755151443284 e=1755151930274 cb=1755138355694 ce=1755151915028 disk=0 all=2
08-14 14:12:13.343  1644  2852 D OplusProxyWakeLock: add uid: 10692 wakelock: lock:227109369 PARTIAL_WAKE_LOCK              'Micro' (uid=10692 pid=28342) to proxyedWakeLock list
08-14 14:12:13.347  1644  3054 D OplusProxyWakeLock: restore uid: 10692 wakelock: lock:227109369 PARTIAL_WAKE_LOCK              'Micro' (uid=10692 pid=28342)  from proxyedWakeLock list.
08-14 14:12:13.377  1644  3815 E OplusCustomizeRestrictionManagerService: isBiometricDisabled start
08-14 14:12:13.377  1644  2108 E OplusCustomizeRestrictionManagerService: isBiometricDisabled start
