08-14 14:12:13.441  1644  2790 D CompatibilityChangeReporter: Compat change id reported: 168419799; UID 1000; state: DISABLED
08-14 14:12:13.464  1644  1644 W Looper  : Slow dispatch took 111ms main h=com.android.server.alarm.AlarmManagerService$AlarmHandler c=com.android.server.alarm.AlarmManagerService$3$$ExternalSyntheticLambda0@a44dcab m=0
08-14 14:12:13.465  1644  2238 D CommSceneService: notify align tick changed state=1
08-14 14:12:13.465  1644  2238 D OSysNetControlService: handle comm scene=1006 state=1 phoneId=-1
08-14 14:12:20.386   667 18516 I keystore2: keystore2::watchdog: Watchdog thread idle -> terminating. Have a great day.
08-14 14:12:31.742   667 18775 I keystore2: keystore2::watchdog: Watchdog thread idle -> terminating. Have a great day.
08-14 14:12:40.165 28042 19885 E ActivityThread: Failed to find provider info for com.platform.usercenter.vip
08-14 14:12:50.393   667 18788 I keystore2: keystore2::watchdog: Watchdog thread idle -> terminating. Have a great day.
08-14 14:13:13.607  1644  1821 V BroadcastQueue: parallel background broadcast:(BroadcastRecord{93637b9 u-1 android.net.wifi.SCAN_RESULTS}) should be proxyed, target:(BroadcastFilter{bc11b95 10692/u0 ReceiverList{8a64f4c 27969 com.tencent.mm/10692/u0 remote:6cbb37f}})
08-14 14:13:13.608  1644  1821 V BroadcastQueue: parallel background broadcast:(BroadcastRecord{93637b9 u-1 android.net.wifi.SCAN_RESULTS}) should be proxyed, target:(BroadcastFilter{de8d4dd 10692/u0 ReceiverList{e6f80b4 27969 com.tencent.mm/10692/u0 remote:3aea987}})
08-14 14:13:13.608  1644  1821 V BroadcastQueue: parallel background broadcast:(BroadcastRecord{93637b9 u-1 android.net.wifi.SCAN_RESULTS}) should be proxyed, target:(BroadcastFilter{fcca0c8 10692/u0 ReceiverList{52ad6b 28342 com.tencent.mm:push/10692/u0 remote:e9a4aba}})
08-14 14:13:13.715 28042 19885 E ActivityThread: Failed to find provider info for com.platform.usercenter.vip
08-14 14:13:14.873  1644  2651 E OplusCustomizeRestrictionManagerService: isBiometricDisabled start
08-14 14:13:14.873  1644  5208 E OplusCustomizeRestrictionManagerService: isBiometricDisabled start
08-14 14:13:15.786  1644  1808 D ProcessCpuTrackerExtImpl: mContext is already set, return now! 
08-14 14:14:02.603 28042 19885 E ActivityThread: Failed to find provider info for com.platform.usercenter.vip
08-14 14:14:11.382  1644  1821 V BroadcastQueue: parallel background broadcast:(BroadcastRecord{af78129 u-1 android.net.wifi.SCAN_RESULTS}) should be proxyed, target:(BroadcastFilter{bc11b95 10692/u0 ReceiverList{8a64f4c 27969 com.tencent.mm/10692/u0 remote:6cbb37f}})
08-14 14:14:11.382  1644  1821 V BroadcastQueue: parallel background broadcast:(BroadcastRecord{af78129 u-1 android.net.wifi.SCAN_RESULTS}) should be proxyed, target:(BroadcastFilter{de8d4dd 10692/u0 ReceiverList{e6f80b4 27969 com.tencent.mm/10692/u0 remote:3aea987}})
08-14 14:14:11.383  1644  1821 V BroadcastQueue: parallel background broadcast:(BroadcastRecord{af78129 u-1 android.net.wifi.SCAN_RESULTS}) should be proxyed, target:(BroadcastFilter{fcca0c8 10692/u0 ReceiverList{52ad6b 28342 com.tencent.mm:push/10692/u0 remote:e9a4aba}})
08-14 14:14:18.656  1644  1787 D PowerManagerServiceExtImpl: Acquiring suspend blocker "PowerManagerService.WakeLocks"  took 31 ms
08-14 14:14:34.482 28042 19885 E ActivityThread: Failed to find provider info for com.platform.usercenter.vip
08-14 14:14:51.635  1644  1787 D PowerManagerServiceExtImpl: Acquiring suspend blocker "PowerManagerService.WakeLocks"  took 134 ms
08-14 14:14:51.641  1644  1787 W Looper  : Slow dispatch took 142ms android.fg h=android.os.Handler c=com.android.server.location.provider.StationaryThrottlingLocationProvider$DeliverLastLocationRunnable@594f37f m=0
08-14 14:15:07.293  1644  1787 D PowerManagerServiceExtImpl: Acquiring suspend blocker "PowerManagerService.WakeLocks"  took 31 ms
08-14 14:15:07.361 28042 19885 E ActivityThread: Failed to find provider info for com.platform.usercenter.vip
08-14 14:15:23.393  1644  1821 V BroadcastQueue: parallel background broadcast:(BroadcastRecord{4e033c8 u-1 android.net.wifi.SCAN_RESULTS}) should be proxyed, target:(BroadcastFilter{bc11b95 10692/u0 ReceiverList{8a64f4c 27969 com.tencent.mm/10692/u0 remote:6cbb37f}})
08-14 14:15:23.393  1644  1821 V BroadcastQueue: parallel background broadcast:(BroadcastRecord{4e033c8 u-1 android.net.wifi.SCAN_RESULTS}) should be proxyed, target:(BroadcastFilter{de8d4dd 10692/u0 ReceiverList{e6f80b4 27969 com.tencent.mm/10692/u0 remote:3aea987}})
08-14 14:15:23.393  1644  1821 V BroadcastQueue: parallel background broadcast:(BroadcastRecord{4e033c8 u-1 android.net.wifi.SCAN_RESULTS}) should be proxyed, target:(BroadcastFilter{fcca0c8 10692/u0 ReceiverList{52ad6b 28342 com.tencent.mm:push/10692/u0 remote:e9a4aba}})
08-14 14:15:37.632 28042 19885 E ActivityThread: Failed to find provider info for com.platform.usercenter.vip
08-14 14:15:45.898  1644  1821 V BroadcastQueue: parallel background broadcast:(BroadcastRecord{4ac65d3 u-1 android.net.wifi.SCAN_RESULTS}) should be proxyed, target:(BroadcastFilter{bc11b95 10692/u0 ReceiverList{8a64f4c 27969 com.tencent.mm/10692/u0 remote:6cbb37f}})
08-14 14:15:45.898  1644  1821 V BroadcastQueue: parallel background broadcast:(BroadcastRecord{4ac65d3 u-1 android.net.wifi.SCAN_RESULTS}) should be proxyed, target:(BroadcastFilter{de8d4dd 10692/u0 ReceiverList{e6f80b4 27969 com.tencent.mm/10692/u0 remote:3aea987}})
08-14 14:15:45.898  1644  1821 V BroadcastQueue: parallel background broadcast:(BroadcastRecord{4ac65d3 u-1 android.net.wifi.SCAN_RESULTS}) should be proxyed, target:(BroadcastFilter{fcca0c8 10692/u0 ReceiverList{52ad6b 28342 com.tencent.mm:push/10692/u0 remote:e9a4aba}})
08-14 14:15:47.754   667 18791 I keystore2: keystore2::watchdog: Watchdog thread idle -> terminating. Have a great day.
08-14 14:15:59.162   667 19027 I keystore2: keystore2::watchdog: Watchdog thread idle -> terminating. Have a great day.
08-14 14:16:07.682 28042 19885 E ActivityThread: Failed to find provider info for com.platform.usercenter.vip
08-14 14:16:08.402  1644  1821 V BroadcastQueue: parallel background broadcast:(BroadcastRecord{830bc4b u-1 android.net.wifi.SCAN_RESULTS}) should be proxyed, target:(BroadcastFilter{bc11b95 10692/u0 ReceiverList{8a64f4c 27969 com.tencent.mm/10692/u0 remote:6cbb37f}})
08-14 14:16:08.403  1644  1821 V BroadcastQueue: parallel background broadcast:(BroadcastRecord{830bc4b u-1 android.net.wifi.SCAN_RESULTS}) should be proxyed, target:(BroadcastFilter{de8d4dd 10692/u0 ReceiverList{e6f80b4 27969 com.tencent.mm/10692/u0 remote:3aea987}})
08-14 14:16:08.403  1644  1821 V BroadcastQueue: parallel background broadcast:(BroadcastRecord{830bc4b u-1 android.net.wifi.SCAN_RESULTS}) should be proxyed, target:(BroadcastFilter{fcca0c8 10692/u0 ReceiverList{52ad6b 28342 com.tencent.mm:push/10692/u0 remote:e9a4aba}})
08-14 14:16:11.467  1644  1808 D ProcessCpuTrackerExtImpl: mContext is already set, return now! 
08-14 14:16:17.808   667 19032 I keystore2: keystore2::watchdog: Watchdog thread idle -> terminating. Have a great day.
08-14 14:16:18.632  1644  3835 D UsageStatsService: User[0] type=0 b=1755151867253 e=1755152178632 cb=1755138355694 ce=1755152173702 disk=0 all=1
08-14 14:16:28.730   667 19035 I keystore2: keystore2::watchdog: Watchdog thread idle -> terminating. Have a great day.
08-14 14:16:53.284 28042 19885 E ActivityThread: Failed to find provider info for com.platform.usercenter.vip
08-14 14:16:53.545  1644  1821 V BroadcastQueue: parallel background broadcast:(BroadcastRecord{1ea3c2b u-1 android.net.wifi.SCAN_RESULTS}) should be proxyed, target:(BroadcastFilter{bc11b95 10692/u0 ReceiverList{8a64f4c 27969 com.tencent.mm/10692/u0 remote:6cbb37f}})
08-14 14:16:53.545  1644  1821 V BroadcastQueue: parallel background broadcast:(BroadcastRecord{1ea3c2b u-1 android.net.wifi.SCAN_RESULTS}) should be proxyed, target:(BroadcastFilter{de8d4dd 10692/u0 ReceiverList{e6f80b4 27969 com.tencent.mm/10692/u0 remote:3aea987}})
08-14 14:16:53.545  1644  1821 V BroadcastQueue: parallel background broadcast:(BroadcastRecord{1ea3c2b u-1 android.net.wifi.SCAN_RESULTS}) should be proxyed, target:(BroadcastFilter{fcca0c8 10692/u0 ReceiverList{52ad6b 28342 com.tencent.mm:push/10692/u0 remote:e9a4aba}})
08-14 14:17:13.452  1644  2108 D CompatibilityChangeReporter: Compat change id reported: 135634846; UID 10095; state: DISABLED
08-14 14:17:13.452  1644  2108 D CompatibilityChangeReporter: Compat change id reported: 177438394; UID 10095; state: DISABLED
08-14 14:17:13.452  1644  2108 D CompatibilityChangeReporter: Compat change id reported: 135772972; UID 10095; state: DISABLED
08-14 14:17:13.452  1644  2108 D CompatibilityChangeReporter: Compat change id reported: 135754954; UID 10095; state: ENABLED
08-14 14:17:13.452  1644  1816 D CompatibilityChangeReporter: Compat change id reported: 143937733; UID 10095; state: ENABLED
08-14 14:17:13.460  1644  5202 E OplusCustomizeRestrictionManagerService: isBiometricDisabled start
08-14 14:17:13.461  1644  2651 E OplusCustomizeRestrictionManagerService: isBiometricDisabled start
08-14 14:17:13.476  1644  2238 D CommSceneService: notify align tick changed state=1
08-14 14:17:13.479  1644  2238 D OSysNetControlService: handle comm scene=1006 state=1 phoneId=-1
08-14 14:17:13.492  1644  1816 I ActivityManager: Start proc 19114:com.oplus.metis:net/u0a95 for service {com.oplus.metis/com.oplus.metis.v2.net.NetworkService}
08-14 14:17:13.492  1644  1816 W ContextImpl: Calling a method in the system process without a qualified user: android.app.ContextImpl.sendBroadcast:1193 com.android.server.am.OplusAppStartupConfig.sendAbnormalNotify:1554 com.android.server.am.OplusAppStartupConfig.notifyAbnormalInfo:1487 com.android.server.am.OplusAppStartupManager.handleStartAppInfo:5072 com.android.server.am.ProcessListExtImpl.hookHandleProcessStart:239 
08-14 14:17:13.722  1644  2651 D CompatibilityChangeReporter: Compat change id reported: 161145287; UID 10095; state: DISABLED
08-14 14:17:13.743  1644  2108 I ActivityManager: Killing 10860:com.coloros.oshare/u0a100 (adj 985): empty for 2680s
08-14 14:17:13.749  1644  5202 D StdIDManager: stdid call:com.oplus.metis,10095,OUID,10081
08-14 14:17:13.795  1644  2316 E OAPM    : activity preload is not enabled
08-14 14:17:30.138  1644  1787 D PowerManagerServiceExtImpl: Acquiring suspend blocker "PowerManagerService.WakeLocks"  took 14188 ms
08-14 14:17:30.151  1644  1787 W Looper  : Slow dispatch took 328ms android.fg h=android.os.Handler c=com.android.server.location.provider.StationaryThrottlingLocationProvider$DeliverLastLocationRunnable@594f37f m=0
08-14 14:17:30.868  1644  1787 D PowerManagerServiceExtImpl: Acquiring suspend blocker "PowerManagerService.WakeLocks"  took 41 ms
08-14 14:17:30.936 28042 19885 E ActivityThread: Failed to find provider info for com.platform.usercenter.vip
08-14 14:17:31.960  1644  5202 E OplusCustomizeRestrictionManagerService: getMobileDataMode error :s == null
08-14 14:17:31.963  1644  5202 E OplusCustomizeRestrictionManagerService: getMobileDataMode error :s == null
08-14 14:17:31.966  1644  5202 E OplusCustomizeRestrictionManagerService: getMobileDataMode error :s == null
08-14 14:17:45.671  1644  2108 W OplusSelfProtectManager: pkg[com.oplus.crashbox] not in policy list
08-14 14:17:45.708  1644  2108 D OplusSmartDozeHelper: isInSmartDozeEearlyTime: false
08-14 14:17:45.711  1644  2108 D OplusSmartDozeHelper: isInSmartDozeEearlyTime: false
08-14 14:17:45.725  1644  2108 D CompatibilityChangeReporter: Compat change id reported: 194532703; UID 1000; state: ENABLED
08-14 14:17:45.727  1644  2108 D CompatibilityChangeReporter: Compat change id reported: 194532703; UID 1000; state: DISABLED
08-14 14:17:45.793  1644  2108 D CompatibilityChangeReporter: Compat change id reported: 135634846; UID 10692; state: DISABLED
08-14 14:17:45.794  1644  2108 D CompatibilityChangeReporter: Compat change id reported: 177438394; UID 10692; state: DISABLED
08-14 14:17:45.794  1644  2108 D CompatibilityChangeReporter: Compat change id reported: 135772972; UID 10692; state: DISABLED
08-14 14:17:45.794  1644  1816 D CompatibilityChangeReporter: Compat change id reported: 143937733; UID 10692; state: ENABLED
08-14 14:17:45.831  1644  2651 D CompatibilityChangeReporter: Compat change id reported: 194532703; UID 10692; state: ENABLED
08-14 14:17:45.836  1644  1816 I ActivityManager: Start proc 19213:com.tencent.mm:support/u0a692 for service {com.tencent.mm/com.tencent.mm.service.ProcessService$SupportProcessService}
08-14 14:18:01.722 28042 19884 E ActivityThread: Failed to find provider info for com.platform.usercenter.vip
08-14 14:18:06.305  1644  2651 E OplusCustomizeRestrictionManagerService: isBiometricDisabled start
08-14 14:18:06.306  1644  2108 E OplusCustomizeRestrictionManagerService: isBiometricDisabled start
08-14 14:18:06.324  1644  2003 D IntervalStats: Unable to parse usage stats packages: [1037, 1039]
08-14 14:18:06.326  1644  2003 D UsageStatsService: User[0] type=0 b=1754547486305 e=1755152286305 cb=1755138355694 ce=1755152173702 disk=2 all=2
08-14 14:18:06.703 20962 21450 W ContextImpl: Calling a method in the system process without a qualified user: android.app.ContextImpl.bindService:1970 android.content.ContextWrapper.bindService:863 com.heytap.mcs.biz.message.s.e:8 com.heytap.mcs.biz.message.s.p:5 com.heytap.mcs.biz.message.s.A:3 
08-14 14:18:06.711  1644  2651 D CompatibilityChangeReporter: Compat change id reported: 135634846; UID 1000; state: DISABLED
08-14 14:18:06.711  1644  2651 D CompatibilityChangeReporter: Compat change id reported: 177438394; UID 1000; state: DISABLED
08-14 14:18:06.712  1644  2651 D CompatibilityChangeReporter: Compat change id reported: 135772972; UID 1000; state: DISABLED
08-14 14:18:06.712  1644  2651 D CompatibilityChangeReporter: Compat change id reported: 135754954; UID 1000; state: ENABLED
08-14 14:18:06.770  1644  1816 W ActivityManager: Slow operation: 61ms so far, now at startProcess: returned from zygote!
08-14 14:18:06.771  1644  1816 W ActivityManager: Slow operation: 62ms so far, now at startProcess: done updating battery stats
08-14 14:18:06.771  1644  1816 W ActivityManager: Slow operation: 62ms so far, now at startProcess: building log message
08-14 14:18:06.771  1644  1816 I ActivityManager: Start proc 19427:com.heytap.mcs.biz.message/1000 for service {com.heytap.mcs/com.heytap.mcs.biz.message.MessageDealService}
08-14 14:18:06.771  1644  1816 W ActivityManager: Slow operation: 62ms so far, now at startProcess: starting to update pids map
08-14 14:18:06.772  1644  1816 W ActivityManager: Slow operation: 63ms so far, now at startProcess: done updating pids map
08-14 14:18:22.391  4646 11382 I Quality : SlowSQLite: /99224a8be70febe96ace61ae43c2ddb3/ cost= /528
08-14 14:18:39.308  1644  1787 D PowerManagerServiceExtImpl: Acquiring suspend blocker "PowerManagerService.WakeLocks"  took 36 ms
08-14 14:18:39.344  1644  2003 D IntervalStats: Unable to parse usage stats packages: [1037, 1039]
08-14 14:18:39.347  1644  2003 D UsageStatsService: User[0] type=0 b=1754547519332 e=1755152319332 cb=1755138355694 ce=1755152319315 disk=2 all=2
08-14 14:18:39.374  1644  2003 D IntervalStats: Unable to parse usage stats packages: [1037, 1039]
08-14 14:18:39.389  1644  2003 D IntervalStats: Unable to parse usage stats packages: [1039, 1040, 1041]
08-14 14:18:39.393  1644  2003 D IntervalStats: Unable to parse usage stats packages: [1041]
08-14 14:18:39.397  1644  2003 D IntervalStats: Unable to parse usage stats packages: [1042]
08-14 14:18:39.403  1644  2003 D IntervalStats: Unable to parse usage stats packages: [1042, 1043, 1044, 1045, 1046]
08-14 14:18:39.412  1644  2003 D UsageStatsService: User[0] type=0 b=1754547519347 e=1755152319347 cb=1755138355694 ce=1755152319315 disk=1 all=1
08-14 14:18:39.414 28042 19884 E ActivityThread: Failed to find provider info for com.platform.usercenter.vip
08-14 14:18:39.416  1644  2003 D IntervalStats: Unable to parse usage stats packages: [1037, 1039]
08-14 14:18:39.419  1644  2651 D CompatibilityChangeReporter: Compat change id reported: 171306433; UID 10692; state: ENABLED
08-14 14:18:39.421  1644  5157 D CompatibilityChangeReporter: Compat change id reported: 218533173; UID 10692; state: ENABLED
08-14 14:18:39.422  1644  2003 D IntervalStats: Unable to parse usage stats packages: [1039, 1040, 1041]
08-14 14:18:39.423  1644  2003 D UsageStatsService: User[0] type=0 b=1754547519412 e=1755152319412 cb=1755138355694 ce=1755152319315 disk=2 all=2
08-14 14:18:40.231  1644  1787 D CompatibilityChangeReporter: Compat change id reported: 168936375; UID 1000; state: ENABLED
08-14 14:18:40.237  1644  1787 D CompatibilityChangeReporter: Compat change id reported: 168936375; UID 1000; state: DISABLED
08-14 14:18:40.241  1644  1787 D CompatibilityChangeReporter: Compat change id reported: 73144566; UID 1000; state: ENABLED
08-14 14:18:40.246  1644  1787 D CompatibilityChangeReporter: Compat change id reported: 73144566; UID 1000; state: DISABLED
08-14 14:18:45.463 19427 19427 W ContextImpl: Calling a method in the system process without a qualified user: android.app.ContextImpl.startService:1877 android.content.ContextWrapper.startService:827 com.heytap.mcs.biz.message.t.f:4 com.heytap.mcs.base.process.a.c:6 com.heytap.mcs.base.process.a$a.handleMessage:3 
08-14 14:18:45.563  1644  2474 I ActivityManager: Process com.heytap.mcs.biz.message (pid 19427) has died: fg  SVC 
08-14 14:18:48.363  1644  7556 I ActivityManager: Process com.tencent.mm:support (pid 19213) has died: cch+35 SVC 
08-14 14:18:53.978   667 19062 I keystore2: keystore2::watchdog: Watchdog thread idle -> terminating. Have a great day.
08-14 14:19:02.263  1644  1808 D ProcessCpuTrackerExtImpl: mContext is already set, return now! 
08-14 14:19:06.586  1644  1821 V BroadcastQueue: parallel background broadcast:(BroadcastRecord{64447ed u-1 android.net.wifi.SCAN_RESULTS}) should be proxyed, target:(BroadcastFilter{bc11b95 10692/u0 ReceiverList{8a64f4c 27969 com.tencent.mm/10692/u0 remote:6cbb37f}})
08-14 14:19:06.586  1644  1821 V BroadcastQueue: parallel background broadcast:(BroadcastRecord{64447ed u-1 android.net.wifi.SCAN_RESULTS}) should be proxyed, target:(BroadcastFilter{de8d4dd 10692/u0 ReceiverList{e6f80b4 27969 com.tencent.mm/10692/u0 remote:3aea987}})
08-14 14:19:06.586  1644  1821 V BroadcastQueue: parallel background broadcast:(BroadcastRecord{64447ed u-1 android.net.wifi.SCAN_RESULTS}) should be proxyed, target:(BroadcastFilter{fcca0c8 10692/u0 ReceiverList{52ad6b 28342 com.tencent.mm:push/10692/u0 remote:e9a4aba}})
08-14 14:19:09.376 28042 19884 E ActivityThread: Failed to find provider info for com.platform.usercenter.vip
08-14 14:19:29.092  1644  1821 V BroadcastQueue: parallel background broadcast:(BroadcastRecord{465a19c u-1 android.net.wifi.SCAN_RESULTS}) should be proxyed, target:(BroadcastFilter{bc11b95 10692/u0 ReceiverList{8a64f4c 27969 com.tencent.mm/10692/u0 remote:6cbb37f}})
08-14 14:19:29.093  1644  1821 V BroadcastQueue: parallel background broadcast:(BroadcastRecord{465a19c u-1 android.net.wifi.SCAN_RESULTS}) should be proxyed, target:(BroadcastFilter{de8d4dd 10692/u0 ReceiverList{e6f80b4 27969 com.tencent.mm/10692/u0 remote:3aea987}})
08-14 14:19:29.093  1644  1821 V BroadcastQueue: parallel background broadcast:(BroadcastRecord{465a19c u-1 android.net.wifi.SCAN_RESULTS}) should be proxyed, target:(BroadcastFilter{fcca0c8 10692/u0 ReceiverList{52ad6b 28342 com.tencent.mm:push/10692/u0 remote:e9a4aba}})
08-14 14:19:30.955   667 19556 I keystore2: keystore2::watchdog: Watchdog thread idle -> terminating. Have a great day.
08-14 14:19:39.415 28042 19884 E ActivityThread: Failed to find provider info for com.platform.usercenter.vip
08-14 14:20:15.303 28042 19884 E ActivityThread: Failed to find provider info for com.platform.usercenter.vip
08-14 14:20:32.958  1644  1787 D PowerManagerServiceExtImpl: Acquiring suspend blocker "PowerManagerService.WakeLocks"  took 112 ms
08-14 14:20:32.965  1644  1787 W Looper  : Slow dispatch took 122ms android.fg h=android.os.Handler c=com.android.server.location.provider.StationaryThrottlingLocationProvider$DeliverLastLocationRunnable@594f37f m=0
08-14 14:20:33.102  1644  1821 V BroadcastQueue: parallel background broadcast:(BroadcastRecord{e00a4a3 u-1 android.net.wifi.SCAN_RESULTS}) should be proxyed, target:(BroadcastFilter{bc11b95 10692/u0 ReceiverList{8a64f4c 27969 com.tencent.mm/10692/u0 remote:6cbb37f}})
08-14 14:20:33.103  1644  1821 V BroadcastQueue: parallel background broadcast:(BroadcastRecord{e00a4a3 u-1 android.net.wifi.SCAN_RESULTS}) should be proxyed, target:(BroadcastFilter{de8d4dd 10692/u0 ReceiverList{e6f80b4 27969 com.tencent.mm/10692/u0 remote:3aea987}})
08-14 14:20:33.103  1644  1821 V BroadcastQueue: parallel background broadcast:(BroadcastRecord{e00a4a3 u-1 android.net.wifi.SCAN_RESULTS}) should be proxyed, target:(BroadcastFilter{fcca0c8 10692/u0 ReceiverList{52ad6b 28342 com.tencent.mm:push/10692/u0 remote:e9a4aba}})
08-14 14:21:04.897 28042 19884 E ActivityThread: Failed to find provider info for com.platform.usercenter.vip
08-14 14:21:09.333  1644  2003 D IntervalStats: Unable to parse usage stats packages: [1037, 1039]
08-14 14:21:09.334  1644  2043 D CompatibilityChangeReporter: Compat change id reported: 135634846; UID 1000; state: DISABLED
08-14 14:21:09.334  1644  2043 D CompatibilityChangeReporter: Compat change id reported: 177438394; UID 1000; state: DISABLED
08-14 14:21:09.335  1644  2043 D CompatibilityChangeReporter: Compat change id reported: 135772972; UID 1000; state: DISABLED
08-14 14:21:09.335  1644  2043 D CompatibilityChangeReporter: Compat change id reported: 135754954; UID 1000; state: ENABLED
08-14 14:21:09.342  1644  2003 D IntervalStats: Unable to parse usage stats packages: [1039, 1040, 1041]
08-14 14:21:09.344  1644  5202 E OplusCustomizeRestrictionManagerService: isBiometricDisabled start
08-14 14:21:09.345  1644  2790 E OplusCustomizeRestrictionManagerService: isBiometricDisabled start
08-14 14:21:09.348  1644  2003 D IntervalStats: Unable to parse usage stats packages: [1041]
08-14 14:21:09.351  1644  2003 D IntervalStats: Unable to parse usage stats packages: [1042]
08-14 14:21:09.358  1644  2003 D IntervalStats: Unable to parse usage stats packages: [1042, 1043, 1044, 1045, 1046]
08-14 14:21:09.366  1644  2003 D UsageStatsService: User[0] type=0 b=1754547669306 e=1755152469306 cb=1755138355694 ce=1755152355389 disk=1 all=1
08-14 14:21:09.382  1644  1816 W ActivityManager: Slow operation: 51ms so far, now at startProcess: done updating battery stats
08-14 14:21:09.382  1644  1816 W ActivityManager: Slow operation: 51ms so far, now at startProcess: building log message
08-14 14:21:09.382  1644  1816 I ActivityManager: Start proc 19751:com.heytap.mcs.biz.message/1000 for service {com.heytap.mcs/com.heytap.mcs.biz.message.MessageService}
08-14 14:21:09.382  1644  1816 W ActivityManager: Slow operation: 51ms so far, now at startProcess: starting to update pids map
08-14 14:21:09.383  1644  1816 W ActivityManager: Slow operation: 51ms so far, now at startProcess: done updating pids map
08-14 14:21:09.399  1644  1847 D AlarmAlignment: findFirstElapsedTimeWakeupNonStandalone:  nowElapsed = 882186073
08-14 14:21:09.405  1644  1847 D AlarmAlignment: reAlignAlarms
08-14 14:21:09.418 20962 21397 W ContextImpl: Calling a method in the system process without a qualified user: android.app.ContextImpl.bindService:1970 android.content.ContextWrapper.bindService:863 com.heytap.mcs.biz.statistics.agent.OBUSAgent.bindStatisticsApiService:9 com.heytap.mcs.biz.statistics.agent.OBUSAgent.upload:7 com.heytap.mcs.biz.statistics.agent.AgentManager.upload:3 
08-14 14:21:09.429 20962 21397 W ContextImpl: Calling a method in the system process without a qualified user: android.app.ContextImpl.startService:1877 android.content.ContextWrapper.startService:827 j5.c.a:8 j5.c.run:2 com.heytap.mcs.base.h$b.run:9 
08-14 14:21:09.460  1644  1816 I ActivityManager: Start proc 19782:com.heytap.mcs.statistics/1000 for service {com.heytap.mcs/com.heytap.mcs.biz.statistics.service.StatisticsApiService}
08-14 14:21:09.902  1644  1644 I OplusStatusBarManagerServiceEnhance:  getTopIsFullscreen mTopIsFullscreen: false
08-14 14:21:09.925  1644  1644 W NotificationHistory: Attempted to add notif for locked/gone/disabled user 0
08-14 14:21:20.238  1644  1787 D PowerManagerServiceExtImpl: Acquiring suspend blocker "PowerManagerService.WakeLocks"  took 9969 ms
08-14 14:21:20.247  1644  1787 W Looper  : Slow dispatch took 318ms android.fg h=android.os.Handler c=com.android.server.location.provider.StationaryThrottlingLocationProvider$DeliverLastLocationRunnable@594f37f m=0
08-14 14:21:20.284  1644  1808 I ProcessStatsService: Pruning old procstats: /data/system/procstats/state-v2-2025-08-12-17-46-14.bin
08-14 14:21:20.439  1644  1808 D ProcessCpuTrackerExtImpl: mContext is already set, return now! 
08-14 14:21:28.614  1644  2852 D PowerManagerServiceExtImpl: Acquiring suspend blocker "PowerManagerService.WakeLocks"  took 102 ms
08-14 14:21:44.858 19782 19782 W ContextImpl: Calling a method in the system process without a qualified user: android.app.ContextImpl.startService:1877 android.content.ContextWrapper.startService:827 com.heytap.mcs.biz.statistics.StaticProcessTrackStatusManager.exitCurrentProcess:11 com.heytap.mcs.biz.statistics.StaticProcessTrackStatusManager$1.handleMessage:3 android.os.Handler.dispatchMessage:102 
08-14 14:21:44.961  1644  2466 I ActivityManager: Process com.heytap.mcs.statistics (pid 19782) has died: fg  SVC 
08-14 14:21:44.964 19751 19751 I ActivityThread: Removing dead content provider:android.content.ContentProviderProxy@856bb3c
08-14 14:21:45.507  1644  1787 D PowerManagerServiceExtImpl: Acquiring suspend blocker "PowerManagerService.WakeLocks"  took 115 ms
08-14 14:21:45.528  1644  1787 W Looper  : Slow dispatch took 137ms android.fg h=android.os.Handler c=com.android.server.location.provider.StationaryThrottlingLocationProvider$DeliverLastLocationRunnable@594f37f m=0
08-14 14:21:45.573 28042 19885 E ActivityThread: Failed to find provider info for com.platform.usercenter.vip
08-14 14:21:45.578  1644  1847 D AlarmAlignment: findFirstElapsedTimeWakeupNonStandalone:  nowElapsed = 882222251
08-14 14:21:45.584  1644  1847 D AlarmAlignment: reAlignAlarms
08-14 14:21:45.585  1644  1847 D AlarmAlignment: alignWithSys: is not RequestedElapsed alarm alignElapsed=Alarm{5d9da8e type 3 origWhen 882264122 whenElapsed 882484920 com.oplus.nhs} uid 1001 whenElapsed 882484920 windowLength 225000 maxWhenElapsed 882484920 repeatInterval 300000 action oplus.intent.action.INTERNAL_LOOP_UPDATE_ACTIVITYINFO_ALARM component ComponentInfo{com.oplus.nhs/com.oplus.nhs.pwr.ModemAci.ModemAciAlarmReceiver} flags 0x8, APP_STANDBY_POLICY=882185957, DEVICE_IDLE_POLICY=882185957, ATTERY_SAVER_POLICY=0
08-14 14:21:45.585  1644  1847 D AlarmAlignment: alignWithSys: is not RequestedElapsed alarm alignElapsed=Alarm{62d82af type 3 origWhen 882268609 whenElapsed 882484920 com.oplus.metis} uid 10095 whenElapsed 882484920 windowLength 225000 maxWhenElapsed 882484920 repeatInterval 300000 action oplus.intent.action.SORT_ALARM_ACTION component null flags 0x8, APP_STANDBY_POLICY=882185959, DEVICE_IDLE_POLICY=882185959, ATTERY_SAVER_POLICY=882185959
08-14 14:21:45.585  1644  1847 D AlarmAlignment: alignWithSys: is not RequestedElapsed alarm alignElapsed=Alarm{18c26bc type 3 origWhen 882250058 whenElapsed 882484920 com.oplus.metis} uid 10095 whenElapsed 882484920 windowLength 225000 maxWhenElapsed 882484920 repeatInterval 0 action com.oplus.action.TIMER_ALARM_TASK component null flags 0x8, APP_STANDBY_POLICY=881950112, DEVICE_IDLE_POLICY=881950112, ATTERY_SAVER_POLICY=881950112
08-14 14:21:45.586  1644  1847 D AlarmAlignment: alignWithSys: is not RequestedElapsed alarm alignElapsed=Alarm{de1f645 type 3 origWhen 882416674 whenElapsed 882484920 com.oplus.obrain} uid 1000 whenElapsed 882484920 windowLength 225000 maxWhenElapsed 882484920 repeatInterval 300000 action MIDAS FIVE MINUTE CLOCK ACTION component null flags 0x8, APP_STANDBY_POLICY=882185953, DEVICE_IDLE_POLICY=882185952, ATTERY_SAVER_POLICY=0
08-14 14:21:46.092  1644  1821 V BroadcastQueue: parallel background broadcast:(BroadcastRecord{5599acb u-1 android.net.wifi.SCAN_RESULTS}) should be proxyed, target:(BroadcastFilter{bc11b95 10692/u0 ReceiverList{8a64f4c 27969 com.tencent.mm/10692/u0 remote:6cbb37f}})
08-14 14:21:46.092  1644  1821 V BroadcastQueue: parallel background broadcast:(BroadcastRecord{5599acb u-1 android.net.wifi.SCAN_RESULTS}) should be proxyed, target:(BroadcastFilter{de8d4dd 10692/u0 ReceiverList{e6f80b4 27969 com.tencent.mm/10692/u0 remote:3aea987}})
08-14 14:21:46.092  1644  1821 V BroadcastQueue: parallel background broadcast:(BroadcastRecord{5599acb u-1 android.net.wifi.SCAN_RESULTS}) should be proxyed, target:(BroadcastFilter{fcca0c8 10692/u0 ReceiverList{52ad6b 28342 com.tencent.mm:push/10692/u0 remote:e9a4aba}})
08-14 14:22:00.213  4646 11382 I Quality : SlowSQLite: /99224a8be70febe96ace61ae43c2ddb3/ cost= /512
08-14 14:22:14.355  1644  2852 E OplusCustomizeRestrictionManagerService: isBiometricDisabled start
08-14 14:22:14.356  1644  5152 E OplusCustomizeRestrictionManagerService: isBiometricDisabled start
08-14 14:22:14.388  1644  2238 D CommSceneService: notify align tick changed state=1
08-14 14:22:14.388  1644  2238 D OSysNetControlService: handle comm scene=1006 state=1 phoneId=-1
08-14 14:22:16.348  1644  1847 D AlarmAlignment: findFirstElapsedTimeWakeupNonStandalone:  nowElapsed = 882253021
08-14 14:22:16.350 28042 19885 E ActivityThread: Failed to find provider info for com.platform.usercenter.vip
08-14 14:22:16.353  1644  1847 D AlarmAlignment: reAlignAlarms
08-14 14:22:16.353  1644  1847 D AlarmAlignment: alignWithSys: is not RequestedElapsed alarm alignElapsed=Alarm{5d9da8e type 3 origWhen 882264122 whenElapsed 882484920 com.oplus.nhs} uid 1001 whenElapsed 882484920 windowLength 225000 maxWhenElapsed 882484920 repeatInterval 300000 action oplus.intent.action.INTERNAL_LOOP_UPDATE_ACTIVITYINFO_ALARM component ComponentInfo{com.oplus.nhs/com.oplus.nhs.pwr.ModemAci.ModemAciAlarmReceiver} flags 0x8, APP_STANDBY_POLICY=882185957, DEVICE_IDLE_POLICY=882185957, ATTERY_SAVER_POLICY=0
08-14 14:22:16.353  1644  1847 D AlarmAlignment: alignWithSys: is not RequestedElapsed alarm alignElapsed=Alarm{62d82af type 3 origWhen 882268609 whenElapsed 882484920 com.oplus.metis} uid 10095 whenElapsed 882484920 windowLength 225000 maxWhenElapsed 882484920 repeatInterval 300000 action oplus.intent.action.SORT_ALARM_ACTION component null flags 0x8, APP_STANDBY_POLICY=882185959, DEVICE_IDLE_POLICY=882185959, ATTERY_SAVER_POLICY=882185959
08-14 14:22:16.353  1644  1847 D AlarmAlignment: alignWithSys: is not RequestedElapsed alarm alignElapsed=Alarm{18c26bc type 3 origWhen 882250058 whenElapsed 882484920 com.oplus.metis} uid 10095 whenElapsed 882484920 windowLength 225000 maxWhenElapsed 882484920 repeatInterval 0 action com.oplus.action.TIMER_ALARM_TASK component null flags 0x8, APP_STANDBY_POLICY=881950112, DEVICE_IDLE_POLICY=881950112, ATTERY_SAVER_POLICY=881950112
08-14 14:22:16.353  1644  1847 D AlarmAlignment: alignWithSys: is not RequestedElapsed alarm alignElapsed=Alarm{de1f645 type 3 origWhen 882416674 whenElapsed 882484920 com.oplus.obrain} uid 1000 whenElapsed 882484920 windowLength 225000 maxWhenElapsed 882484920 repeatInterval 300000 action MIDAS FIVE MINUTE CLOCK ACTION component null flags 0x8, APP_STANDBY_POLICY=882185953, DEVICE_IDLE_POLICY=882185952, ATTERY_SAVER_POLICY=0
08-14 14:22:16.354  1644  1847 D AlarmAlignment: alignWithSys: is not RequestedElapsed alarm alignElapsed=Alarm{78bf687 type 0 origWhen 1755152806292 whenElapsed 882784920 com.coloros.sceneservice} uid 10213 whenElapsed 882784920 windowLength 202497 maxWhenElapsed 882784920 repeatInterval 0 action sceneservice.intent.action.NORMAL_SCHEDULE_TASK component null flags 0x8, APP_STANDBY_POLICY=882252971, DEVICE_IDLE_POLICY=882252971, ATTERY_SAVER_POLICY=882252971
08-14 14:22:23.021  1644  3835 D UsageStatsService: User[0] type=0 b=1755151867253 e=1755152543021 cb=1755138355694 ce=1755152534696 disk=0 all=2
08-14 14:22:28.243   667 19569 I keystore2: keystore2::watchdog: Watchdog thread idle -> terminating. Have a great day.
08-14 14:22:28.563 19751 19751 W ContextImpl: Calling a method in the system process without a qualified user: android.app.ContextImpl.startService:1877 android.content.ContextWrapper.startService:827 com.heytap.mcs.biz.message.t.f:4 com.heytap.mcs.base.process.a.c:6 com.heytap.mcs.base.process.a$a.handleMessage:3 
08-14 14:22:28.608  1644  7210 I ActivityManager: Process com.heytap.mcs.biz.message (pid 19751) has died: cch+15 CEM 
08-14 14:22:42.966  1644  1821 V BroadcastQueue: parallel background broadcast:(BroadcastRecord{ea4ef7c u-1 android.net.wifi.SCAN_RESULTS}) should be proxyed, target:(BroadcastFilter{bc11b95 10692/u0 ReceiverList{8a64f4c 27969 com.tencent.mm/10692/u0 remote:6cbb37f}})
08-14 14:22:42.966  1644  1821 V BroadcastQueue: parallel background broadcast:(BroadcastRecord{ea4ef7c u-1 android.net.wifi.SCAN_RESULTS}) should be proxyed, target:(BroadcastFilter{de8d4dd 10692/u0 ReceiverList{e6f80b4 27969 com.tencent.mm/10692/u0 remote:3aea987}})
08-14 14:22:42.966  1644  1821 V BroadcastQueue: parallel background broadcast:(BroadcastRecord{ea4ef7c u-1 android.net.wifi.SCAN_RESULTS}) should be proxyed, target:(BroadcastFilter{fcca0c8 10692/u0 ReceiverList{52ad6b 28342 com.tencent.mm:push/10692/u0 remote:e9a4aba}})
08-14 14:22:46.375 28042 19885 E ActivityThread: Failed to find provider info for com.platform.usercenter.vip
08-14 14:22:56.615   667 20020 I keystore2: keystore2::watchdog: Watchdog thread idle -> terminating. Have a great day.
08-14 14:23:05.472  1644  1821 V BroadcastQueue: parallel background broadcast:(BroadcastRecord{a374467 u-1 android.net.wifi.SCAN_RESULTS}) should be proxyed, target:(BroadcastFilter{bc11b95 10692/u0 ReceiverList{8a64f4c 27969 com.tencent.mm/10692/u0 remote:6cbb37f}})
08-14 14:23:05.472  1644  1821 V BroadcastQueue: parallel background broadcast:(BroadcastRecord{a374467 u-1 android.net.wifi.SCAN_RESULTS}) should be proxyed, target:(BroadcastFilter{de8d4dd 10692/u0 ReceiverList{e6f80b4 27969 com.tencent.mm/10692/u0 remote:3aea987}})
08-14 14:23:05.473  1644  1821 V BroadcastQueue: parallel background broadcast:(BroadcastRecord{a374467 u-1 android.net.wifi.SCAN_RESULTS}) should be proxyed, target:(BroadcastFilter{fcca0c8 10692/u0 ReceiverList{52ad6b 28342 com.tencent.mm:push/10692/u0 remote:e9a4aba}})
08-14 14:23:07.451   667 20035 I keystore2: keystore2::watchdog: Watchdog thread idle -> terminating. Have a great day.
08-14 14:23:08.952  1644  1824 D OplusThermalStats: AnalizyPosition reach max limit, mAnalizyPosition=400 res=0
08-14 14:23:10.415  1644  1808 D ProcessCpuTrackerExtImpl: mContext is already set, return now! 
08-14 14:23:16.412 28042 19884 E ActivityThread: Failed to find provider info for com.platform.usercenter.vip
08-14 14:23:32.539  1644  1787 D PowerManagerServiceExtImpl: Acquiring suspend blocker "PowerManagerService.WakeLocks"  took 33 ms
08-14 14:23:32.549  1644  1787 W Looper  : Slow delivery took 211ms android.fg h=android.os.Handler c=com.android.server.location.provider.StationaryThrottlingLocationProvider$DeliverLastLocationRunnable@594f37f m=0
08-14 14:23:32.550  1644  1787 W Looper  : Drained
08-14 14:23:33.434  1644  1821 V BroadcastQueue: parallel background broadcast:(BroadcastRecord{3992c7b u-1 android.net.wifi.SCAN_RESULTS}) should be proxyed, target:(BroadcastFilter{bc11b95 10692/u0 ReceiverList{8a64f4c 27969 com.tencent.mm/10692/u0 remote:6cbb37f}})
08-14 14:23:33.435  1644  1821 V BroadcastQueue: parallel background broadcast:(BroadcastRecord{3992c7b u-1 android.net.wifi.SCAN_RESULTS}) should be proxyed, target:(BroadcastFilter{de8d4dd 10692/u0 ReceiverList{e6f80b4 27969 com.tencent.mm/10692/u0 remote:3aea987}})
08-14 14:23:33.435  1644  1821 V BroadcastQueue: parallel background broadcast:(BroadcastRecord{3992c7b u-1 android.net.wifi.SCAN_RESULTS}) should be proxyed, target:(BroadcastFilter{fcca0c8 10692/u0 ReceiverList{52ad6b 28342 com.tencent.mm:push/10692/u0 remote:e9a4aba}})
08-14 14:23:33.630  1644  1787 D PowerManagerServiceExtImpl: Acquiring suspend blocker "PowerManagerService.WakeLocks"  took 125 ms
08-14 14:23:33.637  1644  1787 W Looper  : Slow dispatch took 135ms android.fg h=android.os.Handler c=com.android.server.location.provider.StationaryThrottlingLocationProvider$DeliverLastLocationRunnable@594f37f m=0
08-14 14:23:48.314 28042 19884 E ActivityThread: Failed to find provider info for com.platform.usercenter.vip
08-14 14:24:18.833 28042 19884 E ActivityThread: Failed to find provider info for com.platform.usercenter.vip
08-14 14:24:49.550  1644  1787 D PowerManagerServiceExtImpl: Acquiring suspend blocker "PowerManagerService.WakeLocks"  took 33 ms
08-14 14:24:49.620 28042 19884 E ActivityThread: Failed to find provider info for com.platform.usercenter.vip
08-14 14:25:05.031   667 20048 I keystore2: keystore2::watchdog: Watchdog thread idle -> terminating. Have a great day.
08-14 14:25:06.320  1644  1821 V BroadcastQueue: parallel background broadcast:(BroadcastRecord{6d6584f u-1 android.net.wifi.SCAN_RESULTS}) should be proxyed, target:(BroadcastFilter{bc11b95 10692/u0 ReceiverList{8a64f4c 27969 com.tencent.mm/10692/u0 remote:6cbb37f}})
08-14 14:25:06.321  1644  1821 V BroadcastQueue: parallel background broadcast:(BroadcastRecord{6d6584f u-1 android.net.wifi.SCAN_RESULTS}) should be proxyed, target:(BroadcastFilter{de8d4dd 10692/u0 ReceiverList{e6f80b4 27969 com.tencent.mm/10692/u0 remote:3aea987}})
08-14 14:25:06.321  1644  1821 V BroadcastQueue: parallel background broadcast:(BroadcastRecord{6d6584f u-1 android.net.wifi.SCAN_RESULTS}) should be proxyed, target:(BroadcastFilter{fcca0c8 10692/u0 ReceiverList{52ad6b 28342 com.tencent.mm:push/10692/u0 remote:e9a4aba}})
08-14 14:25:24.595 28042 19884 E ActivityThread: Failed to find provider info for com.platform.usercenter.vip
08-14 14:25:41.443  1644  1821 V BroadcastQueue: parallel background broadcast:(BroadcastRecord{8462a2f u-1 android.net.wifi.SCAN_RESULTS}) should be proxyed, target:(BroadcastFilter{bc11b95 10692/u0 ReceiverList{8a64f4c 27969 com.tencent.mm/10692/u0 remote:6cbb37f}})
08-14 14:25:41.444  1644  1821 V BroadcastQueue: parallel background broadcast:(BroadcastRecord{8462a2f u-1 android.net.wifi.SCAN_RESULTS}) should be proxyed, target:(BroadcastFilter{de8d4dd 10692/u0 ReceiverList{e6f80b4 27969 com.tencent.mm/10692/u0 remote:3aea987}})
08-14 14:25:41.444  1644  1821 V BroadcastQueue: parallel background broadcast:(BroadcastRecord{8462a2f u-1 android.net.wifi.SCAN_RESULTS}) should be proxyed, target:(BroadcastFilter{fcca0c8 10692/u0 ReceiverList{52ad6b 28342 com.tencent.mm:push/10692/u0 remote:e9a4aba}})
08-14 14:25:47.888   667 20138 I keystore2: keystore2::watchdog: Watchdog thread idle -> terminating. Have a great day.
08-14 14:25:54.678 28042 19884 E ActivityThread: Failed to find provider info for com.platform.usercenter.vip
08-14 14:26:03.948  1644  1821 V BroadcastQueue: parallel background broadcast:(BroadcastRecord{ecedc28 u-1 android.net.wifi.SCAN_RESULTS}) should be proxyed, target:(BroadcastFilter{bc11b95 10692/u0 ReceiverList{8a64f4c 27969 com.tencent.mm/10692/u0 remote:6cbb37f}})
08-14 14:26:03.948  1644  1821 V BroadcastQueue: parallel background broadcast:(BroadcastRecord{ecedc28 u-1 android.net.wifi.SCAN_RESULTS}) should be proxyed, target:(BroadcastFilter{de8d4dd 10692/u0 ReceiverList{e6f80b4 27969 com.tencent.mm/10692/u0 remote:3aea987}})
08-14 14:26:03.948  1644  1821 V BroadcastQueue: parallel background broadcast:(BroadcastRecord{ecedc28 u-1 android.net.wifi.SCAN_RESULTS}) should be proxyed, target:(BroadcastFilter{fcca0c8 10692/u0 ReceiverList{52ad6b 28342 com.tencent.mm:push/10692/u0 remote:e9a4aba}})
08-14 14:26:16.270   667 20241 I keystore2: keystore2::watchdog: Watchdog thread idle -> terminating. Have a great day.
08-14 14:26:16.722  1644  1808 D ProcessCpuTrackerExtImpl: mContext is already set, return now! 
08-14 14:26:17.210 28042 28997 E ActivityThread: Failed to find provider info for com.platform.usercenter.vip
08-14 14:26:24.705 28042 19884 E ActivityThread: Failed to find provider info for com.platform.usercenter.vip
08-14 14:26:26.454  1644  1821 V BroadcastQueue: parallel background broadcast:(BroadcastRecord{153e2ca u-1 android.net.wifi.SCAN_RESULTS}) should be proxyed, target:(BroadcastFilter{bc11b95 10692/u0 ReceiverList{8a64f4c 27969 com.tencent.mm/10692/u0 remote:6cbb37f}})
08-14 14:26:26.455  1644  1821 V BroadcastQueue: parallel background broadcast:(BroadcastRecord{153e2ca u-1 android.net.wifi.SCAN_RESULTS}) should be proxyed, target:(BroadcastFilter{de8d4dd 10692/u0 ReceiverList{e6f80b4 27969 com.tencent.mm/10692/u0 remote:3aea987}})
08-14 14:26:26.455  1644  1821 V BroadcastQueue: parallel background broadcast:(BroadcastRecord{153e2ca u-1 android.net.wifi.SCAN_RESULTS}) should be proxyed, target:(BroadcastFilter{fcca0c8 10692/u0 ReceiverList{52ad6b 28342 com.tencent.mm:push/10692/u0 remote:e9a4aba}})
08-14 14:26:28.980  1644  3835 D UsageStatsService: User[0] type=0 b=1755152469905 e=1755152788980 cb=1755138355694 ce=1755152777190 disk=0 all=2
08-14 14:26:34.889   667 20249 I keystore2: keystore2::watchdog: Watchdog thread idle -> terminating. Have a great day.
08-14 14:26:58.307 28042 19884 E ActivityThread: Failed to find provider info for com.platform.usercenter.vip
08-14 14:27:14.360  1644  5202 E OplusCustomizeRestrictionManagerService: isBiometricDisabled start
08-14 14:27:14.362  1644  5208 E OplusCustomizeRestrictionManagerService: isBiometricDisabled start
08-14 14:27:14.390  1644  2238 D CommSceneService: notify align tick changed state=1
08-14 14:27:14.391  1644  2238 D OSysNetControlService: handle comm scene=1006 state=1 phoneId=-1
08-14 14:27:29.703  1644  5208 D PowerManagerServiceExtImpl: Acquiring suspend blocker "PowerManagerService.WakeLocks"  took 14713 ms
08-14 14:27:29.705  2534  2534 I Quality : SlowBinder: com.android.phone to android.os.IPowerManager cost= 335 code= 1
08-14 14:27:30.271 28042 19884 E ActivityThread: Failed to find provider info for com.platform.usercenter.vip
08-14 14:28:02.566 28042 19884 E ActivityThread: Failed to find provider info for com.platform.usercenter.vip
08-14 14:28:17.834  1644  1787 D PowerManagerServiceExtImpl: Acquiring suspend blocker "PowerManagerService.WakeLocks"  took 47 ms
08-14 14:28:19.549  1644  5152 E OplusCustomizeRestrictionManagerService: isBiometricDisabled start
08-14 14:28:19.550  1644  2108 E OplusCustomizeRestrictionManagerService: isBiometricDisabled start
08-14 14:28:36.087 28042 19884 E ActivityThread: Failed to find provider info for com.platform.usercenter.vip
08-14 14:28:51.207  1644  1787 D PowerManagerServiceExtImpl: Acquiring suspend blocker "PowerManagerService.WakeLocks"  took 38 ms
08-14 14:28:53.373  1644  2218 D CompatibilityChangeReporter: Compat change id reported: 161145287; UID 1000; state: DISABLED
08-14 14:29:06.246 28042 19884 E ActivityThread: Failed to find provider info for com.platform.usercenter.vip
08-14 14:29:08.584  1644  1808 D ProcessCpuTrackerExtImpl: mContext is already set, return now! 
08-14 14:29:14.861  1644  1815 D ProcessCpuTrackerExtImpl: mContext is already set, return now! 
08-14 14:29:16.378   667 20252 I keystore2: keystore2::watchdog: Watchdog thread idle -> terminating. Have a great day.
08-14 14:29:17.986  1644  1821 V BroadcastQueue: parallel background broadcast:(BroadcastRecord{294849f u-1 android.net.wifi.SCAN_RESULTS}) should be proxyed, target:(BroadcastFilter{bc11b95 10692/u0 ReceiverList{8a64f4c 27969 com.tencent.mm/10692/u0 remote:6cbb37f}})
08-14 14:29:17.986  1644  1821 V BroadcastQueue: parallel background broadcast:(BroadcastRecord{294849f u-1 android.net.wifi.SCAN_RESULTS}) should be proxyed, target:(BroadcastFilter{de8d4dd 10692/u0 ReceiverList{e6f80b4 27969 com.tencent.mm/10692/u0 remote:3aea987}})
08-14 14:29:17.987  1644  1821 V BroadcastQueue: parallel background broadcast:(BroadcastRecord{294849f u-1 android.net.wifi.SCAN_RESULTS}) should be proxyed, target:(BroadcastFilter{fcca0c8 10692/u0 ReceiverList{52ad6b 28342 com.tencent.mm:push/10692/u0 remote:e9a4aba}})
08-14 14:29:27.340   667 20448 I keystore2: keystore2::watchdog: Watchdog thread idle -> terminating. Have a great day.
08-14 14:29:36.282 28042 19884 E ActivityThread: Failed to find provider info for com.platform.usercenter.vip
08-14 14:29:40.492  1644  1821 V BroadcastQueue: parallel background broadcast:(BroadcastRecord{d59e8d8 u-1 android.net.wifi.SCAN_RESULTS}) should be proxyed, target:(BroadcastFilter{bc11b95 10692/u0 ReceiverList{8a64f4c 27969 com.tencent.mm/10692/u0 remote:6cbb37f}})
08-14 14:29:40.492  1644  1821 V BroadcastQueue: parallel background broadcast:(BroadcastRecord{d59e8d8 u-1 android.net.wifi.SCAN_RESULTS}) should be proxyed, target:(BroadcastFilter{de8d4dd 10692/u0 ReceiverList{e6f80b4 27969 com.tencent.mm/10692/u0 remote:3aea987}})
08-14 14:29:40.492  1644  1821 V BroadcastQueue: parallel background broadcast:(BroadcastRecord{d59e8d8 u-1 android.net.wifi.SCAN_RESULTS}) should be proxyed, target:(BroadcastFilter{fcca0c8 10692/u0 ReceiverList{52ad6b 28342 com.tencent.mm:push/10692/u0 remote:e9a4aba}})
08-14 14:29:46.401   667 20453 I keystore2: keystore2::watchdog: Watchdog thread idle -> terminating. Have a great day.
08-14 14:29:57.827   667 20468 I keystore2: keystore2::watchdog: Watchdog thread idle -> terminating. Have a great day.
08-14 14:29:58.314  1644  1787 D PowerManagerServiceExtImpl: Acquiring suspend blocker "PowerManagerService.WakeLocks"  took 87 ms
08-14 14:30:09.741  1644  1787 D PowerManagerServiceExtImpl: Acquiring suspend blocker "PowerManagerService.WakeLocks"  took 10513 ms
08-14 14:30:09.745  1644  1787 W Looper  : Slow dispatch took 223ms android.fg h=android.os.Handler c=com.android.server.location.provider.StationaryThrottlingLocationProvider$DeliverLastLocationRunnable@594f37f m=0
08-14 14:30:12.265  1644  1787 D PowerManagerServiceExtImpl: Acquiring suspend blocker "PowerManagerService.WakeLocks"  took 1738 ms
08-14 14:30:12.280  1644  1787 W Looper  : Slow dispatch took 179ms android.fg h=android.os.Handler c=com.android.server.location.provider.StationaryThrottlingLocationProvider$DeliverLastLocationRunnable@594f37f m=0
08-14 14:30:12.338 28042 19884 E ActivityThread: Failed to find provider info for com.platform.usercenter.vip
08-14 14:30:14.137  1644  1787 D PowerManagerServiceExtImpl: Acquiring suspend blocker "PowerManagerService.WakeLocks"  took 197 ms
08-14 14:30:14.141  1644  1787 W Looper  : Slow dispatch took 204ms android.fg h=android.os.Handler c=com.android.server.location.provider.StationaryThrottlingLocationProvider$DeliverLastLocationRunnable@594f37f m=0
08-14 14:30:29.324  1644  1787 D PowerManagerServiceExtImpl: Acquiring suspend blocker "PowerManagerService.WakeLocks"  took 164 ms
08-14 14:30:29.331  1644  1787 W Looper  : Slow dispatch took 174ms android.fg h=android.os.Handler c=com.android.server.location.provider.StationaryThrottlingLocationProvider$DeliverLastLocationRunnable@594f37f m=0
08-14 14:30:29.924  1644  1821 V BroadcastQueue: parallel background broadcast:(BroadcastRecord{c802869 u-1 android.net.wifi.SCAN_RESULTS}) should be proxyed, target:(BroadcastFilter{bc11b95 10692/u0 ReceiverList{8a64f4c 27969 com.tencent.mm/10692/u0 remote:6cbb37f}})
08-14 14:30:29.924  1644  1821 V BroadcastQueue: parallel background broadcast:(BroadcastRecord{c802869 u-1 android.net.wifi.SCAN_RESULTS}) should be proxyed, target:(BroadcastFilter{de8d4dd 10692/u0 ReceiverList{e6f80b4 27969 com.tencent.mm/10692/u0 remote:3aea987}})
08-14 14:30:29.925  1644  1821 V BroadcastQueue: parallel background broadcast:(BroadcastRecord{c802869 u-1 android.net.wifi.SCAN_RESULTS}) should be proxyed, target:(BroadcastFilter{fcca0c8 10692/u0 ReceiverList{52ad6b 28342 com.tencent.mm:push/10692/u0 remote:e9a4aba}})
08-14 14:30:44.211  1644  1787 D PowerManagerServiceExtImpl: Acquiring suspend blocker "PowerManagerService.WakeLocks"  took 14052 ms
08-14 14:30:44.215  1644  1787 W Looper  : Slow dispatch took 116ms android.fg h=android.os.Handler c=com.android.server.location.provider.StationaryThrottlingLocationProvider$DeliverLastLocationRunnable@594f37f m=0
08-14 14:30:44.386  4646 11382 I Quality : SlowSQLite: /99224a8be70febe96ace61ae43c2ddb3/ cost= /502
08-14 14:30:45.400  1644  1787 D PowerManagerServiceExtImpl: Acquiring suspend blocker "PowerManagerService.WakeLocks"  took 296 ms
08-14 14:30:45.408  1644  1787 W Looper  : Slow dispatch took 230ms android.fg h=android.os.Handler c=com.android.server.location.provider.StationaryThrottlingLocationProvider$DeliverLastLocationRunnable@594f37f m=0
08-14 14:30:45.477 28042 19884 E ActivityThread: Failed to find provider info for com.platform.usercenter.vip
08-14 14:31:09.974  1644  1787 D PowerManagerServiceExtImpl: Acquiring suspend blocker "PowerManagerService.WakeLocks"  took 9602 ms
08-14 14:31:09.984  1644  1787 W Looper  : Slow dispatch took 327ms android.fg h=android.os.Handler c=com.android.server.location.provider.StationaryThrottlingLocationProvider$DeliverLastLocationRunnable@594f37f m=0
08-14 14:31:15.490  1644  1787 D PowerManagerServiceExtImpl: Acquiring suspend blocker "PowerManagerService.WakeLocks"  took 4829 ms
08-14 14:31:15.496  1644  1787 W Looper  : Slow dispatch took 224ms android.fg h=android.os.Handler c=com.android.server.location.provider.StationaryThrottlingLocationProvider$DeliverLastLocationRunnable@594f37f m=0
08-14 14:31:16.541  1644  1787 D PowerManagerServiceExtImpl: Acquiring suspend blocker "PowerManagerService.WakeLocks"  took 266 ms
