--------- beginning of system
08-14 13:12:03.297  1644  1808 W ProcessCpuTracker: Failed to stat(/proc/14292): android.system.ErrnoException: stat failed: ENOENT (No such file or directory)
08-14 13:12:03.297  1644  1808 W ProcessCpuTracker: Skipping unknown process pid 14292
08-14 13:12:03.297  1644  1808 W ProcessCpuTracker: Failed to stat(/proc/14293): android.system.ErrnoException: stat failed: ENOENT (No such file or directory)
08-14 13:12:03.297  1644  1808 W ProcessCpuTracker: Skipping unknown process pid 14293
08-14 13:12:03.298  1644  1808 W ProcessCpuTracker: Failed to stat(/proc/14294): android.system.ErrnoException: stat failed: ENOENT (No such file or directory)
08-14 13:12:03.298  1644  1808 W ProcessCpuTracker: Skipping unknown process pid 14294
08-14 13:12:03.298  1644  1808 W ProcessCpuTracker: Failed to stat(/proc/14295): android.system.ErrnoException: stat failed: ENOENT (No such file or directory)
08-14 13:12:03.298  1644  1808 W ProcessCpuTracker: Skipping unknown process pid 14295
08-14 13:12:03.298  1644  1808 W ProcessCpuTracker: Failed to stat(/proc/14296): android.system.ErrnoException: stat failed: ENOENT (No such file or directory)
08-14 13:12:03.298  1644  1808 W ProcessCpuTracker: Skipping unknown process pid 14296
08-14 13:12:03.298  1644  1808 W ProcessCpuTracker: Failed to stat(/proc/14297): android.system.ErrnoException: stat failed: ENOENT (No such file or directory)
08-14 13:12:03.298  1644  1808 W ProcessCpuTracker: Skipping unknown process pid 14297
08-14 13:12:03.298  1644  1808 W ProcessCpuTracker: Failed to stat(/proc/14298): android.system.ErrnoException: stat failed: ENOENT (No such file or directory)
08-14 13:12:03.298  1644  1808 W ProcessCpuTracker: Skipping unknown process pid 14298
08-14 13:12:03.299  1644  1808 W ProcessCpuTracker: Failed to stat(/proc/14299): android.system.ErrnoException: stat failed: ENOENT (No such file or directory)
08-14 13:12:03.299  1644  1808 W ProcessCpuTracker: Skipping unknown process pid 14299
08-14 13:12:03.310  1644  1808 D ProcessCpuTrackerExtImpl: mContext is already set, return now! 
08-14 13:12:14.317  1644  3815 D PowerManagerServiceExtImpl: Acquiring suspend blocker "PowerManagerService.WakeLocks"  took 10715 ms
08-14 13:12:14.325  2534  2534 I Quality : SlowBinder: com.android.phone to android.os.IPowerManager cost= 253 code= 1
08-14 13:12:14.379  1644  1994 E OplusCustomizeRestrictionManagerService: isBiometricDisabled start
08-14 13:12:14.380  1644  5202 E OplusCustomizeRestrictionManagerService: isBiometricDisabled start
08-14 13:12:14.660  1644  2466 I ActivityManager: Process com.tencent.mm:appbrand1 (pid 14026) has died: cch+15 CEM 
08-14 13:12:14.992 28042 19885 E ActivityThread: Failed to find provider info for com.platform.usercenter.vip
08-14 13:13:01.655  1644  1787 D PowerManagerServiceExtImpl: Acquiring suspend blocker "PowerManagerService.WakeLocks"  took 34 ms
08-14 13:13:01.690 28042 19885 E ActivityThread: Failed to find provider info for com.platform.usercenter.vip
08-14 13:13:01.698   667 14289 I keystore2: keystore2::watchdog: Watchdog thread idle -> terminating. Have a great day.
08-14 13:13:14.304  1644  1787 D PowerManagerServiceExtImpl: Acquiring suspend blocker "PowerManagerService.WakeLocks"  took 31 ms
08-14 13:13:34.016 28042 19885 E ActivityThread: Failed to find provider info for com.platform.usercenter.vip
08-14 13:13:36.087  1644  1787 D PowerManagerServiceExtImpl: Acquiring suspend blocker "PowerManagerService.WakeLocks"  took 133 ms
08-14 13:13:36.097  1644  1787 W Looper  : Slow dispatch took 145ms android.fg h=android.os.Handler c=com.android.server.location.provider.StationaryThrottlingLocationProvider$DeliverLastLocationRunnable@1af1b25 m=0
08-14 13:13:49.363  1644  1787 D PowerManagerServiceExtImpl: Acquiring suspend blocker "PowerManagerService.WakeLocks"  took 12407 ms
08-14 13:13:49.374  1644  1787 W Looper  : Slow dispatch took 272ms android.fg h=android.os.Handler c=com.android.server.location.provider.StationaryThrottlingLocationProvider$DeliverLastLocationRunnable@1af1b25 m=0
08-14 13:13:58.987  1644  5152 E OplusCustomizeRestrictionManagerService: isBiometricDisabled start
08-14 13:13:58.989  1644  3815 E OplusCustomizeRestrictionManagerService: isBiometricDisabled start
08-14 13:13:59.010  1644  2238 D CommSceneService: notify align tick changed state=1
08-14 13:13:59.011  1644  2238 D OSysNetControlService: handle comm scene=1006 state=1 phoneId=-1
08-14 13:14:02.115  1644  1787 D PowerManagerServiceExtImpl: Acquiring suspend blocker "PowerManagerService.WakeLocks"  took 2753 ms
08-14 13:14:02.118  1644  1787 W Looper  : Slow dispatch took 183ms android.fg h=android.os.Handler c=com.android.server.location.provider.StationaryThrottlingLocationProvider$DeliverLastLocationRunnable@1af1b25 m=0
08-14 13:14:04.635  1644  1821 V BroadcastQueue: parallel background broadcast:(BroadcastRecord{54d7e84 u-1 android.net.wifi.SCAN_RESULTS}) should be proxyed, target:(BroadcastFilter{bc11b95 10692/u0 ReceiverList{8a64f4c 27969 com.tencent.mm/10692/u0 remote:6cbb37f}})
08-14 13:14:04.635  1644  1821 V BroadcastQueue: parallel background broadcast:(BroadcastRecord{54d7e84 u-1 android.net.wifi.SCAN_RESULTS}) should be proxyed, target:(BroadcastFilter{de8d4dd 10692/u0 ReceiverList{e6f80b4 27969 com.tencent.mm/10692/u0 remote:3aea987}})
08-14 13:14:04.636  1644  1821 V BroadcastQueue: parallel background broadcast:(BroadcastRecord{54d7e84 u-1 android.net.wifi.SCAN_RESULTS}) should be proxyed, target:(BroadcastFilter{fcca0c8 10692/u0 ReceiverList{52ad6b 28342 com.tencent.mm:push/10692/u0 remote:e9a4aba}})
08-14 13:14:05.001 28042 19884 E ActivityThread: Failed to find provider info for com.platform.usercenter.vip
08-14 13:14:16.993   667 14360 I keystore2: keystore2::watchdog: Watchdog thread idle -> terminating. Have a great day.
08-14 13:14:21.847 20962 23711 W ContextImpl: Calling a method in the system process without a qualified user: android.app.ContextImpl.bindService:1970 android.content.ContextWrapper.bindService:863 com.heytap.mcs.biz.message.s.e:8 com.heytap.mcs.biz.message.s.z:11 com.heytap.mcs.biz.message.parser.f$a.run:71 
08-14 13:14:21.848  1644  5202 D CompatibilityChangeReporter: Compat change id reported: 135634846; UID 1000; state: DISABLED
08-14 13:14:21.848  1644  5202 D CompatibilityChangeReporter: Compat change id reported: 177438394; UID 1000; state: DISABLED
08-14 13:14:21.849  1644  5202 D CompatibilityChangeReporter: Compat change id reported: 135772972; UID 1000; state: DISABLED
08-14 13:14:21.849  1644  5202 D CompatibilityChangeReporter: Compat change id reported: 135754954; UID 1000; state: ENABLED
08-14 13:14:21.912  1644  1816 W ActivityManager: Slow operation: 68ms so far, now at startProcess: returned from zygote!
08-14 13:14:21.913  1644  1816 W ActivityManager: Slow operation: 70ms so far, now at startProcess: done updating battery stats
08-14 13:14:21.914  1644  1816 W ActivityManager: Slow operation: 70ms so far, now at startProcess: building log message
08-14 13:14:21.914  1644  1816 I ActivityManager: Start proc 14482:com.heytap.mcs.statistics/1000 for content provider {com.heytap.mcs/com.heytap.mcs.biz.statistics.provider.StatisticsContentProvider}
08-14 13:14:21.914  1644  1816 W ActivityManager: Slow operation: 70ms so far, now at startProcess: starting to update pids map
08-14 13:14:21.915  1644  1816 W ActivityManager: Slow operation: 71ms so far, now at startProcess: done updating pids map
08-14 13:14:21.915  1644  1816 W ActivityManager: Slow operation: 61ms so far, now at startProcess: asking zygote to start proc
08-14 13:14:21.959  1644  5152 D CompatibilityChangeReporter: Compat change id reported: 168419799; UID 1000; state: DISABLED
08-14 13:14:21.967  1644  1816 W ActivityManager: Slow operation: 113ms so far, now at startProcess: returned from zygote!
08-14 13:14:21.967  1644  1816 W ActivityManager: Slow operation: 113ms so far, now at startProcess: done updating battery stats
08-14 13:14:21.967  1644  1816 W ActivityManager: Slow operation: 113ms so far, now at startProcess: building log message
08-14 13:14:21.967  1644  1816 I ActivityManager: Start proc 14502:com.heytap.mcs.biz.message/1000 for service {com.heytap.mcs/com.heytap.mcs.biz.message.MessageDealService}
08-14 13:14:21.967  1644  1816 W ActivityManager: Slow operation: 113ms so far, now at startProcess: starting to update pids map
08-14 13:14:21.967  1644  1816 W ActivityManager: Slow operation: 114ms so far, now at startProcess: done updating pids map
08-14 13:14:22.404  1644  1644 I OplusStatusBarManagerServiceEnhance:  getTopIsFullscreen mTopIsFullscreen: false
08-14 13:14:22.417  1644  1644 W NotificationHistory: Attempted to add notif for locked/gone/disabled user 0
08-14 13:14:22.450  1644  1644 I OplusStatusBarManagerServiceEnhance:  getTopIsFullscreen mTopIsFullscreen: false
08-14 13:14:25.236 14482 14482 W ContextImpl: Calling a method in the system process without a qualified user: android.app.ContextImpl.startService:1877 android.content.ContextWrapper.startService:827 com.heytap.mcs.biz.statistics.StaticProcessTrackStatusManager.exitCurrentProcess:11 com.heytap.mcs.biz.statistics.StaticProcessTrackStatusManager$1.handleMessage:3 android.os.Handler.dispatchMessage:102 
08-14 13:14:25.313  1644  7210 I ActivityManager: Process com.heytap.mcs.statistics (pid 14482) has died: vis IMPF
08-14 13:14:25.315 14502 14502 I ActivityThread: Removing dead content provider:android.content.ContentProviderProxy@3ac9de6
08-14 13:14:25.318 20962 20962 I ActivityThread: Removing dead content provider:android.content.ContentProviderProxy@45a4140
08-14 13:14:27.140  1644  1821 V BroadcastQueue: parallel background broadcast:(BroadcastRecord{bf0a75a u-1 android.net.wifi.SCAN_RESULTS}) should be proxyed, target:(BroadcastFilter{bc11b95 10692/u0 ReceiverList{8a64f4c 27969 com.tencent.mm/10692/u0 remote:6cbb37f}})
08-14 13:14:27.140  1644  1821 V BroadcastQueue: parallel background broadcast:(BroadcastRecord{bf0a75a u-1 android.net.wifi.SCAN_RESULTS}) should be proxyed, target:(BroadcastFilter{de8d4dd 10692/u0 ReceiverList{e6f80b4 27969 com.tencent.mm/10692/u0 remote:3aea987}})
08-14 13:14:27.141  1644  1821 V BroadcastQueue: parallel background broadcast:(BroadcastRecord{bf0a75a u-1 android.net.wifi.SCAN_RESULTS}) should be proxyed, target:(BroadcastFilter{fcca0c8 10692/u0 ReceiverList{52ad6b 28342 com.tencent.mm:push/10692/u0 remote:e9a4aba}})
08-14 13:14:31.018  1644  3835 D UsageStatsService: User[0] type=0 b=1755147843144 e=1755148471017 cb=1755138355694 ce=1755148465328 disk=0 all=2
08-14 13:14:32.250 14502 14502 W ContextImpl: Calling a method in the system process without a qualified user: android.app.ContextImpl.startService:1877 android.content.ContextWrapper.startService:827 com.heytap.mcs.biz.message.t.f:4 com.heytap.mcs.base.process.a.c:6 com.heytap.mcs.base.process.a$a.handleMessage:3 
08-14 13:14:32.315  1644  2474 I ActivityManager: Process com.heytap.mcs.biz.message (pid 14502) has died: fg  SVC 
08-14 13:14:32.708   667 14568 I keystore2: keystore2::watchdog: Watchdog thread idle -> terminating. Have a great day.
08-14 13:14:35.028 28042 19884 E ActivityThread: Failed to find provider info for com.platform.usercenter.vip
08-14 13:14:37.354  1644  2003 I UsageStatsService: User[0] Flushing usage stats to disk
08-14 13:14:48.998  1644  1808 D ProcessCpuTrackerExtImpl: mContext is already set, return now! 
08-14 13:14:49.647  1644  1821 V BroadcastQueue: parallel background broadcast:(BroadcastRecord{1dfe886 u-1 android.net.wifi.SCAN_RESULTS}) should be proxyed, target:(BroadcastFilter{bc11b95 10692/u0 ReceiverList{8a64f4c 27969 com.tencent.mm/10692/u0 remote:6cbb37f}})
08-14 13:14:49.648  1644  1821 V BroadcastQueue: parallel background broadcast:(BroadcastRecord{1dfe886 u-1 android.net.wifi.SCAN_RESULTS}) should be proxyed, target:(BroadcastFilter{de8d4dd 10692/u0 ReceiverList{e6f80b4 27969 com.tencent.mm/10692/u0 remote:3aea987}})
08-14 13:14:49.648  1644  1821 V BroadcastQueue: parallel background broadcast:(BroadcastRecord{1dfe886 u-1 android.net.wifi.SCAN_RESULTS}) should be proxyed, target:(BroadcastFilter{fcca0c8 10692/u0 ReceiverList{52ad6b 28342 com.tencent.mm:push/10692/u0 remote:e9a4aba}})
08-14 13:14:56.024   667 14576 I keystore2: keystore2::watchdog: Watchdog thread idle -> terminating. Have a great day.
08-14 13:15:05.067 28042 19885 E ActivityThread: Failed to find provider info for com.platform.usercenter.vip
08-14 13:15:36.596 28042 19885 E ActivityThread: Failed to find provider info for com.platform.usercenter.vip
08-14 13:16:07.499  1644  1787 D PowerManagerServiceExtImpl: Acquiring suspend blocker "PowerManagerService.WakeLocks"  took 32 ms
08-14 13:16:07.530 28042 19885 E ActivityThread: Failed to find provider info for com.platform.usercenter.vip
08-14 13:16:23.829  1644  1821 V BroadcastQueue: parallel background broadcast:(BroadcastRecord{c7c5c55 u-1 android.net.wifi.SCAN_RESULTS}) should be proxyed, target:(BroadcastFilter{bc11b95 10692/u0 ReceiverList{8a64f4c 27969 com.tencent.mm/10692/u0 remote:6cbb37f}})
08-14 13:16:23.829  1644  1821 V BroadcastQueue: parallel background broadcast:(BroadcastRecord{c7c5c55 u-1 android.net.wifi.SCAN_RESULTS}) should be proxyed, target:(BroadcastFilter{de8d4dd 10692/u0 ReceiverList{e6f80b4 27969 com.tencent.mm/10692/u0 remote:3aea987}})
08-14 13:16:23.830  1644  1821 V BroadcastQueue: parallel background broadcast:(BroadcastRecord{c7c5c55 u-1 android.net.wifi.SCAN_RESULTS}) should be proxyed, target:(BroadcastFilter{fcca0c8 10692/u0 ReceiverList{52ad6b 28342 com.tencent.mm:push/10692/u0 remote:e9a4aba}})
08-14 13:16:39.446 28042 19885 E ActivityThread: Failed to find provider info for com.platform.usercenter.vip
08-14 13:17:12.391 28042 19885 E ActivityThread: Failed to find provider info for com.platform.usercenter.vip
08-14 13:17:13.361  1644  3834 E OplusCustomizeRestrictionManagerService: isBiometricDisabled start
08-14 13:17:13.363  1644  2651 E OplusCustomizeRestrictionManagerService: isBiometricDisabled start
08-14 13:17:19.235  1644  1815 D ProcessCpuTrackerExtImpl: mContext is already set, return now! 
08-14 13:17:33.928   667 14594 I keystore2: keystore2::watchdog: Watchdog thread idle -> terminating. Have a great day.
08-14 13:17:36.337  1644  1821 V BroadcastQueue: parallel background broadcast:(BroadcastRecord{e0a8d2a u-1 android.net.wifi.SCAN_RESULTS}) should be proxyed, target:(BroadcastFilter{bc11b95 10692/u0 ReceiverList{8a64f4c 27969 com.tencent.mm/10692/u0 remote:6cbb37f}})
08-14 13:17:36.337  1644  1821 V BroadcastQueue: parallel background broadcast:(BroadcastRecord{e0a8d2a u-1 android.net.wifi.SCAN_RESULTS}) should be proxyed, target:(BroadcastFilter{de8d4dd 10692/u0 ReceiverList{e6f80b4 27969 com.tencent.mm/10692/u0 remote:3aea987}})
08-14 13:17:36.337  1644  1821 V BroadcastQueue: parallel background broadcast:(BroadcastRecord{e0a8d2a u-1 android.net.wifi.SCAN_RESULTS}) should be proxyed, target:(BroadcastFilter{fcca0c8 10692/u0 ReceiverList{52ad6b 28342 com.tencent.mm:push/10692/u0 remote:e9a4aba}})
08-14 13:17:42.402 28042 19885 E ActivityThread: Failed to find provider info for com.platform.usercenter.vip
08-14 13:17:52.547   667 14770 I keystore2: keystore2::watchdog: Watchdog thread idle -> terminating. Have a great day.
08-14 13:17:58.845  1644  1821 V BroadcastQueue: parallel background broadcast:(BroadcastRecord{858c2cd u-1 android.net.wifi.SCAN_RESULTS}) should be proxyed, target:(BroadcastFilter{bc11b95 10692/u0 ReceiverList{8a64f4c 27969 com.tencent.mm/10692/u0 remote:6cbb37f}})
08-14 13:17:58.846  1644  1821 V BroadcastQueue: parallel background broadcast:(BroadcastRecord{858c2cd u-1 android.net.wifi.SCAN_RESULTS}) should be proxyed, target:(BroadcastFilter{de8d4dd 10692/u0 ReceiverList{e6f80b4 27969 com.tencent.mm/10692/u0 remote:3aea987}})
08-14 13:17:58.846  1644  1821 V BroadcastQueue: parallel background broadcast:(BroadcastRecord{858c2cd u-1 android.net.wifi.SCAN_RESULTS}) should be proxyed, target:(BroadcastFilter{fcca0c8 10692/u0 ReceiverList{52ad6b 28342 com.tencent.mm:push/10692/u0 remote:e9a4aba}})
08-14 13:18:03.325   667 14775 I keystore2: keystore2::watchdog: Watchdog thread idle -> terminating. Have a great day.
08-14 13:18:12.434 28042 19885 E ActivityThread: Failed to find provider info for com.platform.usercenter.vip
08-14 13:18:13.855  1644  1821 V BroadcastQueue: parallel background broadcast:(BroadcastRecord{387a9ce u-1 android.net.wifi.SCAN_RESULTS}) should be proxyed, target:(BroadcastFilter{bc11b95 10692/u0 ReceiverList{8a64f4c 27969 com.tencent.mm/10692/u0 remote:6cbb37f}})
08-14 13:18:13.855  1644  1821 V BroadcastQueue: parallel background broadcast:(BroadcastRecord{387a9ce u-1 android.net.wifi.SCAN_RESULTS}) should be proxyed, target:(BroadcastFilter{de8d4dd 10692/u0 ReceiverList{e6f80b4 27969 com.tencent.mm/10692/u0 remote:3aea987}})
08-14 13:18:13.855  1644  1821 V BroadcastQueue: parallel background broadcast:(BroadcastRecord{387a9ce u-1 android.net.wifi.SCAN_RESULTS}) should be proxyed, target:(BroadcastFilter{fcca0c8 10692/u0 ReceiverList{52ad6b 28342 com.tencent.mm:push/10692/u0 remote:e9a4aba}})
08-14 13:18:28.770  1644  1808 D ProcessCpuTrackerExtImpl: mContext is already set, return now! 
08-14 13:18:34.101  1644  1821 V BroadcastQueue: parallel background broadcast:(BroadcastRecord{955fa94 u-1 android.net.wifi.SCAN_RESULTS}) should be proxyed, target:(BroadcastFilter{bc11b95 10692/u0 ReceiverList{8a64f4c 27969 com.tencent.mm/10692/u0 remote:6cbb37f}})
08-14 13:18:34.101  1644  1821 V BroadcastQueue: parallel background broadcast:(BroadcastRecord{955fa94 u-1 android.net.wifi.SCAN_RESULTS}) should be proxyed, target:(BroadcastFilter{de8d4dd 10692/u0 ReceiverList{e6f80b4 27969 com.tencent.mm/10692/u0 remote:3aea987}})
08-14 13:18:34.101  1644  1821 V BroadcastQueue: parallel background broadcast:(BroadcastRecord{955fa94 u-1 android.net.wifi.SCAN_RESULTS}) should be proxyed, target:(BroadcastFilter{fcca0c8 10692/u0 ReceiverList{52ad6b 28342 com.tencent.mm:push/10692/u0 remote:e9a4aba}})
08-14 13:18:37.307  4646 11382 I Quality : SlowSQLite: /99224a8be70febe96ace61ae43c2ddb3/ cost= /503
08-14 13:18:44.373 28042 19884 E ActivityThread: Failed to find provider info for com.platform.usercenter.vip
08-14 13:18:44.967  1644  3835 D UsageStatsService: User[0] type=0 b=1755148462412 e=1755148724966 cb=1755138355694 ce=1755148634743 disk=0 all=1
08-14 13:18:57.390  1644  1787 D PowerManagerServiceExtImpl: Acquiring suspend blocker "PowerManagerService.WakeLocks"  took 32 ms
08-14 13:18:59.068  1644  2852 E OplusCustomizeRestrictionManagerService: isBiometricDisabled start
08-14 13:18:59.070  1644  5154 E OplusCustomizeRestrictionManagerService: isBiometricDisabled start
08-14 13:18:59.084  1644  2238 D CommSceneService: notify align tick changed state=1
08-14 13:18:59.085  1644  2238 D OSysNetControlService: handle comm scene=1006 state=1 phoneId=-1
08-14 13:19:00.405  1644  1787 D PowerManagerServiceExtImpl: Acquiring suspend blocker "PowerManagerService.WakeLocks"  took 33 ms
08-14 13:19:00.724  1644  1821 V BroadcastQueue: parallel background broadcast:(BroadcastRecord{fc9ee06 u-1 android.net.wifi.SCAN_RESULTS}) should be proxyed, target:(BroadcastFilter{bc11b95 10692/u0 ReceiverList{8a64f4c 27969 com.tencent.mm/10692/u0 remote:6cbb37f}})
08-14 13:19:00.724  1644  1821 V BroadcastQueue: parallel background broadcast:(BroadcastRecord{fc9ee06 u-1 android.net.wifi.SCAN_RESULTS}) should be proxyed, target:(BroadcastFilter{de8d4dd 10692/u0 ReceiverList{e6f80b4 27969 com.tencent.mm/10692/u0 remote:3aea987}})
08-14 13:19:00.724  1644  1821 V BroadcastQueue: parallel background broadcast:(BroadcastRecord{fc9ee06 u-1 android.net.wifi.SCAN_RESULTS}) should be proxyed, target:(BroadcastFilter{fcca0c8 10692/u0 ReceiverList{52ad6b 28342 com.tencent.mm:push/10692/u0 remote:e9a4aba}})
08-14 13:19:15.815  1644  1787 D PowerManagerServiceExtImpl: Acquiring suspend blocker "PowerManagerService.WakeLocks"  took 179 ms
08-14 13:19:15.825  1644  1787 W Looper  : Slow dispatch took 191ms android.fg h=android.os.Handler c=com.android.server.location.provider.StationaryThrottlingLocationProvider$DeliverLastLocationRunnable@1af1b25 m=0
08-14 13:19:15.890 28042 19884 E ActivityThread: Failed to find provider info for com.platform.usercenter.vip
08-14 13:19:46.185 28042 19884 E ActivityThread: Failed to find provider info for com.platform.usercenter.vip
08-14 13:20:17.776  1644  1787 D PowerManagerServiceExtImpl: Acquiring suspend blocker "PowerManagerService.WakeLocks"  took 15079 ms
08-14 13:20:17.781  1644  1787 W Looper  : Slow dispatch took 271ms android.fg h=android.os.Handler c=com.android.server.location.provider.StationaryThrottlingLocationProvider$DeliverLastLocationRunnable@1af1b25 m=0
08-14 13:20:18.580 28042 19884 E ActivityThread: Failed to find provider info for com.platform.usercenter.vip
08-14 13:20:34.867  1644  3014 E OplusCustomizeRestrictionManagerService: isBiometricDisabled start
08-14 13:20:34.870  1644  2651 E OplusCustomizeRestrictionManagerService: isBiometricDisabled start
08-14 13:20:34.942  1644  2852 D PowerManagerServiceExtImpl: Acquiring suspend blocker "PowerManagerService.WakeLocks"  took 102 ms
08-14 13:20:34.945  1644  3574 W ContentProviderHelper: Slow operation: 84ms so far, now at getContentProviderImpl: after updateOomAdj
08-14 13:20:34.945  1644  3574 W ContentProviderHelper: Slow operation: 84ms so far, now at getContentProviderImpl: done!
08-14 13:20:34.992  1644  1644 W Looper  : Slow dispatch took 150ms main h=com.android.server.alarm.AlarmManagerService$AlarmHandler c=com.android.server.alarm.AlarmManagerService$3$$ExternalSyntheticLambda0@b252fd5 m=0
08-14 13:20:35.043  1644  5202 D CompatibilityChangeReporter: Compat change id reported: 171306433; UID 10692; state: ENABLED
08-14 13:20:35.044  1644  5202 D CompatibilityChangeReporter: Compat change id reported: 218533173; UID 10692; state: ENABLED
08-14 13:20:59.848  1644  1787 D PowerManagerServiceExtImpl: Acquiring suspend blocker "PowerManagerService.WakeLocks"  took 10154 ms
08-14 13:20:59.852  2534  2534 I Quality : SlowBinder: com.android.phone to android.os.IPowerManager cost= 223 code= 1
08-14 13:20:59.869  1644  1787 W Looper  : Slow dispatch took 296ms android.fg h=android.os.Handler c=com.android.server.location.provider.StationaryThrottlingLocationProvider$DeliverLastLocationRunnable@1af1b25 m=0
08-14 13:20:59.869  1644  1787 W Looper  : Slow delivery took 275ms android.fg h=android.os.Handler c=com.android.server.location.provider.AbstractLocationProvider$Controller$$ExternalSyntheticLambda4@8bbab9a m=0
08-14 13:20:59.908 28042 19884 E ActivityThread: Failed to find provider info for com.platform.usercenter.vip
08-14 13:21:00.141  1644  1787 W Looper  : Drained
08-14 13:21:08.258  1644  1821 I ActivityManager: Killing 19273:com.coloros.assistantscreen:umsPlugin/u0a222 (adj 945): empty for 1801s
08-14 13:21:08.326  1644  2651 E OplusCustomizeRestrictionManagerService: isBiometricDisabled start
08-14 13:21:08.327  1644  5154 E OplusCustomizeRestrictionManagerService: isBiometricDisabled start
08-14 13:21:08.402  1644  1847 D AlarmAlignment: findFirstElapsedTimeWakeupNonStandalone:  nowElapsed = 878585076
08-14 13:21:08.429  1644  1847 D AlarmAlignment: reAlignAlarms
08-14 13:21:08.431  1644  1644 W Looper  : Slow dispatch took 157ms main h=com.android.server.alarm.AlarmManagerService$AlarmHandler c=com.android.server.alarm.AlarmManagerService$3$$ExternalSyntheticLambda0@fe613b4 m=0
08-14 13:21:08.450 20962 21210 W ContextImpl: Calling a method in the system process without a qualified user: android.app.ContextImpl.bindService:1970 android.content.ContextWrapper.bindService:863 com.heytap.mcs.biz.statistics.agent.OBUSAgent.bindStatisticsApiService:9 com.heytap.mcs.biz.statistics.agent.OBUSAgent.upload:7 com.heytap.mcs.biz.statistics.agent.AgentManager.upload:3 
08-14 13:21:08.461  1644  5154 D CompatibilityChangeReporter: Compat change id reported: 135634846; UID 1000; state: DISABLED
08-14 13:21:08.461  1644  5154 D CompatibilityChangeReporter: Compat change id reported: 177438394; UID 1000; state: DISABLED
08-14 13:21:08.461  1644  5154 D CompatibilityChangeReporter: Compat change id reported: 135772972; UID 1000; state: DISABLED
08-14 13:21:08.462  1644  5154 D CompatibilityChangeReporter: Compat change id reported: 135754954; UID 1000; state: ENABLED
08-14 13:21:08.465 20962 21368 W ContextImpl: Calling a method in the system process without a qualified user: android.app.ContextImpl.startService:1877 android.content.ContextWrapper.startService:827 j5.c.a:8 j5.c.run:2 com.heytap.mcs.base.h$b.run:9 
08-14 13:21:08.500  1644  1816 I ActivityManager: Start proc 15034:com.heytap.mcs.statistics/1000 for service {com.heytap.mcs/com.heytap.mcs.biz.statistics.service.StatisticsApiService}
08-14 13:21:08.501  1644  1816 W ContextImpl: Calling a method in the system process without a qualified user: android.app.ContextImpl.sendBroadcast:1193 com.android.server.am.OplusAppStartupConfig.sendAbnormalNotify:1554 com.android.server.am.OplusAppStartupConfig.notifyAbnormalInfo:1487 com.android.server.am.OplusAppStartupManager.handleStartAppInfo:5072 com.android.server.am.ProcessListExtImpl.hookHandleProcessStart:239 
08-14 13:21:11.722 15034 15034 W ContextImpl: Calling a method in the system process without a qualified user: android.app.ContextImpl.startService:1877 android.content.ContextWrapper.startService:827 com.heytap.mcs.biz.statistics.StaticProcessTrackStatusManager.exitCurrentProcess:11 com.heytap.mcs.biz.statistics.StaticProcessTrackStatusManager$1.handleMessage:3 android.os.Handler.dispatchMessage:102 
08-14 13:21:11.770  1644  2466 I ActivityManager: Process com.heytap.mcs.statistics (pid 15034) has died: fg  SVC 
08-14 13:21:20.660 28042 19884 E ActivityThread: Failed to find provider info for com.platform.usercenter.vip
08-14 13:21:28.427  1644  1821 V BroadcastQueue: parallel background broadcast:(BroadcastRecord{1d3f667 u-1 android.net.wifi.SCAN_RESULTS}) should be proxyed, target:(BroadcastFilter{bc11b95 10692/u0 ReceiverList{8a64f4c 27969 com.tencent.mm/10692/u0 remote:6cbb37f}})
08-14 13:21:28.427  1644  1821 V BroadcastQueue: parallel background broadcast:(BroadcastRecord{1d3f667 u-1 android.net.wifi.SCAN_RESULTS}) should be proxyed, target:(BroadcastFilter{de8d4dd 10692/u0 ReceiverList{e6f80b4 27969 com.tencent.mm/10692/u0 remote:3aea987}})
08-14 13:21:28.428  1644  1821 V BroadcastQueue: parallel background broadcast:(BroadcastRecord{1d3f667 u-1 android.net.wifi.SCAN_RESULTS}) should be proxyed, target:(BroadcastFilter{fcca0c8 10692/u0 ReceiverList{52ad6b 28342 com.tencent.mm:push/10692/u0 remote:e9a4aba}})
08-14 13:21:41.715  1644  1808 D ProcessCpuTrackerExtImpl: mContext is already set, return now! 
08-14 13:21:42.167   667 14780 I keystore2: keystore2::watchdog: Watchdog thread idle -> terminating. Have a great day.
08-14 13:21:50.696 28042 19884 E ActivityThread: Failed to find provider info for com.platform.usercenter.vip
08-14 13:21:50.932  1644  1821 V BroadcastQueue: parallel background broadcast:(BroadcastRecord{ff73e7b u-1 android.net.wifi.SCAN_RESULTS}) should be proxyed, target:(BroadcastFilter{bc11b95 10692/u0 ReceiverList{8a64f4c 27969 com.tencent.mm/10692/u0 remote:6cbb37f}})
08-14 13:21:50.932  1644  1821 V BroadcastQueue: parallel background broadcast:(BroadcastRecord{ff73e7b u-1 android.net.wifi.SCAN_RESULTS}) should be proxyed, target:(BroadcastFilter{de8d4dd 10692/u0 ReceiverList{e6f80b4 27969 com.tencent.mm/10692/u0 remote:3aea987}})
08-14 13:21:50.932  1644  1821 V BroadcastQueue: parallel background broadcast:(BroadcastRecord{ff73e7b u-1 android.net.wifi.SCAN_RESULTS}) should be proxyed, target:(BroadcastFilter{fcca0c8 10692/u0 ReceiverList{52ad6b 28342 com.tencent.mm:push/10692/u0 remote:e9a4aba}})
08-14 13:22:00.797   667 15119 I keystore2: keystore2::watchdog: Watchdog thread idle -> terminating. Have a great day.
08-14 13:22:14.295  1644  1787 D PowerManagerServiceExtImpl: Acquiring suspend blocker "PowerManagerService.WakeLocks"  took 9674 ms
08-14 13:22:14.300  1644  1787 W Looper  : Slow dispatch took 244ms android.fg h=android.os.Handler c=com.android.server.location.provider.StationaryThrottlingLocationProvider$DeliverLastLocationRunnable@1af1b25 m=0
08-14 13:22:14.332  1644  3834 E OplusCustomizeRestrictionManagerService: isBiometricDisabled start
08-14 13:22:14.333  1644  5202 E OplusCustomizeRestrictionManagerService: isBiometricDisabled start
08-14 13:22:50.769  1644  1787 D PowerManagerServiceExtImpl: Acquiring suspend blocker "PowerManagerService.WakeLocks"  took 47 ms
08-14 13:22:50.832 28042 19884 E ActivityThread: Failed to find provider info for com.platform.usercenter.vip
08-14 13:22:50.850   667 15122 I keystore2: keystore2::watchdog: Watchdog thread idle -> terminating. Have a great day.
08-14 13:23:06.725  1644  1787 D PowerManagerServiceExtImpl: Acquiring suspend blocker "PowerManagerService.WakeLocks"  took 32 ms
08-14 13:23:13.309  1644  1787 D PowerManagerServiceExtImpl: Acquiring suspend blocker "PowerManagerService.WakeLocks"  took 33 ms
08-14 13:23:44.732  1644  1787 D PowerManagerServiceExtImpl: Acquiring suspend blocker "PowerManagerService.WakeLocks"  took 45 ms
08-14 13:23:44.801 28042 19884 E ActivityThread: Failed to find provider info for com.platform.usercenter.vip
08-14 13:24:00.316  1644  2238 D CommSceneService: notify align tick changed state=1
08-14 13:24:00.316  1644  2238 D OSysNetControlService: handle comm scene=1006 state=1 phoneId=-1
08-14 13:24:00.318  1644  5157 E OplusCustomizeRestrictionManagerService: isBiometricDisabled start
08-14 13:24:00.318  1644  2852 E OplusCustomizeRestrictionManagerService: isBiometricDisabled start
08-14 13:24:00.341 20962 21450 W ContextImpl: Calling a method in the system process without a qualified user: android.app.ContextImpl.bindService:1970 android.content.ContextWrapper.bindService:863 com.heytap.mcs.biz.message.s.e:8 com.heytap.mcs.biz.message.s.p:5 com.heytap.mcs.biz.message.s.A:3 
08-14 13:24:00.349  1644  5157 D CompatibilityChangeReporter: Compat change id reported: 135634846; UID 1000; state: DISABLED
08-14 13:24:00.349  1644  5157 D CompatibilityChangeReporter: Compat change id reported: 177438394; UID 1000; state: DISABLED
08-14 13:24:00.349  1644  5157 D CompatibilityChangeReporter: Compat change id reported: 135772972; UID 1000; state: DISABLED
08-14 13:24:00.349  1644  5157 D CompatibilityChangeReporter: Compat change id reported: 135754954; UID 1000; state: ENABLED
08-14 13:24:00.381  1644  1816 I ActivityManager: Start proc 15315:com.heytap.mcs.biz.message/1000 for service {com.heytap.mcs/com.heytap.mcs.biz.message.MessageDealService}
08-14 13:24:01.463  1644  1821 V BroadcastQueue: parallel background broadcast:(BroadcastRecord{9489c2f u-1 android.net.wifi.SCAN_RESULTS}) should be proxyed, target:(BroadcastFilter{bc11b95 10692/u0 ReceiverList{8a64f4c 27969 com.tencent.mm/10692/u0 remote:6cbb37f}})
08-14 13:24:01.464  1644  1821 V BroadcastQueue: parallel background broadcast:(BroadcastRecord{9489c2f u-1 android.net.wifi.SCAN_RESULTS}) should be proxyed, target:(BroadcastFilter{de8d4dd 10692/u0 ReceiverList{e6f80b4 27969 com.tencent.mm/10692/u0 remote:3aea987}})
08-14 13:24:01.464  1644  1821 V BroadcastQueue: parallel background broadcast:(BroadcastRecord{9489c2f u-1 android.net.wifi.SCAN_RESULTS}) should be proxyed, target:(BroadcastFilter{fcca0c8 10692/u0 ReceiverList{52ad6b 28342 com.tencent.mm:push/10692/u0 remote:e9a4aba}})
08-14 13:24:11.578  4646 11382 I Quality : SlowSQLite: /99224a8be70febe96ace61ae43c2ddb3/ cost= /584
08-14 13:24:12.549  1644  1787 D PowerManagerServiceExtImpl: Acquiring suspend blocker "PowerManagerService.WakeLocks"  took 157 ms
08-14 13:24:12.554  1644  1787 W Looper  : Slow dispatch took 165ms android.fg h=android.os.Handler c=com.android.server.location.provider.StationaryThrottlingLocationProvider$DeliverLastLocationRunnable@1af1b25 m=0
08-14 13:24:20.860  1644  1787 D PowerManagerServiceExtImpl: Acquiring suspend blocker "PowerManagerService.WakeLocks"  took 7466 ms
08-14 13:24:20.868  1644  1787 W Looper  : Slow dispatch took 328ms android.fg h=android.os.Handler c=com.android.server.location.provider.StationaryThrottlingLocationProvider$DeliverLastLocationRunnable@1af1b25 m=0
08-14 13:24:20.869  1644  1787 W Looper  : Slow delivery took 304ms android.fg h=android.os.Handler c=com.android.server.location.provider.AbstractLocationProvider$Controller$$ExternalSyntheticLambda4@c36ff41 m=0
08-14 13:24:20.876  1644  1787 W Looper  : Drained
08-14 13:24:21.616 28042 19884 E ActivityThread: Failed to find provider info for com.platform.usercenter.vip
08-14 13:24:25.630  1644  1821 V BroadcastQueue: parallel background broadcast:(BroadcastRecord{51d3ab1 u-1 android.net.wifi.SCAN_RESULTS}) should be proxyed, target:(BroadcastFilter{bc11b95 10692/u0 ReceiverList{8a64f4c 27969 com.tencent.mm/10692/u0 remote:6cbb37f}})
08-14 13:24:25.631  1644  1821 V BroadcastQueue: parallel background broadcast:(BroadcastRecord{51d3ab1 u-1 android.net.wifi.SCAN_RESULTS}) should be proxyed, target:(BroadcastFilter{de8d4dd 10692/u0 ReceiverList{e6f80b4 27969 com.tencent.mm/10692/u0 remote:3aea987}})
08-14 13:24:25.631  1644  1821 V BroadcastQueue: parallel background broadcast:(BroadcastRecord{51d3ab1 u-1 android.net.wifi.SCAN_RESULTS}) should be proxyed, target:(BroadcastFilter{fcca0c8 10692/u0 ReceiverList{52ad6b 28342 com.tencent.mm:push/10692/u0 remote:e9a4aba}})
08-14 13:24:27.286 15315 15315 W ContextImpl: Calling a method in the system process without a qualified user: android.app.ContextImpl.startService:1877 android.content.ContextWrapper.startService:827 com.heytap.mcs.biz.message.t.f:4 com.heytap.mcs.base.process.a.c:6 com.heytap.mcs.base.process.a$a.handleMessage:3 
08-14 13:24:27.297  1644  5157 I ActivityManager: Killing 9050:com.oplus.screenrecorder/u0a104 (adj 985): empty for 1804s
08-14 13:24:27.334  1644  2247 D DisplayManagerService: Display listener for pid 9050 died.
08-14 13:24:27.351  1644  2474 I ActivityManager: Process com.heytap.mcs.biz.message (pid 15315) has died: fg  SVC 
08-14 13:24:27.352  1644  2316 E OAPM    : activity preload is not enabled
08-14 13:24:39.516  1644  1808 D ProcessCpuTrackerExtImpl: mContext is already set, return now! 
08-14 13:24:42.616   667 15191 I keystore2: keystore2::watchdog: Watchdog thread idle -> terminating. Have a great day.
08-14 13:24:44.345  1644  3835 D UsageStatsService: User[0] type=0 b=1755148462412 e=1755149084345 cb=1755138355694 ce=1755149067349 disk=0 all=1
08-14 13:24:48.137  1644  1821 V BroadcastQueue: parallel background broadcast:(BroadcastRecord{756a82a u-1 android.net.wifi.SCAN_RESULTS}) should be proxyed, target:(BroadcastFilter{bc11b95 10692/u0 ReceiverList{8a64f4c 27969 com.tencent.mm/10692/u0 remote:6cbb37f}})
08-14 13:24:48.137  1644  1821 V BroadcastQueue: parallel background broadcast:(BroadcastRecord{756a82a u-1 android.net.wifi.SCAN_RESULTS}) should be proxyed, target:(BroadcastFilter{de8d4dd 10692/u0 ReceiverList{e6f80b4 27969 com.tencent.mm/10692/u0 remote:3aea987}})
08-14 13:24:48.137  1644  1821 V BroadcastQueue: parallel background broadcast:(BroadcastRecord{756a82a u-1 android.net.wifi.SCAN_RESULTS}) should be proxyed, target:(BroadcastFilter{fcca0c8 10692/u0 ReceiverList{52ad6b 28342 com.tencent.mm:push/10692/u0 remote:e9a4aba}})
08-14 13:24:51.659 28042 19884 E ActivityThread: Failed to find provider info for com.platform.usercenter.vip
08-14 13:25:01.795   667 15400 I keystore2: keystore2::watchdog: Watchdog thread idle -> terminating. Have a great day.
08-14 13:25:10.644  1644  1821 V BroadcastQueue: parallel background broadcast:(BroadcastRecord{aa6f364 u-1 android.net.wifi.SCAN_RESULTS}) should be proxyed, target:(BroadcastFilter{bc11b95 10692/u0 ReceiverList{8a64f4c 27969 com.tencent.mm/10692/u0 remote:6cbb37f}})
08-14 13:25:10.644  1644  1821 V BroadcastQueue: parallel background broadcast:(BroadcastRecord{aa6f364 u-1 android.net.wifi.SCAN_RESULTS}) should be proxyed, target:(BroadcastFilter{de8d4dd 10692/u0 ReceiverList{e6f80b4 27969 com.tencent.mm/10692/u0 remote:3aea987}})
08-14 13:25:10.644  1644  1821 V BroadcastQueue: parallel background broadcast:(BroadcastRecord{aa6f364 u-1 android.net.wifi.SCAN_RESULTS}) should be proxyed, target:(BroadcastFilter{fcca0c8 10692/u0 ReceiverList{52ad6b 28342 com.tencent.mm:push/10692/u0 remote:e9a4aba}})
08-14 13:25:12.611   667 15403 I keystore2: keystore2::watchdog: Watchdog thread idle -> terminating. Have a great day.
08-14 13:25:21.665 28042 19884 E ActivityThread: Failed to find provider info for com.platform.usercenter.vip
08-14 13:25:56.210  1644  1787 D PowerManagerServiceExtImpl: Acquiring suspend blocker "PowerManagerService.WakeLocks"  took 38 ms
08-14 13:25:56.245 28042 19884 E ActivityThread: Failed to find provider info for com.platform.usercenter.vip
08-14 13:26:09.334  1644  5202 E OplusCustomizeRestrictionManagerService: isBiometricDisabled start
08-14 13:26:09.335  1644  3014 E OplusCustomizeRestrictionManagerService: isBiometricDisabled start
08-14 13:26:09.343  1644  1847 D AlarmAlignment: findFirstElapsedTimeWakeupNonStandalone:  nowElapsed = 878886016
08-14 13:26:09.359  1644  1847 D AlarmAlignment: reAlignAlarms
08-14 13:26:45.258  1644  1787 D PowerManagerServiceExtImpl: Acquiring suspend blocker "PowerManagerService.WakeLocks"  took 15053 ms
08-14 13:26:45.275  1644  1787 W Looper  : Slow dispatch took 254ms android.fg h=android.os.Handler c=com.android.server.location.provider.StationaryThrottlingLocationProvider$DeliverLastLocationRunnable@1af1b25 m=0
08-14 13:26:45.329  1644  1847 D AlarmAlignment: findFirstElapsedTimeWakeupNonStandalone:  nowElapsed = 878922003
08-14 13:26:45.332 28042 28064 E ActivityThread: Failed to find provider info for com.platform.usercenter.vip
08-14 13:26:45.334  1644  1847 D AlarmAlignment: reAlignAlarms
08-14 13:26:45.334  1644  1847 D AlarmAlignment: alignWithSys: is not RequestedElapsed alarm alignElapsed=Alarm{d4667e1 type 3 origWhen 879116673 whenElapsed 879184920 com.oplus.obrain} uid 1000 whenElapsed 879184920 windowLength 450000 maxWhenElapsed 879184920 repeatInterval 600000 action MIDAS TEN MINUTE CLOCK ACTION component null flags 0x8, APP_STANDBY_POLICY=878584921, DEVICE_IDLE_POLICY=878584921, ATTERY_SAVER_POLICY=0
08-14 13:26:45.334  1644  1847 D AlarmAlignment: alignWithSys: is not RequestedElapsed alarm alignElapsed=Alarm{3a6f906 type 3 origWhen 878964122 whenElapsed 879184920 com.oplus.nhs} uid 1001 whenElapsed 879184920 windowLength 225000 maxWhenElapsed 879184920 repeatInterval 300000 action oplus.intent.action.INTERNAL_LOOP_UPDATE_ACTIVITYINFO_ALARM component ComponentInfo{com.oplus.nhs/com.oplus.nhs.pwr.ModemAci.ModemAciAlarmReceiver} flags 0x8, APP_STANDBY_POLICY=878885952, DEVICE_IDLE_POLICY=878885952, ATTERY_SAVER_POLICY=0
08-14 13:26:45.335  1644  1847 D AlarmAlignment: alignWithSys: is not RequestedElapsed alarm alignElapsed=Alarm{e9c0bc7 type 3 origWhen 878968609 whenElapsed 879184920 com.oplus.metis} uid 10095 whenElapsed 879184920 windowLength 225000 maxWhenElapsed 879184920 repeatInterval 300000 action oplus.intent.action.SORT_ALARM_ACTION component null flags 0x8, APP_STANDBY_POLICY=878885948, DEVICE_IDLE_POLICY=878885948, ATTERY_SAVER_POLICY=878885948
08-14 13:26:45.335  1644  1847 D AlarmAlignment: alignWithSys: is not RequestedElapsed alarm alignElapsed=Alarm{6f1d5f4 type 3 origWhen 879116674 whenElapsed 879184920 com.oplus.obrain} uid 1000 whenElapsed 879184920 windowLength 225000 maxWhenElapsed 879184920 repeatInterval 300000 action MIDAS FIVE MINUTE CLOCK ACTION component null flags 0x8, APP_STANDBY_POLICY=878885950, DEVICE_IDLE_POLICY=878885950, ATTERY_SAVER_POLICY=0
08-14 13:26:46.388  1644  1821 V BroadcastQueue: parallel background broadcast:(BroadcastRecord{4299f92 u-1 android.net.wifi.SCAN_RESULTS}) should be proxyed, target:(BroadcastFilter{bc11b95 10692/u0 ReceiverList{8a64f4c 27969 com.tencent.mm/10692/u0 remote:6cbb37f}})
08-14 13:26:46.389  1644  1821 V BroadcastQueue: parallel background broadcast:(BroadcastRecord{4299f92 u-1 android.net.wifi.SCAN_RESULTS}) should be proxyed, target:(BroadcastFilter{de8d4dd 10692/u0 ReceiverList{e6f80b4 27969 com.tencent.mm/10692/u0 remote:3aea987}})
08-14 13:26:46.389  1644  1821 V BroadcastQueue: parallel background broadcast:(BroadcastRecord{4299f92 u-1 android.net.wifi.SCAN_RESULTS}) should be proxyed, target:(BroadcastFilter{fcca0c8 10692/u0 ReceiverList{52ad6b 28342 com.tencent.mm:push/10692/u0 remote:e9a4aba}})
08-14 13:27:10.024  1644  1787 D PowerManagerServiceExtImpl: Acquiring suspend blocker "PowerManagerService.WakeLocks"  took 7324 ms
08-14 13:27:10.037  1644  1787 W Looper  : Slow dispatch took 245ms android.fg h=android.os.Handler c=com.android.server.location.provider.StationaryThrottlingLocationProvider$DeliverLastLocationRunnable@1af1b25 m=0
08-14 13:27:10.092 28042 19885 E ActivityThread: Failed to find provider info for com.platform.usercenter.vip
08-14 13:27:10.105   667 15414 I keystore2: keystore2::watchdog: Watchdog thread idle -> terminating. Have a great day.
08-14 13:27:11.862  1644  1787 D PowerManagerServiceExtImpl: Acquiring suspend blocker "PowerManagerService.WakeLocks"  took 31 ms
08-14 13:27:13.384  1644  1821 D CompatibilityChangeReporter: Compat change id reported: 168419799; UID 10692; state: DISABLED
08-14 13:27:13.384  1644  2247 E OplusCustomizeRestrictionManagerService: isBiometricDisabled start
08-14 13:27:13.385  1644  2852 E OplusCustomizeRestrictionManagerService: isBiometricDisabled start
08-14 13:27:28.347  1644  1808 D ProcessCpuTrackerExtImpl: mContext is already set, return now! 
08-14 13:27:40.806  1644  1787 D PowerManagerServiceExtImpl: Acquiring suspend blocker "PowerManagerService.WakeLocks"  took 11477 ms
08-14 13:27:40.812  1644  1787 W Looper  : Slow dispatch took 192ms android.fg h=android.os.Handler c=com.android.server.location.provider.StationaryThrottlingLocationProvider$DeliverLastLocationRunnable@1af1b25 m=0
08-14 13:27:41.003  4646 11382 I Quality : SlowSQLite: /99224a8be70febe96ace61ae43c2ddb3/ cost= /535
08-14 13:27:43.824  1644  1787 D PowerManagerServiceExtImpl: Acquiring suspend blocker "PowerManagerService.WakeLocks"  took 39 ms
08-14 13:27:43.889 28042 19885 E ActivityThread: Failed to find provider info for com.platform.usercenter.vip
08-14 13:27:55.541   667 15532 I keystore2: keystore2::watchdog: Watchdog thread idle -> terminating. Have a great day.
08-14 13:28:12.562  1644  1821 V BroadcastQueue: parallel background broadcast:(BroadcastRecord{3c3e4f0 u-1 android.net.wifi.SCAN_RESULTS}) should be proxyed, target:(BroadcastFilter{bc11b95 10692/u0 ReceiverList{8a64f4c 27969 com.tencent.mm/10692/u0 remote:6cbb37f}})
08-14 13:28:12.562  1644  1821 V BroadcastQueue: parallel background broadcast:(BroadcastRecord{3c3e4f0 u-1 android.net.wifi.SCAN_RESULTS}) should be proxyed, target:(BroadcastFilter{de8d4dd 10692/u0 ReceiverList{e6f80b4 27969 com.tencent.mm/10692/u0 remote:3aea987}})
08-14 13:28:12.562  1644  1821 V BroadcastQueue: parallel background broadcast:(BroadcastRecord{3c3e4f0 u-1 android.net.wifi.SCAN_RESULTS}) should be proxyed, target:(BroadcastFilter{fcca0c8 10692/u0 ReceiverList{52ad6b 28342 com.tencent.mm:push/10692/u0 remote:e9a4aba}})
08-14 13:28:13.892 28042 19885 E ActivityThread: Failed to find provider info for com.platform.usercenter.vip
08-14 13:28:34.800   667 15609 I keystore2: keystore2::watchdog: Watchdog thread idle -> terminating. Have a great day.
08-14 13:28:35.068  1644  1821 V BroadcastQueue: parallel background broadcast:(BroadcastRecord{fb6208 u-1 android.net.wifi.SCAN_RESULTS}) should be proxyed, target:(BroadcastFilter{bc11b95 10692/u0 ReceiverList{8a64f4c 27969 com.tencent.mm/10692/u0 remote:6cbb37f}})
08-14 13:28:35.069  1644  1821 V BroadcastQueue: parallel background broadcast:(BroadcastRecord{fb6208 u-1 android.net.wifi.SCAN_RESULTS}) should be proxyed, target:(BroadcastFilter{de8d4dd 10692/u0 ReceiverList{e6f80b4 27969 com.tencent.mm/10692/u0 remote:3aea987}})
08-14 13:28:35.069  1644  1821 V BroadcastQueue: parallel background broadcast:(BroadcastRecord{fb6208 u-1 android.net.wifi.SCAN_RESULTS}) should be proxyed, target:(BroadcastFilter{fcca0c8 10692/u0 ReceiverList{52ad6b 28342 com.tencent.mm:push/10692/u0 remote:e9a4aba}})
08-14 13:28:40.400  1644  1815 D ProcessCpuTrackerExtImpl: mContext is already set, return now! 
08-14 13:28:43.929 28042 19885 E ActivityThread: Failed to find provider info for com.platform.usercenter.vip
08-14 13:28:46.243  1644  3835 D UsageStatsService: User[0] type=0 b=1755148462412 e=1755149326242 cb=1755138355694 ce=1755149264295 disk=0 all=2
08-14 13:29:01.321  1644  3014 E OplusCustomizeRestrictionManagerService: isBiometricDisabled start
08-14 13:29:01.322  1644  5154 E OplusCustomizeRestrictionManagerService: isBiometricDisabled start
08-14 13:29:01.336  1644  2238 D CommSceneService: notify align tick changed state=1
08-14 13:29:01.337  1644  2238 D OSysNetControlService: handle comm scene=1006 state=1 phoneId=-1
08-14 13:29:01.366  1644  3815 D CompatibilityChangeReporter: Compat change id reported: 171306433; UID 1000; state: ENABLED
08-14 13:29:01.366  1644  3815 D CompatibilityChangeReporter: Compat change id reported: 218533173; UID 1000; state: ENABLED
08-14 13:29:03.018  1644  1821 V BroadcastQueue: parallel background broadcast:(BroadcastRecord{2f8f526 u-1 android.net.wifi.SCAN_RESULTS}) should be proxyed, target:(BroadcastFilter{bc11b95 10692/u0 ReceiverList{8a64f4c 27969 com.tencent.mm/10692/u0 remote:6cbb37f}})
08-14 13:29:03.019  1644  1821 V BroadcastQueue: parallel background broadcast:(BroadcastRecord{2f8f526 u-1 android.net.wifi.SCAN_RESULTS}) should be proxyed, target:(BroadcastFilter{de8d4dd 10692/u0 ReceiverList{e6f80b4 27969 com.tencent.mm/10692/u0 remote:3aea987}})
08-14 13:29:03.019  1644  1821 V BroadcastQueue: parallel background broadcast:(BroadcastRecord{2f8f526 u-1 android.net.wifi.SCAN_RESULTS}) should be proxyed, target:(BroadcastFilter{fcca0c8 10692/u0 ReceiverList{52ad6b 28342 com.tencent.mm:push/10692/u0 remote:e9a4aba}})
08-14 13:29:18.430  4646 11382 I Quality : SlowSQLite: /99224a8be70febe96ace61ae43c2ddb3/ cost= /506
08-14 13:29:18.909 28042 19884 E ActivityThread: Failed to find provider info for com.platform.usercenter.vip
08-14 13:29:33.771  1644  5154 D PowerManagerServiceExtImpl: Acquiring suspend blocker "PowerManagerService.WakeLocks"  took 14792 ms
08-14 13:29:33.775  2534  2534 I Quality : SlowBinder: com.android.phone to android.os.IPowerManager cost= 243 code= 1
08-14 13:29:48.746  1644  1787 D PowerManagerServiceExtImpl: Acquiring suspend blocker "PowerManagerService.WakeLocks"  took 13345 ms
08-14 13:29:48.749  1644  1787 W Looper  : Slow dispatch took 306ms android.fg h=android.os.Handler c=com.android.server.location.provider.StationaryThrottlingLocationProvider$DeliverLastLocationRunnable@1af1b25 m=0
08-14 13:29:49.512 28042 19885 E ActivityThread: Failed to find provider info for com.platform.usercenter.vip
08-14 13:30:05.361  1644  1787 D PowerManagerServiceExtImpl: Acquiring suspend blocker "PowerManagerService.WakeLocks"  took 98 ms
08-14 13:30:05.365  1644  1787 W Looper  : Slow dispatch took 105ms android.fg h=android.os.Handler c=com.android.server.location.provider.StationaryThrottlingLocationProvider$DeliverLastLocationRunnable@1af1b25 m=0
08-14 13:30:16.274  1644  3815 E OplusCustomizeRestrictionManagerService: isBiometricDisabled start
08-14 13:30:16.277  1644  2247 E OplusCustomizeRestrictionManagerService: isBiometricDisabled start
08-14 13:30:16.346  1644  1821 D CompatibilityChangeReporter: Compat change id reported: 168419799; UID 1000; state: DISABLED
08-14 13:30:37.917  1644  1787 D PowerManagerServiceExtImpl: Acquiring suspend blocker "PowerManagerService.WakeLocks"  took 37 ms
08-14 13:30:37.984 28042 19885 E ActivityThread: Failed to find provider info for com.platform.usercenter.vip
08-14 13:30:45.156  1644  1787 D PowerManagerServiceExtImpl: Acquiring suspend blocker "PowerManagerService.WakeLocks"  took 6278 ms
08-14 13:30:45.162  1644  1787 W Looper  : Slow dispatch took 294ms android.fg h=android.os.Handler c=com.android.server.location.provider.StationaryThrottlingLocationProvider$DeliverLastLocationRunnable@1af1b25 m=0
08-14 13:31:09.686 28042 19885 E ActivityThread: Failed to find provider info for com.platform.usercenter.vip
08-14 13:31:30.053  1644  3834 E OplusCustomizeRestrictionManagerService: getMobileDataMode error :s == null
08-14 13:31:30.057  1644  3834 E OplusCustomizeRestrictionManagerService: getMobileDataMode error :s == null
08-14 13:31:30.067  1644  3834 E OplusCustomizeRestrictionManagerService: getMobileDataMode error :s == null
08-14 13:31:30.369  1644  3834 E OplusCustomizeRestrictionManagerService: isBiometricDisabled start
08-14 13:31:30.370  1644  5208 E OplusCustomizeRestrictionManagerService: isBiometricDisabled start
08-14 13:31:30.456  1644  1644 W Looper  : Slow dispatch took 108ms main h=com.android.server.alarm.AlarmManagerService$AlarmHandler c=com.android.server.alarm.AlarmManagerService$3$$ExternalSyntheticLambda0@9aef735 m=0
08-14 13:31:30.501  1644  2142 D CompatibilityChangeReporter: Compat change id reported: 135634846; UID 10167; state: DISABLED
08-14 13:31:30.502  1644  2142 D CompatibilityChangeReporter: Compat change id reported: 177438394; UID 10167; state: DISABLED
08-14 13:31:30.502  1644  2142 D CompatibilityChangeReporter: Compat change id reported: 135772972; UID 10167; state: DISABLED
08-14 13:31:30.502  1644  2142 D CompatibilityChangeReporter: Compat change id reported: 135754954; UID 10167; state: ENABLED
08-14 13:31:30.503  1644  1816 D CompatibilityChangeReporter: Compat change id reported: 143937733; UID 10167; state: ENABLED
