08-14 14:31:16.543  1644  1787 W Looper  : Slow dispatch took 217ms android.fg h=android.os.Handler c=com.android.server.location.provider.StationaryThrottlingLocationProvider$DeliverLastLocationRunnable@594f37f m=0
08-14 14:31:16.570 28042 19885 E ActivityThread: Failed to find provider info for com.platform.usercenter.vip
08-14 14:31:46.940  1644  1787 D PowerManagerServiceExtImpl: Acquiring suspend blocker "PowerManagerService.WakeLocks"  took 15434 ms
08-14 14:31:46.945  1644  1787 W Looper  : Slow dispatch took 333ms android.fg h=android.os.Handler c=com.android.server.location.provider.StationaryThrottlingLocationProvider$DeliverLastLocationRunnable@594f37f m=0
08-14 14:31:47.712  1644  1787 D PowerManagerServiceExtImpl: Acquiring suspend blocker "PowerManagerService.WakeLocks"  took 96 ms
08-14 14:31:47.720  1644  1787 W Looper  : Slow dispatch took 107ms android.fg h=android.os.Handler c=com.android.server.location.provider.StationaryThrottlingLocationProvider$DeliverLastLocationRunnable@594f37f m=0
08-14 14:31:47.773 28042 19885 E ActivityThread: Failed to find provider info for com.platform.usercenter.vip
08-14 14:32:03.812  1644  1821 V BroadcastQueue: parallel background broadcast:(BroadcastRecord{8b9ccb4 u-1 android.net.wifi.SCAN_RESULTS}) should be proxyed, target:(BroadcastFilter{bc11b95 10692/u0 ReceiverList{8a64f4c 27969 com.tencent.mm/10692/u0 remote:6cbb37f}})
08-14 14:32:03.812  1644  1821 V BroadcastQueue: parallel background broadcast:(BroadcastRecord{8b9ccb4 u-1 android.net.wifi.SCAN_RESULTS}) should be proxyed, target:(BroadcastFilter{de8d4dd 10692/u0 ReceiverList{e6f80b4 27969 com.tencent.mm/10692/u0 remote:3aea987}})
08-14 14:32:03.812  1644  1821 V BroadcastQueue: parallel background broadcast:(BroadcastRecord{8b9ccb4 u-1 android.net.wifi.SCAN_RESULTS}) should be proxyed, target:(BroadcastFilter{fcca0c8 10692/u0 ReceiverList{52ad6b 28342 com.tencent.mm:push/10692/u0 remote:e9a4aba}})
08-14 14:32:14.348  1644  5155 E OplusCustomizeRestrictionManagerService: isBiometricDisabled start
08-14 14:32:14.348  1644  2790 E OplusCustomizeRestrictionManagerService: isBiometricDisabled start
08-14 14:32:14.382  1644  1821 D CompatibilityChangeReporter: Compat change id reported: 168419799; UID 1000; state: DISABLED
08-14 14:32:14.400  1644  1644 W Looper  : Slow dispatch took 111ms main h=com.android.server.alarm.AlarmManagerService$AlarmHandler c=com.android.server.alarm.AlarmManagerService$3$$ExternalSyntheticLambda0@7d75705 m=0
08-14 14:32:14.401  1644  2238 D CommSceneService: notify align tick changed state=1
08-14 14:32:14.401  1644  2238 D OSysNetControlService: handle comm scene=1006 state=1 phoneId=-1
08-14 14:32:15.219  1644  2790 D CompatibilityChangeReporter: Compat change id reported: 171306433; UID 1000; state: ENABLED
08-14 14:32:15.220  1644  2790 D CompatibilityChangeReporter: Compat change id reported: 218533173; UID 1000; state: ENABLED
08-14 14:32:18.029 28042 19885 E ActivityThread: Failed to find provider info for com.platform.usercenter.vip
08-14 14:32:23.183  1644  3835 D UsageStatsService: User[0] type=0 b=1755152752215 e=1755153143183 cb=1755138355694 ce=1755153135775 disk=0 all=2
08-14 14:32:28.272   667 20523 I keystore2: keystore2::watchdog: Watchdog thread idle -> terminating. Have a great day.
08-14 14:32:39.753   667 20865 I keystore2: keystore2::watchdog: Watchdog thread idle -> terminating. Have a great day.
08-14 14:32:43.405  1644  1821 V BroadcastQueue: parallel background broadcast:(BroadcastRecord{f389b0e u-1 android.net.wifi.SCAN_RESULTS}) should be proxyed, target:(BroadcastFilter{bc11b95 10692/u0 ReceiverList{8a64f4c 27969 com.tencent.mm/10692/u0 remote:6cbb37f}})
08-14 14:32:43.405  1644  1821 V BroadcastQueue: parallel background broadcast:(BroadcastRecord{f389b0e u-1 android.net.wifi.SCAN_RESULTS}) should be proxyed, target:(BroadcastFilter{de8d4dd 10692/u0 ReceiverList{e6f80b4 27969 com.tencent.mm/10692/u0 remote:3aea987}})
08-14 14:32:43.405  1644  1821 V BroadcastQueue: parallel background broadcast:(BroadcastRecord{f389b0e u-1 android.net.wifi.SCAN_RESULTS}) should be proxyed, target:(BroadcastFilter{fcca0c8 10692/u0 ReceiverList{52ad6b 28342 com.tencent.mm:push/10692/u0 remote:e9a4aba}})
08-14 14:32:48.049 28042 19885 E ActivityThread: Failed to find provider info for com.platform.usercenter.vip
08-14 14:33:05.911  1644  1821 V BroadcastQueue: parallel background broadcast:(BroadcastRecord{6e7af28 u-1 android.net.wifi.SCAN_RESULTS}) should be proxyed, target:(BroadcastFilter{bc11b95 10692/u0 ReceiverList{8a64f4c 27969 com.tencent.mm/10692/u0 remote:6cbb37f}})
08-14 14:33:05.911  1644  1821 V BroadcastQueue: parallel background broadcast:(BroadcastRecord{6e7af28 u-1 android.net.wifi.SCAN_RESULTS}) should be proxyed, target:(BroadcastFilter{de8d4dd 10692/u0 ReceiverList{e6f80b4 27969 com.tencent.mm/10692/u0 remote:3aea987}})
08-14 14:33:05.912  1644  1821 V BroadcastQueue: parallel background broadcast:(BroadcastRecord{6e7af28 u-1 android.net.wifi.SCAN_RESULTS}) should be proxyed, target:(BroadcastFilter{fcca0c8 10692/u0 ReceiverList{52ad6b 28342 com.tencent.mm:push/10692/u0 remote:e9a4aba}})
08-14 14:33:09.128   667 20877 I keystore2: keystore2::watchdog: Watchdog thread idle -> terminating. Have a great day.
08-14 14:33:14.543  1644  1808 D ProcessCpuTrackerExtImpl: mContext is already set, return now! 
08-14 14:33:18.054 28042 19885 E ActivityThread: Failed to find provider info for com.platform.usercenter.vip
08-14 14:33:34.785  1644  1821 V BroadcastQueue: parallel background broadcast:(BroadcastRecord{6fb1c04 u-1 android.net.wifi.SCAN_RESULTS}) should be proxyed, target:(BroadcastFilter{bc11b95 10692/u0 ReceiverList{8a64f4c 27969 com.tencent.mm/10692/u0 remote:6cbb37f}})
08-14 14:33:34.785  1644  1821 V BroadcastQueue: parallel background broadcast:(BroadcastRecord{6fb1c04 u-1 android.net.wifi.SCAN_RESULTS}) should be proxyed, target:(BroadcastFilter{de8d4dd 10692/u0 ReceiverList{e6f80b4 27969 com.tencent.mm/10692/u0 remote:3aea987}})
08-14 14:33:34.786  1644  1821 V BroadcastQueue: parallel background broadcast:(BroadcastRecord{6fb1c04 u-1 android.net.wifi.SCAN_RESULTS}) should be proxyed, target:(BroadcastFilter{fcca0c8 10692/u0 ReceiverList{52ad6b 28342 com.tencent.mm:push/10692/u0 remote:e9a4aba}})
08-14 14:33:49.712  4646 11382 I Quality : SlowSQLite: /99224a8be70febe96ace61ae43c2ddb3/ cost= /501
08-14 14:33:50.335 28042 19884 E ActivityThread: Failed to find provider info for com.platform.usercenter.vip
08-14 14:34:21.054 28042 19884 E ActivityThread: Failed to find provider info for com.platform.usercenter.vip
08-14 14:34:52.019 28042 19884 E ActivityThread: Failed to find provider info for com.platform.usercenter.vip
08-14 14:35:09.221   667 20905 W keystore2: keystore2::watchdog: ### Keystore Watchdog report - BEGIN ###
08-14 14:35:09.221   667 20905 W keystore2: keystore2::watchdog: When extracting from a bug report, please include this header
08-14 14:35:09.221   667 20905 W keystore2: keystore2::watchdog: and all 2 records below.
08-14 14:35:09.221   667 20905 W keystore2: keystore2::watchdog: ThreadId(11) IKeystoreSecurityLevel::createOperation Pending: 14.729378154s Overdue 14.229381769s: SecurityLevel SecurityLevel(1)
08-14 14:35:09.221   667 20905 W keystore2: keystore2::watchdog: ThreadId(11) In KeystoreSecurityLevel::create_operation: calling begin Pending: 14.728828231s Overdue 14.228829769s: SecurityLevel SecurityLevel(1)
08-14 14:35:09.221   667 20905 W keystore2: keystore2::watchdog: ### Keystore Watchdog report - END ###
08-14 14:35:09.244  1644  1821 V BroadcastQueue: parallel background broadcast:(BroadcastRecord{8a755a5 u-1 android.net.wifi.SCAN_RESULTS}) should be proxyed, target:(BroadcastFilter{bc11b95 10692/u0 ReceiverList{8a64f4c 27969 com.tencent.mm/10692/u0 remote:6cbb37f}})
08-14 14:35:09.244  1644  1821 V BroadcastQueue: parallel background broadcast:(BroadcastRecord{8a755a5 u-1 android.net.wifi.SCAN_RESULTS}) should be proxyed, target:(BroadcastFilter{de8d4dd 10692/u0 ReceiverList{e6f80b4 27969 com.tencent.mm/10692/u0 remote:3aea987}})
08-14 14:35:09.244  1644  1821 V BroadcastQueue: parallel background broadcast:(BroadcastRecord{8a755a5 u-1 android.net.wifi.SCAN_RESULTS}) should be proxyed, target:(BroadcastFilter{fcca0c8 10692/u0 ReceiverList{52ad6b 28342 com.tencent.mm:push/10692/u0 remote:e9a4aba}})
08-14 14:35:25.206 28042 19884 E ActivityThread: Failed to find provider info for com.platform.usercenter.vip
08-14 14:35:43.700  1644  1821 V BroadcastQueue: parallel background broadcast:(BroadcastRecord{b9cec64 u-1 android.net.wifi.SCAN_RESULTS}) should be proxyed, target:(BroadcastFilter{bc11b95 10692/u0 ReceiverList{8a64f4c 27969 com.tencent.mm/10692/u0 remote:6cbb37f}})
08-14 14:35:43.700  1644  1821 V BroadcastQueue: parallel background broadcast:(BroadcastRecord{b9cec64 u-1 android.net.wifi.SCAN_RESULTS}) should be proxyed, target:(BroadcastFilter{de8d4dd 10692/u0 ReceiverList{e6f80b4 27969 com.tencent.mm/10692/u0 remote:3aea987}})
08-14 14:35:43.700  1644  1821 V BroadcastQueue: parallel background broadcast:(BroadcastRecord{b9cec64 u-1 android.net.wifi.SCAN_RESULTS}) should be proxyed, target:(BroadcastFilter{fcca0c8 10692/u0 ReceiverList{52ad6b 28342 com.tencent.mm:push/10692/u0 remote:e9a4aba}})
08-14 14:35:55.849 28042 19884 E ActivityThread: Failed to find provider info for com.platform.usercenter.vip
08-14 14:36:06.082   667 20905 I keystore2: keystore2::watchdog: Watchdog thread idle -> terminating. Have a great day.
08-14 14:36:06.203  1644  1821 V BroadcastQueue: parallel background broadcast:(BroadcastRecord{b6f0ac9 u-1 android.net.wifi.SCAN_RESULTS}) should be proxyed, target:(BroadcastFilter{bc11b95 10692/u0 ReceiverList{8a64f4c 27969 com.tencent.mm/10692/u0 remote:6cbb37f}})
08-14 14:36:06.203  1644  1821 V BroadcastQueue: parallel background broadcast:(BroadcastRecord{b6f0ac9 u-1 android.net.wifi.SCAN_RESULTS}) should be proxyed, target:(BroadcastFilter{de8d4dd 10692/u0 ReceiverList{e6f80b4 27969 com.tencent.mm/10692/u0 remote:3aea987}})
08-14 14:36:06.203  1644  1821 V BroadcastQueue: parallel background broadcast:(BroadcastRecord{b6f0ac9 u-1 android.net.wifi.SCAN_RESULTS}) should be proxyed, target:(BroadcastFilter{fcca0c8 10692/u0 ReceiverList{52ad6b 28342 com.tencent.mm:push/10692/u0 remote:e9a4aba}})
08-14 14:36:08.319  1644  5202 E OplusCustomizeRestrictionManagerService: isBiometricDisabled start
08-14 14:36:08.321  1644  5155 E OplusCustomizeRestrictionManagerService: isBiometricDisabled start
08-14 14:36:08.355  1644  1847 D AlarmAlignment: findFirstElapsedTimeWakeupNonStandalone:  nowElapsed = 883085028
08-14 14:36:08.357  1644  1847 D AlarmAlignment: reAlignAlarms
08-14 14:36:08.370 20962 21210 W ContextImpl: Calling a method in the system process without a qualified user: android.app.ContextImpl.bindService:1970 android.content.ContextWrapper.bindService:863 com.heytap.mcs.biz.statistics.agent.OBUSAgent.bindStatisticsApiService:9 com.heytap.mcs.biz.statistics.agent.OBUSAgent.upload:7 com.heytap.mcs.biz.statistics.agent.AgentManager.upload:3 
08-14 14:36:08.383  1644  2790 D CompatibilityChangeReporter: Compat change id reported: 135634846; UID 1000; state: DISABLED
08-14 14:36:08.384  1644  2790 D CompatibilityChangeReporter: Compat change id reported: 177438394; UID 1000; state: DISABLED
08-14 14:36:08.384  1644  2790 D CompatibilityChangeReporter: Compat change id reported: 135772972; UID 1000; state: DISABLED
08-14 14:36:08.384  1644  2790 D CompatibilityChangeReporter: Compat change id reported: 135754954; UID 1000; state: ENABLED
08-14 14:36:08.387 20962 21210 W ContextImpl: Calling a method in the system process without a qualified user: android.app.ContextImpl.startService:1877 android.content.ContextWrapper.startService:827 com.heytap.mcs.service.McsService.n:8 com.heytap.mcs.service.McsService.g:1 com.heytap.mcs.service.McsService$c.run:37 
08-14 14:36:08.397 20962 21450 W ContextImpl: Calling a method in the system process without a qualified user: android.app.ContextImpl.bindService:1970 android.content.ContextWrapper.bindService:863 com.heytap.mcs.biz.message.s.e:8 com.heytap.mcs.biz.message.s.p:5 com.heytap.mcs.biz.message.s.A:3 
08-14 14:36:08.422  1644  1816 I ActivityManager: Start proc 21208:com.heytap.mcs.statistics/1000 for service {com.heytap.mcs/com.heytap.mcs.biz.statistics.service.StatisticsApiService}
08-14 14:36:08.423  1644  1816 W ContextImpl: Calling a method in the system process without a qualified user: android.app.ContextImpl.sendBroadcast:1193 com.android.server.am.OplusAppStartupConfig.sendAbnormalNotify:1554 com.android.server.am.OplusAppStartupConfig.notifyAbnormalInfo:1487 com.android.server.am.OplusAppStartupManager.handleStartAppInfo:5072 com.android.server.am.ProcessListExtImpl.hookHandleProcessStart:239 
08-14 14:36:08.456  1644  1816 I ActivityManager: Start proc 21235:com.heytap.mcs.biz.message/1000 for service {com.heytap.mcs/com.heytap.mcs.biz.message.MessageDealService}
08-14 14:36:11.638 21208 21208 W ContextImpl: Calling a method in the system process without a qualified user: android.app.ContextImpl.startService:1877 android.content.ContextWrapper.startService:827 com.heytap.mcs.biz.statistics.StaticProcessTrackStatusManager.exitCurrentProcess:11 com.heytap.mcs.biz.statistics.StaticProcessTrackStatusManager$1.handleMessage:3 android.os.Handler.dispatchMessage:102 
08-14 14:36:11.696  1644  2474 I ActivityManager: Process com.heytap.mcs.statistics (pid 21208) has died: fg  SVC 
08-14 14:36:18.706 21235 21235 W ContextImpl: Calling a method in the system process without a qualified user: android.app.ContextImpl.startService:1877 android.content.ContextWrapper.startService:827 com.heytap.mcs.biz.message.t.f:4 com.heytap.mcs.base.process.a.c:6 com.heytap.mcs.base.process.a$a.handleMessage:3 
08-14 14:36:18.774  1644  7556 I ActivityManager: Process com.heytap.mcs.biz.message (pid 21235) has died: fg  SVC 
08-14 14:36:19.166   667 21180 I keystore2: keystore2::watchdog: Watchdog thread idle -> terminating. Have a great day.
08-14 14:36:21.212  1644  1821 V BroadcastQueue: parallel background broadcast:(BroadcastRecord{25ec2db u-1 android.net.wifi.SCAN_RESULTS}) should be proxyed, target:(BroadcastFilter{bc11b95 10692/u0 ReceiverList{8a64f4c 27969 com.tencent.mm/10692/u0 remote:6cbb37f}})
08-14 14:36:21.212  1644  1821 V BroadcastQueue: parallel background broadcast:(BroadcastRecord{25ec2db u-1 android.net.wifi.SCAN_RESULTS}) should be proxyed, target:(BroadcastFilter{de8d4dd 10692/u0 ReceiverList{e6f80b4 27969 com.tencent.mm/10692/u0 remote:3aea987}})
08-14 14:36:21.212  1644  1821 V BroadcastQueue: parallel background broadcast:(BroadcastRecord{25ec2db u-1 android.net.wifi.SCAN_RESULTS}) should be proxyed, target:(BroadcastFilter{fcca0c8 10692/u0 ReceiverList{52ad6b 28342 com.tencent.mm:push/10692/u0 remote:e9a4aba}})
08-14 14:36:22.687  1644  1808 D ProcessCpuTrackerExtImpl: mContext is already set, return now! 
08-14 14:36:25.865  1644  1847 D AlarmAlignment: findFirstElapsedTimeWakeupNonStandalone:  nowElapsed = 883102539
08-14 14:36:25.870  1644  1847 D AlarmAlignment: reAlignAlarms
08-14 14:36:25.871  1644  1847 D AlarmAlignment: alignWithSys: is not RequestedElapsed alarm alignElapsed=Alarm{a736790 type 0 origWhen 1755153655816 whenElapsed 883384920 com.coloros.sceneservice} uid 10213 whenElapsed 883384920 windowLength 202496 maxWhenElapsed 883384920 repeatInterval 0 action sceneservice.intent.action.NORMAL_SCHEDULE_TASK component null flags 0x8, APP_STANDBY_POLICY=883102496, DEVICE_IDLE_POLICY=883102495, ATTERY_SAVER_POLICY=883102496
08-14 14:36:25.871  1644  1847 D AlarmAlignment: alignWithSys: is not RequestedElapsed alarm alignElapsed=Alarm{6112889 type 3 origWhen 883168609 whenElapsed 883384920 com.oplus.metis} uid 10095 whenElapsed 883384920 windowLength 225000 maxWhenElapsed 883384920 repeatInterval 300000 action oplus.intent.action.SORT_ALARM_ACTION component null flags 0x8, APP_STANDBY_POLICY=883084921, DEVICE_IDLE_POLICY=883084921, ATTERY_SAVER_POLICY=883084921
08-14 14:36:25.871  1644  1847 D AlarmAlignment: alignWithSys: is not RequestedElapsed alarm alignElapsed=Alarm{29e308e type 3 origWhen 883164122 whenElapsed 883384920 com.oplus.nhs} uid 1001 whenElapsed 883384920 windowLength 225000 maxWhenElapsed 883384920 repeatInterval 300000 action oplus.intent.action.INTERNAL_LOOP_UPDATE_ACTIVITYINFO_ALARM component ComponentInfo{com.oplus.nhs/com.oplus.nhs.pwr.ModemAci.ModemAciAlarmReceiver} flags 0x8, APP_STANDBY_POLICY=883084924, DEVICE_IDLE_POLICY=883084924, ATTERY_SAVER_POLICY=0
08-14 14:36:25.871  1644  1847 D AlarmAlignment: alignWithSys: is not RequestedElapsed alarm alignElapsed=Alarm{bfa20af type 3 origWhen 883316673 whenElapsed 883384920 com.oplus.obrain} uid 1000 whenElapsed 883384920 windowLength 450000 maxWhenElapsed 883384920 repeatInterval 600000 action MIDAS TEN MINUTE CLOCK ACTION component null flags 0x8, APP_STANDBY_POLICY=882786619, DEVICE_IDLE_POLICY=882786619, ATTERY_SAVER_POLICY=0
08-14 14:36:25.871  1644  1847 D AlarmAlignment: alignWithSys: is not RequestedElapsed alarm alignElapsed=Alarm{5cf6cbc type 3 origWhen 883316674 whenElapsed 883384920 com.oplus.obrain} uid 1000 whenElapsed 883384920 windowLength 225000 maxWhenElapsed 883384920 repeatInterval 300000 action MIDAS FIVE MINUTE CLOCK ACTION component null flags 0x8, APP_STANDBY_POLICY=883084923, DEVICE_IDLE_POLICY=883084923, ATTERY_SAVER_POLICY=0
08-14 14:36:25.882 28042 19884 E ActivityThread: Failed to find provider info for com.platform.usercenter.vip
08-14 14:36:30.956  1644  3835 D UsageStatsService: User[0] type=0 b=1755153135211 e=1755153390956 cb=1755138355694 ce=1755153378715 disk=0 all=1
08-14 14:36:36.124   667 21342 I keystore2: keystore2::watchdog: Watchdog thread idle -> terminating. Have a great day.
08-14 14:36:43.718  1644  1821 V BroadcastQueue: parallel background broadcast:(BroadcastRecord{8c55797 u-1 android.net.wifi.SCAN_RESULTS}) should be proxyed, target:(BroadcastFilter{bc11b95 10692/u0 ReceiverList{8a64f4c 27969 com.tencent.mm/10692/u0 remote:6cbb37f}})
08-14 14:36:43.718  1644  1821 V BroadcastQueue: parallel background broadcast:(BroadcastRecord{8c55797 u-1 android.net.wifi.SCAN_RESULTS}) should be proxyed, target:(BroadcastFilter{de8d4dd 10692/u0 ReceiverList{e6f80b4 27969 com.tencent.mm/10692/u0 remote:3aea987}})
08-14 14:36:43.719  1644  1821 V BroadcastQueue: parallel background broadcast:(BroadcastRecord{8c55797 u-1 android.net.wifi.SCAN_RESULTS}) should be proxyed, target:(BroadcastFilter{fcca0c8 10692/u0 ReceiverList{52ad6b 28342 com.tencent.mm:push/10692/u0 remote:e9a4aba}})
08-14 14:37:00.476  1644  5202 D PowerManagerServiceExtImpl: Acquiring suspend blocker "PowerManagerService.WakeLocks"  took 126 ms
08-14 14:37:00.581 28042 19884 E ActivityThread: Failed to find provider info for com.platform.usercenter.vip
08-14 14:37:15.348  1644  3834 E OplusCustomizeRestrictionManagerService: isBiometricDisabled start
08-14 14:37:15.349  1644  2247 E OplusCustomizeRestrictionManagerService: isBiometricDisabled start
08-14 14:37:15.361  1644  2238 D CommSceneService: notify align tick changed state=1
08-14 14:37:15.362  1644  2238 D OSysNetControlService: handle comm scene=1006 state=1 phoneId=-1
08-14 14:37:16.664  1644  1787 D PowerManagerServiceExtImpl: Acquiring suspend blocker "PowerManagerService.WakeLocks"  took 195 ms
08-14 14:37:16.670  1644  1787 W Looper  : Slow dispatch took 205ms android.fg h=android.os.Handler c=com.android.server.location.provider.StationaryThrottlingLocationProvider$DeliverLastLocationRunnable@594f37f m=0
08-14 14:37:29.309  1644  1787 D PowerManagerServiceExtImpl: Acquiring suspend blocker "PowerManagerService.WakeLocks"  took 11840 ms
08-14 14:37:29.318  1644  1787 W Looper  : Slow dispatch took 338ms android.fg h=android.os.Handler c=com.android.server.location.provider.StationaryThrottlingLocationProvider$DeliverLastLocationRunnable@594f37f m=0
08-14 14:37:31.957 28042 19884 E ActivityThread: Failed to find provider info for com.platform.usercenter.vip
08-14 14:38:01.310  1644  2043 D PowerManagerServiceExtImpl: Acquiring suspend blocker "PowerManagerService.WakeLocks"  took 31 ms
08-14 14:38:01.344  1644  2247 E OplusCustomizeRestrictionManagerService: isBiometricDisabled start
08-14 14:38:01.345  1644  2790 E OplusCustomizeRestrictionManagerService: isBiometricDisabled start
08-14 14:38:01.379  1644  3054 D OplusProxyWakeLock: check proxy worksource [ 10692] failed, reason:TAG_ILLEGAL ,tag: *alar
08-14 14:38:17.364 28042 19884 E ActivityThread: Failed to find provider info for com.platform.usercenter.vip
08-14 14:38:17.368  1644  1847 D AlarmAlignment: findFirstElapsedTimeWakeupNonStandalone:  nowElapsed = 883214041
08-14 14:38:17.373  1644  1847 D AlarmAlignment: reAlignAlarms
08-14 14:38:17.373  1644  1847 D AlarmAlignment: alignWithSys: is not RequestedElapsed alarm alignElapsed=Alarm{6112889 type 3 origWhen 883168609 whenElapsed 883384920 com.oplus.metis} uid 10095 whenElapsed 883384920 windowLength 225000 maxWhenElapsed 883384920 repeatInterval 300000 action oplus.intent.action.SORT_ALARM_ACTION component null flags 0x8, APP_STANDBY_POLICY=883084921, DEVICE_IDLE_POLICY=883084921, ATTERY_SAVER_POLICY=883084921
08-14 14:38:17.373  1644  1847 D AlarmAlignment: alignWithSys: is not RequestedElapsed alarm alignElapsed=Alarm{bfa20af type 3 origWhen 883316673 whenElapsed 883384920 com.oplus.obrain} uid 1000 whenElapsed 883384920 windowLength 450000 maxWhenElapsed 883384920 repeatInterval 600000 action MIDAS TEN MINUTE CLOCK ACTION component null flags 0x8, APP_STANDBY_POLICY=882786619, DEVICE_IDLE_POLICY=882786619, ATTERY_SAVER_POLICY=0
08-14 14:38:17.373  1644  1847 D AlarmAlignment: alignWithSys: is not RequestedElapsed alarm alignElapsed=Alarm{29e308e type 3 origWhen 883164122 whenElapsed 883384920 com.oplus.nhs} uid 1001 whenElapsed 883384920 windowLength 225000 maxWhenElapsed 883384920 repeatInterval 300000 action oplus.intent.action.INTERNAL_LOOP_UPDATE_ACTIVITYINFO_ALARM component ComponentInfo{com.oplus.nhs/com.oplus.nhs.pwr.ModemAci.ModemAciAlarmReceiver} flags 0x8, APP_STANDBY_POLICY=883084924, DEVICE_IDLE_POLICY=883084924, ATTERY_SAVER_POLICY=0
08-14 14:38:17.373  1644  1847 D AlarmAlignment: alignWithSys: is not RequestedElapsed alarm alignElapsed=Alarm{5cf6cbc type 3 origWhen 883316674 whenElapsed 883384920 com.oplus.obrain} uid 1000 whenElapsed 883384920 windowLength 225000 maxWhenElapsed 883384920 repeatInterval 300000 action MIDAS FIVE MINUTE CLOCK ACTION component null flags 0x8, APP_STANDBY_POLICY=883084923, DEVICE_IDLE_POLICY=883084923, ATTERY_SAVER_POLICY=0
08-14 14:38:17.374  1644  1847 D AlarmAlignment: alignWithSys: is not RequestedElapsed alarm alignElapsed=Alarm{b643581 type 3 origWhen 883384984 whenElapsed 883684920 com.oplus.metis} uid 10095 whenElapsed 883684920 windowLength 225000 maxWhenElapsed 883684920 repeatInterval 0 action com.oplus.action.TIMER_ALARM_TASK component null flags 0x8, APP_STANDBY_POLICY=883085027, DEVICE_IDLE_POLICY=883085027, ATTERY_SAVER_POLICY=883085027
08-14 14:38:17.374  1644  1847 D AlarmAlignment: alignWithSys: is not RequestedElapsed alarm alignElapsed=Alarm{4be4626 type 1 origWhen 1755153875000 whenElapsed 883684920 com.oplus.metis} uid 10095 whenElapsed 883684920 windowLength 1230987 maxWhenElapsed 883684920 repeatInterval 0 action timer.service.alarm.is.not.exact component ComponentInfo{com.oplus.metis/com.oplus.metis.v2.util.timer.timerservice.impl.TimerServiceBasedOnAlarmManager$AlarmBroadcastReceiver} flags 0x8, APP_STANDBY_POLICY=881950358, DEVICE_IDLE_POLICY=881950358, ATTERY_SAVER_POLICY=881950358
08-14 14:38:17.374  1644  1847 D AlarmAlignment: alignWithSys: is not RequestedElapsed alarm alignElapsed=Alarm{5c7a267 type 0 origWhen 1755153767317 whenElapsed 883684920 com.coloros.sceneservice} uid 10213 whenElapsed 883684920 windowLength 202497 maxWhenElapsed 883684920 repeatInterval 0 action sceneservice.intent.action.NORMAL_SCHEDULE_TASK component null flags 0x8, APP_STANDBY_POLICY=883213997, DEVICE_IDLE_POLICY=883213997, ATTERY_SAVER_POLICY=883213997
08-14 14:38:32.339  1644  1787 D PowerManagerServiceExtImpl: Acquiring suspend blocker "PowerManagerService.WakeLocks"  took 14040 ms
08-14 14:38:32.342  1644  1787 W Looper  : Slow dispatch took 316ms android.fg h=android.os.Handler c=com.android.server.location.provider.StationaryThrottlingLocationProvider$DeliverLastLocationRunnable@594f37f m=0
08-14 14:38:33.200  1644  2790 D PowerManagerServiceExtImpl: Acquiring suspend blocker "PowerManagerService.WakeLocks"  took 299 ms
08-14 14:38:33.203  2534  2534 I Quality : SlowBinder: com.android.phone to android.os.IPowerManager cost= 210 code= 1
08-14 14:38:48.197 28042 19885 E ActivityThread: Failed to find provider info for com.platform.usercenter.vip
08-14 14:38:58.443   667 21345 I keystore2: keystore2::watchdog: Watchdog thread idle -> terminating. Have a great day.
08-14 14:39:09.802   667 21661 I keystore2: keystore2::watchdog: Watchdog thread idle -> terminating. Have a great day.
08-14 14:39:11.473  1644  1821 V BroadcastQueue: parallel background broadcast:(BroadcastRecord{52eb9e3 u-1 android.net.wifi.SCAN_RESULTS}) should be proxyed, target:(BroadcastFilter{bc11b95 10692/u0 ReceiverList{8a64f4c 27969 com.tencent.mm/10692/u0 remote:6cbb37f}})
08-14 14:39:11.473  1644  1821 V BroadcastQueue: parallel background broadcast:(BroadcastRecord{52eb9e3 u-1 android.net.wifi.SCAN_RESULTS}) should be proxyed, target:(BroadcastFilter{de8d4dd 10692/u0 ReceiverList{e6f80b4 27969 com.tencent.mm/10692/u0 remote:3aea987}})
08-14 14:39:11.473  1644  1821 V BroadcastQueue: parallel background broadcast:(BroadcastRecord{52eb9e3 u-1 android.net.wifi.SCAN_RESULTS}) should be proxyed, target:(BroadcastFilter{fcca0c8 10692/u0 ReceiverList{52ad6b 28342 com.tencent.mm:push/10692/u0 remote:e9a4aba}})
08-14 14:39:13.096  1644  1808 D ProcessCpuTrackerExtImpl: mContext is already set, return now! 
08-14 14:39:18.234 28042 19885 E ActivityThread: Failed to find provider info for com.platform.usercenter.vip
08-14 14:39:28.439   667 21669 I keystore2: keystore2::watchdog: Watchdog thread idle -> terminating. Have a great day.
08-14 14:39:33.979  1644  1821 V BroadcastQueue: parallel background broadcast:(BroadcastRecord{ded6fc2 u-1 android.net.wifi.SCAN_RESULTS}) should be proxyed, target:(BroadcastFilter{bc11b95 10692/u0 ReceiverList{8a64f4c 27969 com.tencent.mm/10692/u0 remote:6cbb37f}})
08-14 14:39:33.979  1644  1821 V BroadcastQueue: parallel background broadcast:(BroadcastRecord{ded6fc2 u-1 android.net.wifi.SCAN_RESULTS}) should be proxyed, target:(BroadcastFilter{de8d4dd 10692/u0 ReceiverList{e6f80b4 27969 com.tencent.mm/10692/u0 remote:3aea987}})
08-14 14:39:33.979  1644  1821 V BroadcastQueue: parallel background broadcast:(BroadcastRecord{ded6fc2 u-1 android.net.wifi.SCAN_RESULTS}) should be proxyed, target:(BroadcastFilter{fcca0c8 10692/u0 ReceiverList{52ad6b 28342 com.tencent.mm:push/10692/u0 remote:e9a4aba}})
08-14 14:39:39.241   667 21672 I keystore2: keystore2::watchdog: Watchdog thread idle -> terminating. Have a great day.
08-14 14:39:48.295 28042 19885 E ActivityThread: Failed to find provider info for com.platform.usercenter.vip
08-14 14:40:25.062  1644  1821 V BroadcastQueue: parallel background broadcast:(BroadcastRecord{58d351a u-1 android.net.wifi.SCAN_RESULTS}) should be proxyed, target:(BroadcastFilter{bc11b95 10692/u0 ReceiverList{8a64f4c 27969 com.tencent.mm/10692/u0 remote:6cbb37f}})
08-14 14:40:25.062  1644  1821 V BroadcastQueue: parallel background broadcast:(BroadcastRecord{58d351a u-1 android.net.wifi.SCAN_RESULTS}) should be proxyed, target:(BroadcastFilter{de8d4dd 10692/u0 ReceiverList{e6f80b4 27969 com.tencent.mm/10692/u0 remote:3aea987}})
08-14 14:40:25.062  1644  1821 V BroadcastQueue: parallel background broadcast:(BroadcastRecord{58d351a u-1 android.net.wifi.SCAN_RESULTS}) should be proxyed, target:(BroadcastFilter{fcca0c8 10692/u0 ReceiverList{52ad6b 28342 com.tencent.mm:push/10692/u0 remote:e9a4aba}})
08-14 14:40:40.380  4646 11382 I Quality : SlowSQLite: /99224a8be70febe96ace61ae43c2ddb3/ cost= /507
08-14 14:40:40.504 28042 19885 E ActivityThread: Failed to find provider info for com.platform.usercenter.vip
08-14 14:40:51.905  1644  1787 D PowerManagerServiceExtImpl: Acquiring suspend blocker "PowerManagerService.WakeLocks"  took 166 ms
08-14 14:40:51.910  1644  1787 W Looper  : Slow dispatch took 173ms android.fg h=android.os.Handler c=com.android.server.location.provider.StationaryThrottlingLocationProvider$DeliverLastLocationRunnable@594f37f m=0
08-14 14:40:59.250  1644  1787 D PowerManagerServiceExtImpl: Acquiring suspend blocker "PowerManagerService.WakeLocks"  took 6511 ms
08-14 14:40:59.256  1644  1787 W Looper  : Slow dispatch took 206ms android.fg h=android.os.Handler c=com.android.server.location.provider.StationaryThrottlingLocationProvider$DeliverLastLocationRunnable@594f37f m=0
08-14 14:41:14.885 28042 19885 E ActivityThread: Failed to find provider info for com.platform.usercenter.vip
08-14 14:41:14.893   667 21684 I keystore2: keystore2::watchdog: Watchdog thread idle -> terminating. Have a great day.
08-14 14:41:30.712  1644  1821 V BroadcastQueue: parallel background broadcast:(BroadcastRecord{47ddc35 u-1 android.net.wifi.SCAN_RESULTS}) should be proxyed, target:(BroadcastFilter{bc11b95 10692/u0 ReceiverList{8a64f4c 27969 com.tencent.mm/10692/u0 remote:6cbb37f}})
08-14 14:41:30.712  1644  1821 V BroadcastQueue: parallel background broadcast:(BroadcastRecord{47ddc35 u-1 android.net.wifi.SCAN_RESULTS}) should be proxyed, target:(BroadcastFilter{de8d4dd 10692/u0 ReceiverList{e6f80b4 27969 com.tencent.mm/10692/u0 remote:3aea987}})
08-14 14:41:30.712  1644  1821 V BroadcastQueue: parallel background broadcast:(BroadcastRecord{47ddc35 u-1 android.net.wifi.SCAN_RESULTS}) should be proxyed, target:(BroadcastFilter{fcca0c8 10692/u0 ReceiverList{52ad6b 28342 com.tencent.mm:push/10692/u0 remote:e9a4aba}})
08-14 14:41:45.386 28042 19885 E ActivityThread: Failed to find provider info for com.platform.usercenter.vip
08-14 14:41:45.571  4646 11382 I Quality : SlowSQLite: /99224a8be70febe96ace61ae43c2ddb3/ cost= /551
08-14 14:42:14.388  1644  1821 D CompatibilityChangeReporter: Compat change id reported: 168419799; UID 10692; state: DISABLED
08-14 14:42:14.410  1644  5202 E OplusCustomizeRestrictionManagerService: isBiometricDisabled start
08-14 14:42:14.411  1644  3834 E OplusCustomizeRestrictionManagerService: isBiometricDisabled start
08-14 14:42:14.418  1644  2238 D CommSceneService: notify align tick changed state=1
08-14 14:42:14.418  1644  2238 D OSysNetControlService: handle comm scene=1006 state=1 phoneId=-1
08-14 14:42:14.467  1644  5208 D CompatibilityChangeReporter: Compat change id reported: 168419799; UID 1000; state: DISABLED
08-14 14:42:14.489  1644  5208 D CompatibilityChangeReporter: Compat change id reported: 171306433; UID 1000; state: ENABLED
08-14 14:42:14.490  1644  5208 D CompatibilityChangeReporter: Compat change id reported: 218533173; UID 1000; state: ENABLED
08-14 14:42:14.885  1644  2218 D CompatibilityChangeReporter: Compat change id reported: 161145287; UID 1000; state: DISABLED
08-14 14:42:15.887 28042 19885 E ActivityThread: Failed to find provider info for com.platform.usercenter.vip
08-14 14:42:20.667  1644  1808 D ProcessCpuTrackerExtImpl: mContext is already set, return now! 
08-14 14:42:28.520  1644  3835 D UsageStatsService: User[0] type=0 b=1755153135211 e=1755153748520 cb=1755138355694 ce=1755153735144 disk=0 all=1
08-14 14:42:30.858   667 21880 I keystore2: keystore2::watchdog: Watchdog thread idle -> terminating. Have a great day.
08-14 14:42:41.470  1644  1821 V BroadcastQueue: parallel background broadcast:(BroadcastRecord{71a7ede u-1 android.net.wifi.SCAN_RESULTS}) should be proxyed, target:(BroadcastFilter{bc11b95 10692/u0 ReceiverList{8a64f4c 27969 com.tencent.mm/10692/u0 remote:6cbb37f}})
08-14 14:42:41.471  1644  1821 V BroadcastQueue: parallel background broadcast:(BroadcastRecord{71a7ede u-1 android.net.wifi.SCAN_RESULTS}) should be proxyed, target:(BroadcastFilter{de8d4dd 10692/u0 ReceiverList{e6f80b4 27969 com.tencent.mm/10692/u0 remote:3aea987}})
08-14 14:42:41.471  1644  1821 V BroadcastQueue: parallel background broadcast:(BroadcastRecord{71a7ede u-1 android.net.wifi.SCAN_RESULTS}) should be proxyed, target:(BroadcastFilter{fcca0c8 10692/u0 ReceiverList{52ad6b 28342 com.tencent.mm:push/10692/u0 remote:e9a4aba}})
08-14 14:42:45.925 28042 19885 E ActivityThread: Failed to find provider info for com.platform.usercenter.vip
08-14 14:42:50.660  1644  3815 E OplusCustomizeRestrictionManagerService: getMobileDataMode error :s == null
08-14 14:42:50.663  1644  3815 E OplusCustomizeRestrictionManagerService: getMobileDataMode error :s == null
08-14 14:42:50.665  1644  3815 E OplusCustomizeRestrictionManagerService: getMobileDataMode error :s == null
08-14 14:42:56.184   667 22049 I keystore2: keystore2::watchdog: Watchdog thread idle -> terminating. Have a great day.
08-14 14:43:03.974  1644  1821 V BroadcastQueue: parallel background broadcast:(BroadcastRecord{ae5e024 u-1 android.net.wifi.SCAN_RESULTS}) should be proxyed, target:(BroadcastFilter{bc11b95 10692/u0 ReceiverList{8a64f4c 27969 com.tencent.mm/10692/u0 remote:6cbb37f}})
08-14 14:43:03.974  1644  1821 V BroadcastQueue: parallel background broadcast:(BroadcastRecord{ae5e024 u-1 android.net.wifi.SCAN_RESULTS}) should be proxyed, target:(BroadcastFilter{de8d4dd 10692/u0 ReceiverList{e6f80b4 27969 com.tencent.mm/10692/u0 remote:3aea987}})
08-14 14:43:03.975  1644  1821 V BroadcastQueue: parallel background broadcast:(BroadcastRecord{ae5e024 u-1 android.net.wifi.SCAN_RESULTS}) should be proxyed, target:(BroadcastFilter{fcca0c8 10692/u0 ReceiverList{52ad6b 28342 com.tencent.mm:push/10692/u0 remote:e9a4aba}})
08-14 14:43:06.998   667 22054 I keystore2: keystore2::watchdog: Watchdog thread idle -> terminating. Have a great day.
08-14 14:43:14.529  1644  2165 D OplusBroadcastSendController: isNeedSkipBatteryBroadcast: skip time out , not skip this battery broadcast
08-14 14:43:14.534  1644  1644 D OplusBrJobSchedulerService: in restriction white list com.oplus.battery action: android.intent.action.BATTERY_CHANGED
08-14 14:43:14.534  1644  1644 D OplusBrJobSchedulerService: in restriction white list com.oplus.battery action: android.intent.action.BATTERY_CHANGED
08-14 14:43:14.534  1644  1644 D OplusBrJobSchedulerService: in restriction white list com.oplus.battery action: android.intent.action.BATTERY_CHANGED
08-14 14:43:14.534  1644  1644 D OplusBrJobSchedulerService: in restriction white list com.tencent.mm action: android.intent.action.BATTERY_CHANGED
08-14 14:43:14.534  1644  1644 D OplusBrJobSchedulerService: in restriction white list com.tencent.mm action: android.intent.action.BATTERY_CHANGED
08-14 14:43:14.534  1644  1644 D OplusBrJobSchedulerService: in restriction white list com.tencent.mm action: android.intent.action.BATTERY_CHANGED
08-14 14:43:14.534  1644  1644 D OplusBrJobSchedulerService: in restriction white list com.tencent.mm action: android.intent.action.BATTERY_CHANGED
08-14 14:43:14.534  1644  1644 D OplusBrJobSchedulerService: in restriction white list com.oplus.location action: android.intent.action.BATTERY_CHANGED
08-14 14:43:14.539  1644  1830 D BatteryStatsImplExtImpl: updateDevicePowerDetails
08-14 14:43:14.543  1644  1830 D OplusRpmSubsystemManager: battery drained... 
08-14 14:43:14.545  1644  1830 D RpmAidlManager: getPowerStateSubsystemSleepStateListMethod return code: 0
08-14 14:43:14.546  1644  1830 D OplusRpmSubsystemManager: measureOplusRpmMasterStatsDelta... 
08-14 14:43:14.546  1644  1830 D OplusRpmSubsystemManager: elapsedRealTimeDelta :3931821
08-14 14:43:14.546  1644  1830 D OplusRpmSubsystemManager: mRpmSuspendRatioSummay: [APSS:62.08,MPSS:96.93,VMIN:53.55]
08-14 14:43:14.547  1644  1830 D BatteryStatsImplExtImpl: PowerDetails: time=2025-08-14-14-43-14, top=com.android.launcher.Launcher, ref_counts=2442508, ref_mode=0, brightness=0, refs_per_sec=0.0, modem_txTimeMs=[0, 0, 0, 0, 0], traffic=[0,0,0,0], ctr_drain=[0.335,0,0,0], rpmstat=[APSS:66.24,MPSS:97.22,VMIN:56.30], sap=false, audio=[spk:0, headset:0]
08-14 14:43:14.547  1644  1830 D BatteryStatsImplExtImpl: , modem=[activity:SettleObj{ what=LO date=08-14 14:01:08.405 duration=3600 screenOnRatio=0 screenOffRatio=100.00 power=21 current=40.00 networkType=WIFI dataNetworkType=0 signalStrength=0 aodState=0 softAp=false charge=false simCount=0 defaultPhone=-1 apssSleepC=0 apssSleepRatio=0 mpssSleepC=0 mpssSleepRatio=0 vminSleepC=0 vminSleepRatio=0 modemPowermA[]=[0,0,0] sleepRatio=97.11 idleRatio=2.88 rxRatio=0 5gRxRatio=0.00 txSumRatio=0 mtkTxRatio[]=[0,0,0,0,0,0,0,0] mtk5gTxRatio[]=[0,0,0,0,0,0,0,0] rrcConn10sC[]=[0, 0] rrcConn20sC[]=[0, 0] rrcConnMore20sC[]=[0, 0] rrcConnC[]=[0, 0] csChangedC[]=[0, 0] psChangedC[]=[0, 0] nwSrchC[]=[0, 0] nwSrchRatio[]=[0,0] lteRrcConnRatio[]=[0,0] psRegRatio[]=[0,0] csRegRatio[]=[0,0] psNoRegRatio[]=[0,0] csNoRegRatio[]=[0,0] sigGrid0Ratio[]=[0,0] endcActRatio[]=[0,0] allWakeupC={Modem=0, Qrtr=0, WiFi=0, Mpss=0, TCPInput=146, TCPOutput=16, TCPInputRetrans=0, TCPOutputRetrans=0} appInWakeupC={com.sdu.didi.gsui=135, com.heytap.mcs=5, com.heytap.market=5, com.tencent.mm=1} appOutWakeupC={com.sdu.didi.gsui=10, com.tencent.mm=3, com.heytap.mcs=1, com.heytap.market=1, null=1} appWakeupRatio={} appTrafficC={com.sdu.didi.gsui=1874496, com.tencent.mm=138209, com.heytap.market=95937, com.heytap.themestore=200} saRrcConn10sC[]=[0, 0] saRrcConn20sC[]=[0, 0] saRrcConnMore20sC[]=[0, 0] saRrcConnC[]=[0, 0] saRrcConnRatio[]=[0,0] sigGridSim0Ratio[]=[0,0,0,0,0] sigGridSim1Ratio[]=[0,0,0,0,0] lteNrSigGridSim0Ratio[]=[0,0,0,0,0,0,0,0,0,0] lteNrSigGridSim1Ratio[]=[0,0,0,0,0,0,0,0,0,0] cellUpdateC[]=[0, 0] hoC[]=[0, 0] reselC[]=[0, 0] redirectC[]=[0, 0] iRatC[]=[0, 0] iRhoC[]=[0, 0] iRreselC[]=[0, 0] iRredirectC[]=[0, 0] luC[]=[0, 0] rauC[]=[0, 0] guC[]=[0, 0] lteTauC[]=[0, 0] lteAttachC[]=[0, 0] pdnConC[]=[0, 0] eRrcCauseSim0C[]=[0, 0, 0, 0, 0, 0, 0] eRrcCauseSim1C[]=[0, 0, 0, 0, 0, 0, 0] nRrcCauseSim0C[]=[0, 0, 0, 0, 0, 0, 0, 0, 0, 0] nRrcCauseSim1C[]=[0, 0, 0, 0, 0, 0, 0, 0, 0, 0] saRachC[]=[0, 0] saRlfC[]=[0, 0] saReestabC[]=[0, 0] mLteRrcConnRatio[]=[0,0] rrcConnC[]=[0, 0] lteCdrxCfgRatio[]=[0,0] lteCdrxActRatio[]=[0,0] eDlLayerSim0Ratio[]=[0,0,0,0] eDlLayerSim1Ratio[]=[0,0,0,0] lteCaRatio[]=[0,0] saRrcConnRatio[]=[0,0] endcActRatio[]=[0,0] saRrcConnC[]=[0, 0] nrCdrxCfgRatio[]=[0,0] nrCdrxActRatio[]=[0,0] nUlDlLayerSim0Ratio[]=[0,0,0,0,0,0,0,0] nUlDlLayerSim1Ratio[]=[0,0,0,0,0,0,0,0] nrCaRatio[]=[0,0] nBwpSim0Ratio[]=[0,0,0,0,0,0,0,0,0,0] nBwpSim1Ratio[]=[0,0,0,0,0,0,0,0,0,0] dsdsRatio[]=[0,0] drdsdsRatio[]=[0,0] dsdaRatio[]=[0,0] drdsdaRatio[]=[0,0]}]
08-14 14:43:14.547  1644  1830 D BatteryStatsImplExtImpl: , endc=0
08-14 14:43:14.594  3948  4376 W ContextImpl: Calling a method in the system process without a qualified user: android.app.ContextImpl.sendBroadcast:1319 android.content.ContextWrapper.sendBroadcast:559 v7.d.G:12 c4.a.k:12 c4.a.execute:28 
08-14 14:43:14.607  1644  1644 D OplusRpmStatsTracker: Battery drained...  PreBatteryLevel=21  BatteryLevel=20
08-14 14:43:14.608  1644  1644 D OplusPowerMonitor: BATTERY DRAINED ... PreBatteryLevel=21 BatteryLevel=20 StepCurrent=41.00053638858645 Threshold:60.0 suspendRatio=58.214511939653825
08-14 14:43:14.608  1644  1644 D OplusPowerMonitor: HasCatchSnapshotLog:false
08-14 14:43:14.612  1644  2022 D OplusRpmStatsTracker: triggerUpdate waitUntilUpdated=true reason=battery_level UseRpmhAidlV1=true
08-14 14:43:14.613  1644  3815 D CompatibilityChangeReporter: Compat change id reported: 161145287; UID 10692; state: DISABLED
08-14 14:43:14.625  1644  2022 D OplusRpmStatsTracker: { APSS:1 MPSS:1 MODEM:1 ADSP:0 CDSP:0 TZ:0 SLPI:0 SLPI_ISLAND:0 VMIN:1 AOSD:1 VLOW:0 CXSD:0 26M:1 AP:1 MD:1  }
08-14 14:43:14.626  1644  2022 D OplusRpmStatsTracker: time:2025-08-14 14:43:14 APSS:{3819012:758152101} MPSS:{1197673:860063672} ADSP:{0:0} CDSP:{0:0} TZ:{0:0} SLPI:{0:0} SLPLAND:{0:0} VMIN:{3776767:691475170} VLOW:{0:0} 
08-14 14:43:14.626  1644  2022 D OplusRpmStatsTracker: measureOplusRpmStatsSuspendRatio... 
08-14 14:43:14.626  1644  2022 D OplusRpmStatsTracker: delta time:3931856
08-14 14:43:14.626  1644  2022 D OplusRpmStatsTracker: last    time:2025-08-14 13:37:42 APSS:{3754015:755711348} MPSS:{1191219:856252396} ADSP:{0:0} CDSP:{0:0} TZ:{0:0} SLPI:{0:0} SLPLAND:{0:0} VMIN:{3768410:689369754} VLOW:{0:0} 
08-14 14:43:14.626  1644  2022 D OplusRpmStatsTracker: current time:2025-08-14 14:43:14 APSS:{3819012:758152101} MPSS:{1197673:860063672} ADSP:{0:0} CDSP:{0:0} TZ:{0:0} SLPI:{0:0} SLPLAND:{0:0} VMIN:{3776767:691475170} VLOW:{0:0} 
08-14 14:43:14.627  1644  2022 D OplusRpmStatsTracker: delta values:time:2025-08-14 14:43:14 APSS:{64997:2440753} MPSS:{6454:3811276} ADSP:{0:0} CDSP:{0:0} TZ:{0:0} SLPI:{0:0} SLPLAND:{0:0} VMIN:{8357:2105416} VLOW:{0:0} 
08-14 14:43:14.627  1644  2022 D OplusRpmStatsTracker: { APSS:1 MPSS:1 MODEM:1 ADSP:0 CDSP:0 TZ:0 SLPI:0 SLPI_ISLAND:0 VMIN:1 AOSD:1 VLOW:0 CXSD:0 26M:1 AP:1 MD:1  }
08-14 14:43:14.627  1644  2022 D OplusRpmStatsTracker: ApssSuspendRatio:62.076357832026396  MpssSuspendRatio:96.9332549310046  AdspSuspendRatio:100.0 CdspSuspendRatio:100.0 TzSuspendRatio:100.0  VminSuspendRatio:53.54763755335903  VlowSuspendRatio:100.0  SlpiSuspendRatio:100.0  SlplandSuspendRatio:100.0
08-14 14:43:14.645  1644  2070 I OplusStorageManagerFeature: TmemoryBetterySwitch: level=20 state=2
08-14 14:43:14.645  1644  2070 I OplusStorageManagerFeature: TmemoryBetterySwitch: action=0 state=2
08-14 14:43:14.646  1644  1644 D JobScheduler.BattIdle: mPowerIncrease set true.
08-14 14:43:14.646  1644  1644 W JobScheduler.BattIdle: mPluged = false, but BatteryLevel is increase!
08-14 14:43:14.753  1644  1808 D ProcessCpuTrackerExtImpl: mContext is already set, return now! 
08-14 14:43:14.831  1644  3815 D OplusFullScreenDisplayManager: adjustWindowParamsLw: com.android.systemui, change system app cutoutMode: oplus always
08-14 14:43:14.837  1644  3815 I WindowManager: addWindow: New client android.os.BinderProxy@c11fcf9 : window=Window{fca29f u0 com.android.systemui}
08-14 14:43:14.838   979   979 I Quality : SFJankCountInfo: 277;1;0-0-0-0-0-0-0-0;1-0-0-0-0-0-0-0;2-0-1-0-0-0-0-0;3-0-0-0-0-0-0-0;4-0-0-0-0-0-0-0;5-0-0-0-0-0-0-0;6-0-0-0-0-0-0-0;7-0-0-0-0-0-0-0;8-0-0-0-0-0-0-0;9-0-0-0-0-0-0-0;
08-14 14:43:14.842  1644  3815 D CoreBackPreview: Window{fca29f u0 com.android.systemui}: Setting back callback OnBackInvokedCallbackInfo{mCallback=android.window.IOnBackInvokedCallback$Stub$Proxy@bec6fb5, mPriority=0}
08-14 14:43:14.865  1644  3815 D OplusFullScreenDisplayManager: adjustWindowParamsLw: com.android.systemui, change system app cutoutMode: oplus always
08-14 14:43:14.865  1644  3815 V WindowManager: Relayout Window{fca29f u0 com.android.systemui}: viewVisibility=0, oldvis=0, req=1080x827
08-14 14:43:14.865  1644  3815 I WindowManager: Window{fca29f u0 com.android.systemui} state from NO_SURFACE to DRAW_PENDING; reason: resetDrawState
08-14 14:43:14.910  1644  3815 I WindowManager: Window{fca29f u0 com.android.systemui} state from DRAW_PENDING to COMMIT_DRAW_PENDING; reason: finishDrawingLocked
08-14 14:43:14.910  1644  3815 D WindowManager: finishDrawingLocked forceApplyNow=false,2,Window{fca29f u0 com.android.systemui}
08-14 14:43:14.918  1644  1791 I WindowManager: Window{fca29f u0 com.android.systemui} state from COMMIT_DRAW_PENDING to READY_TO_SHOW; reason: commitFinishDrawingLocked
08-14 14:43:15.009  1644  2147 D CompatibilityChangeReporter: Compat change id reported: 157233955; UID 1000; state: ENABLED
08-14 14:43:15.957 28042 19885 E ActivityThread: Failed to find provider info for com.platform.usercenter.vip
08-14 14:43:33.589  1644  1787 D PowerManagerServiceExtImpl: Acquiring suspend blocker "PowerManagerService.WakeLocks"  took 40 ms
08-14 14:43:51.193 28042 19885 E ActivityThread: Failed to find provider info for com.platform.usercenter.vip
08-14 14:44:21.252  1644  1821 V BroadcastQueue: parallel background broadcast:(BroadcastRecord{959de08 u-1 android.net.wifi.SCAN_RESULTS}) should be proxyed, target:(BroadcastFilter{bc11b95 10692/u0 ReceiverList{8a64f4c 27969 com.tencent.mm/10692/u0 remote:6cbb37f}})
08-14 14:44:21.252  1644  1821 V BroadcastQueue: parallel background broadcast:(BroadcastRecord{959de08 u-1 android.net.wifi.SCAN_RESULTS}) should be proxyed, target:(BroadcastFilter{de8d4dd 10692/u0 ReceiverList{e6f80b4 27969 com.tencent.mm/10692/u0 remote:3aea987}})
08-14 14:44:21.252  1644  1821 V BroadcastQueue: parallel background broadcast:(BroadcastRecord{959de08 u-1 android.net.wifi.SCAN_RESULTS}) should be proxyed, target:(BroadcastFilter{fcca0c8 10692/u0 ReceiverList{52ad6b 28342 com.tencent.mm:push/10692/u0 remote:e9a4aba}})
08-14 14:44:21.718 28042 19885 E ActivityThread: Failed to find provider info for com.platform.usercenter.vip
08-14 14:44:37.812  1644  1787 D PowerManagerServiceExtImpl: Acquiring suspend blocker "PowerManagerService.WakeLocks"  took 40 ms
08-14 14:44:54.196 28042 19885 E ActivityThread: Failed to find provider info for com.platform.usercenter.vip
08-14 14:44:56.159  1644  1821 V BroadcastQueue: parallel background broadcast:(BroadcastRecord{135123 u-1 android.net.wifi.SCAN_RESULTS}) should be proxyed, target:(BroadcastFilter{bc11b95 10692/u0 ReceiverList{8a64f4c 27969 com.tencent.mm/10692/u0 remote:6cbb37f}})
08-14 14:44:56.159  1644  1821 V BroadcastQueue: parallel background broadcast:(BroadcastRecord{135123 u-1 android.net.wifi.SCAN_RESULTS}) should be proxyed, target:(BroadcastFilter{de8d4dd 10692/u0 ReceiverList{e6f80b4 27969 com.tencent.mm/10692/u0 remote:3aea987}})
08-14 14:44:56.160  1644  1821 V BroadcastQueue: parallel background broadcast:(BroadcastRecord{135123 u-1 android.net.wifi.SCAN_RESULTS}) should be proxyed, target:(BroadcastFilter{fcca0c8 10692/u0 ReceiverList{52ad6b 28342 com.tencent.mm:push/10692/u0 remote:e9a4aba}})
08-14 14:45:10.930  1644  1787 D PowerManagerServiceExtImpl: Acquiring suspend blocker "PowerManagerService.WakeLocks"  took 14783 ms
08-14 14:45:10.934 21422 21422 I Quality : SlowBinder: com.oplus.location to android.location.ILocationManager cost= 207 code= 47
08-14 14:45:10.936  1644  1787 W Looper  : Slow dispatch took 228ms android.fg h=android.os.Handler c=com.android.server.location.provider.StationaryThrottlingLocationProvider$DeliverLastLocationRunnable@594f37f m=0
08-14 14:45:11.266  4646 11382 I Quality : SlowSQLite: /99224a8be70febe96ace61ae43c2ddb3/ cost= /528
08-14 14:45:11.360  1644  3815 D PowerManagerServiceExtImpl: Acquiring suspend blocker "PowerManagerService.WakeLocks"  took 130 ms
08-14 14:45:31.246 20962 23711 W ContextImpl: Calling a method in the system process without a qualified user: android.app.ContextImpl.bindService:1970 android.content.ContextWrapper.bindService:863 com.heytap.mcs.biz.message.s.e:8 com.heytap.mcs.biz.message.s.z:11 com.heytap.mcs.biz.message.parser.f$a.run:71 
08-14 14:45:31.254  1644  5152 D CompatibilityChangeReporter: Compat change id reported: 135634846; UID 1000; state: DISABLED
08-14 14:45:31.255  1644  5152 D CompatibilityChangeReporter: Compat change id reported: 177438394; UID 1000; state: DISABLED
08-14 14:45:31.255  1644  5152 D CompatibilityChangeReporter: Compat change id reported: 135772972; UID 1000; state: DISABLED
08-14 14:45:31.256  1644  5152 D CompatibilityChangeReporter: Compat change id reported: 135754954; UID 1000; state: ENABLED
08-14 14:45:31.298 28042 19885 E ActivityThread: Failed to find provider info for com.platform.usercenter.vip
08-14 14:45:31.299  1644  1816 I ActivityManager: Start proc 22433:com.heytap.mcs.statistics/1000 for content provider {com.heytap.mcs/com.heytap.mcs.biz.statistics.provider.StatisticsContentProvider}
08-14 14:45:31.300  1644  1816 W ContextImpl: Calling a method in the system process without a qualified user: android.app.ContextImpl.sendBroadcast:1193 com.android.server.am.OplusAppStartupConfig.sendAbnormalNotify:1554 com.android.server.am.OplusAppStartupConfig.notifyAbnormalInfo:1487 com.android.server.am.OplusAppStartupManager.handleStartAppInfo:5072 com.android.server.am.ProcessListExtImpl.hookHandleProcessStart:239 
08-14 14:45:31.349  1644  1816 W ActivityManager: Slow operation: 89ms so far, now at startProcess: returned from zygote!
08-14 14:45:31.351  1644  1816 W ActivityManager: Slow operation: 91ms so far, now at startProcess: done updating battery stats
08-14 14:45:31.351  1644  1816 W ActivityManager: Slow operation: 91ms so far, now at startProcess: building log message
08-14 14:45:31.351  1644  1816 I ActivityManager: Start proc 22461:com.heytap.mcs.biz.message/1000 for service {com.heytap.mcs/com.heytap.mcs.biz.message.MessageDealService}
08-14 14:45:31.351  1644  1816 W ActivityManager: Slow operation: 91ms so far, now at startProcess: starting to update pids map
08-14 14:45:31.351  1644  1816 W ActivityManager: Slow operation: 92ms so far, now at startProcess: done updating pids map
08-14 14:45:31.821  1644  1644 I OplusStatusBarManagerServiceEnhance:  getTopIsFullscreen mTopIsFullscreen: false
08-14 14:45:31.833  1644  1644 W NotificationHistory: Attempted to add notif for locked/gone/disabled user 0
08-14 14:45:31.872  1644  1644 I OplusStatusBarManagerServiceEnhance:  getTopIsFullscreen mTopIsFullscreen: false
08-14 14:45:34.635  1644  1821 V BroadcastQueue: parallel background broadcast:(BroadcastRecord{ee603ae u-1 android.net.wifi.SCAN_RESULTS}) should be proxyed, target:(BroadcastFilter{bc11b95 10692/u0 ReceiverList{8a64f4c 27969 com.tencent.mm/10692/u0 remote:6cbb37f}})
08-14 14:45:34.636  1644  1821 V BroadcastQueue: parallel background broadcast:(BroadcastRecord{ee603ae u-1 android.net.wifi.SCAN_RESULTS}) should be proxyed, target:(BroadcastFilter{de8d4dd 10692/u0 ReceiverList{e6f80b4 27969 com.tencent.mm/10692/u0 remote:3aea987}})
